Archive member included to satisfy reference by file (symbol)

d:/environment variable/gnu arm embedded toolchain/10 2021.10/bin/../lib/gcc/arm-none-eabi/10.3.1/thumb/v7e-m/nofp\libgcc.a(_arm_addsubdf3.o)
                              CMakeFiles/i2c_eeprom.elf.dir/Bsp/USART_CONTROL/bsp_usart_control.c.obj (__aeabi_ui2d)
d:/environment variable/gnu arm embedded toolchain/10 2021.10/bin/../lib/gcc/arm-none-eabi/10.3.1/thumb/v7e-m/nofp\libgcc.a(_arm_fixunsdfsi.o)
                              CMakeFiles/i2c_eeprom.elf.dir/Bsp/USART_CONTROL/bsp_usart_control.c.obj (__aeabi_d2uiz)
d:/environment variable/gnu arm embedded toolchain/10 2021.10/bin/../lib/gcc/arm-none-eabi/10.3.1/thumb/v7e-m/nofp\libgcc.a(_aeabi_uldivmod.o)
                              CMakeFiles/i2c_eeprom.elf.dir/Drivers/STM32F4xx_HAL_Driver/Src/stm32f4xx_hal_rcc.c.obj (__aeabi_uldivmod)
d:/environment variable/gnu arm embedded toolchain/10 2021.10/bin/../lib/gcc/arm-none-eabi/10.3.1/thumb/v7e-m/nofp\libgcc.a(_udivmoddi4.o)
                              d:/environment variable/gnu arm embedded toolchain/10 2021.10/bin/../lib/gcc/arm-none-eabi/10.3.1/thumb/v7e-m/nofp\libgcc.a(_aeabi_uldivmod.o) (__udivmoddi4)
d:/environment variable/gnu arm embedded toolchain/10 2021.10/bin/../lib/gcc/arm-none-eabi/10.3.1/thumb/v7e-m/nofp\libgcc.a(_dvmd_tls.o)
                              d:/environment variable/gnu arm embedded toolchain/10 2021.10/bin/../lib/gcc/arm-none-eabi/10.3.1/thumb/v7e-m/nofp\libgcc.a(_aeabi_uldivmod.o) (__aeabi_ldiv0)
d:/environment variable/gnu arm embedded toolchain/10 2021.10/bin/../lib/gcc/arm-none-eabi/10.3.1/../../../../arm-none-eabi/lib/thumb/v7e-m/nofp\libc.a(lib_a-errno.o)
                              CMakeFiles/i2c_eeprom.elf.dir/Core/Src/syscalls.c.obj (__errno)
d:/environment variable/gnu arm embedded toolchain/10 2021.10/bin/../lib/gcc/arm-none-eabi/10.3.1/../../../../arm-none-eabi/lib/thumb/v7e-m/nofp\libc.a(lib_a-exit.o)
                              d:/environment variable/gnu arm embedded toolchain/10 2021.10/bin/../lib/gcc/arm-none-eabi/10.3.1/../../../../arm-none-eabi/lib/thumb/v7e-m/nofp/crt0.o (exit)
d:/environment variable/gnu arm embedded toolchain/10 2021.10/bin/../lib/gcc/arm-none-eabi/10.3.1/../../../../arm-none-eabi/lib/thumb/v7e-m/nofp\libc.a(lib_a-impure.o)
                              d:/environment variable/gnu arm embedded toolchain/10 2021.10/bin/../lib/gcc/arm-none-eabi/10.3.1/../../../../arm-none-eabi/lib/thumb/v7e-m/nofp\libc.a(lib_a-exit.o) (_global_impure_ptr)
d:/environment variable/gnu arm embedded toolchain/10 2021.10/bin/../lib/gcc/arm-none-eabi/10.3.1/../../../../arm-none-eabi/lib/thumb/v7e-m/nofp\libc.a(lib_a-init.o)
                              d:/environment variable/gnu arm embedded toolchain/10 2021.10/bin/../lib/gcc/arm-none-eabi/10.3.1/../../../../arm-none-eabi/lib/thumb/v7e-m/nofp/crt0.o (__libc_init_array)
d:/environment variable/gnu arm embedded toolchain/10 2021.10/bin/../lib/gcc/arm-none-eabi/10.3.1/../../../../arm-none-eabi/lib/thumb/v7e-m/nofp\libc.a(lib_a-memset.o)
                              d:/environment variable/gnu arm embedded toolchain/10 2021.10/bin/../lib/gcc/arm-none-eabi/10.3.1/../../../../arm-none-eabi/lib/thumb/v7e-m/nofp/crt0.o (memset)
d:/environment variable/gnu arm embedded toolchain/10 2021.10/bin/../lib/gcc/arm-none-eabi/10.3.1/../../../../arm-none-eabi/lib/thumb/v7e-m/nofp\libc.a(lib_a-printf.o)
                              CMakeFiles/i2c_eeprom.elf.dir/Bsp/AT24C02_I2C/bsp_at24c02_i2c.c.obj (printf)
d:/environment variable/gnu arm embedded toolchain/10 2021.10/bin/../lib/gcc/arm-none-eabi/10.3.1/../../../../arm-none-eabi/lib/thumb/v7e-m/nofp\libc.a(lib_a-puts.o)
                              CMakeFiles/i2c_eeprom.elf.dir/Bsp/USART_CONTROL/bsp_usart_control.c.obj (puts)
d:/environment variable/gnu arm embedded toolchain/10 2021.10/bin/../lib/gcc/arm-none-eabi/10.3.1/../../../../arm-none-eabi/lib/thumb/v7e-m/nofp\libc.a(lib_a-strlen.o)
                              CMakeFiles/i2c_eeprom.elf.dir/Bsp/AT24C02_I2C/bsp_at24c02_i2c.c.obj (strlen)
d:/environment variable/gnu arm embedded toolchain/10 2021.10/bin/../lib/gcc/arm-none-eabi/10.3.1/../../../../arm-none-eabi/lib/thumb/v7e-m/nofp\libc.a(lib_a-strstr.o)
                              CMakeFiles/i2c_eeprom.elf.dir/Bsp/USART_CONTROL/bsp_usart_control.c.obj (strstr)
d:/environment variable/gnu arm embedded toolchain/10 2021.10/bin/../lib/gcc/arm-none-eabi/10.3.1/../../../../arm-none-eabi/lib/thumb/v7e-m/nofp\libc.a(lib_a-vfprintf.o)
                              d:/environment variable/gnu arm embedded toolchain/10 2021.10/bin/../lib/gcc/arm-none-eabi/10.3.1/../../../../arm-none-eabi/lib/thumb/v7e-m/nofp\libc.a(lib_a-printf.o) (_vfprintf_r)
d:/environment variable/gnu arm embedded toolchain/10 2021.10/bin/../lib/gcc/arm-none-eabi/10.3.1/../../../../arm-none-eabi/lib/thumb/v7e-m/nofp\libc.a(lib_a-wsetup.o)
[...]
Memory Configuration

Name             Origin             Length             Attributes
RAM              0x20000000         0x00020000         xrw
CCMRAM           0x10000000         0x00010000         xrw
FLASH            0x08000000         0x00100000         xr
*default*        0x00000000         0xffffffff

Linker script and memory map

LOAD d:/environment variable/gnu arm embedded toolchain/10 2021.10/bin/../lib/gcc/arm-none-eabi/10.3.1/thumb/v7e-m/nofp/crti.o
LOAD d:/environment variable/gnu arm embedded toolchain/10 2021.10/bin/../lib/gcc/arm-none-eabi/10.3.1/thumb/v7e-m/nofp/crtbegin.o
LOAD d:/environment variable/gnu arm embedded toolchain/10 2021.10/bin/../lib/gcc/arm-none-eabi/10.3.1/../../../../arm-none-eabi/lib/thumb/v7e-m/nofp/crt0.o
LOAD CMakeFiles/i2c_eeprom.elf.dir/Bsp/AT24C02_I2C/bsp_at24c02_i2c.c.obj
LOAD CMakeFiles/i2c_eeprom.elf.dir/Bsp/USART_CONTROL/bsp_usart_control.c.obj
LOAD CMakeFiles/i2c_eeprom.elf.dir/Core/Src/gpio.c.obj
LOAD CMakeFiles/i2c_eeprom.elf.dir/Core/Src/i2c.c.obj
LOAD CMakeFiles/i2c_eeprom.elf.dir/Core/Src/main.c.obj
LOAD CMakeFiles/i2c_eeprom.elf.dir/Core/Src/stm32f4xx_hal_msp.c.obj
LOAD CMakeFiles/i2c_eeprom.elf.dir/Core/Src/stm32f4xx_it.c.obj
LOAD CMakeFiles/i2c_eeprom.elf.dir/Core/Src/syscalls.c.obj
LOAD CMakeFiles/i2c_eeprom.elf.dir/Core/Src/system_stm32f4xx.c.obj
LOAD CMakeFiles/i2c_eeprom.elf.dir/Core/Src/usart.c.obj
LOAD CMakeFiles/i2c_eeprom.elf.dir/Drivers/STM32F4xx_HAL_Driver/Src/stm32f4xx_hal.c.obj
LOAD CMakeFiles/i2c_eeprom.elf.dir/Drivers/STM32F4xx_HAL_Driver/Src/stm32f4xx_hal_cortex.c.obj
LOAD CMakeFiles/i2c_eeprom.elf.dir/Drivers/STM32F4xx_HAL_Driver/Src/stm32f4xx_hal_dma.c.obj
LOAD CMakeFiles/i2c_eeprom.elf.dir/Drivers/STM32F4xx_HAL_Driver/Src/stm32f4xx_hal_dma_ex.c.obj
LOAD CMakeFiles/i2c_eeprom.elf.dir/Drivers/STM32F4xx_HAL_Driver/Src/stm32f4xx_hal_exti.c.obj
LOAD CMakeFiles/i2c_eeprom.elf.dir/Drivers/STM32F4xx_HAL_Driver/Src/stm32f4xx_hal_flash.c.obj
LOAD CMakeFiles/i2c_eeprom.elf.dir/Drivers/STM32F4xx_HAL_Driver/Src/stm32f4xx_hal_flash_ex.c.obj
LOAD CMakeFiles/i2c_eeprom.elf.dir/Drivers/STM32F4xx_HAL_Driver/Src/stm32f4xx_hal_flash_ramfunc.c.obj
LOAD CMakeFiles/i2c_eeprom.elf.dir/Drivers/STM32F4xx_HAL_Driver/Src/stm32f4xx_hal_gpio.c.obj
LOAD CMakeFiles/i2c_eeprom.elf.dir/Drivers/STM32F4xx_HAL_Driver/Src/stm32f4xx_hal_i2c.c.obj
LOAD CMakeFiles/i2c_eeprom.elf.dir/Drivers/STM32F4xx_HAL_Driver/Src/stm32f4xx_hal_i2c_ex.c.obj
LOAD CMakeFiles/i2c_eeprom.elf.dir/Drivers/STM32F4xx_HAL_Driver/Src/stm32f4xx_hal_pwr.c.obj
LOAD CMakeFiles/i2c_eeprom.elf.dir/Drivers/STM32F4xx_HAL_Driver/Src/stm32f4xx_hal_pwr_ex.c.obj
LOAD CMakeFiles/i2c_eeprom.elf.dir/Drivers/STM32F4xx_HAL_Driver/Src/stm32f4xx_hal_rcc.c.obj
LOAD CMakeFiles/i2c_eeprom.elf.dir/Drivers/STM32F4xx_HAL_Driver/Src/stm32f4xx_hal_rcc_ex.c.obj
LOAD CMakeFiles/i2c_eeprom.elf.dir/Drivers/STM32F4xx_HAL_Driver/Src/stm32f4xx_hal_tim.c.obj
LOAD CMakeFiles/i2c_eeprom.elf.dir/Drivers/STM32F4xx_HAL_Driver/Src/stm32f4xx_hal_tim_ex.c.obj
LOAD CMakeFiles/i2c_eeprom.elf.dir/Drivers/STM32F4xx_HAL_Driver/Src/stm32f4xx_hal_uart.c.obj
LOAD CMakeFiles/i2c_eeprom.elf.dir/startup/startup_stm32f407xx.s.obj
START GROUP
LOAD d:/environment variable/gnu arm embedded toolchain/10 2021.10/bin/../lib/gcc/arm-none-eabi/10.3.1/thumb/v7e-m/nofp\libgcc.a
LOAD d:/environment variable/gnu arm embedded toolchain/10 2021.10/bin/../lib/gcc/arm-none-eabi/10.3.1/../../../../arm-none-eabi/lib/thumb/v7e-m/nofp\libc.a
END GROUP
LOAD d:/environment variable/gnu arm embedded toolchain/10 2021.10/bin/../lib/gcc/arm-none-eabi/10.3.1/thumb/v7e-m/nofp/crtend.o
LOAD d:/environment variable/gnu arm embedded toolchain/10 2021.10/bin/../lib/gcc/arm-none-eabi/10.3.1/thumb/v7e-m/nofp/crtn.o
                0x20020000                _estack = (ORIGIN (RAM) + LENGTH (RAM))
                0x00000200                _Min_Heap_Size = 0x200
                0x00000400                _Min_Stack_Size = 0x400

.isr_vector     0x08000000      0x188
                0x08000000                . = ALIGN (0x4)
 *(.isr_vector)
 .isr_vector    0x08000000      0x188 CMakeFiles/i2c_eeprom.elf.dir/startup/startup_stm32f407xx.s.obj
                0x08000000                g_pfnVectors
                0x08000188                . = ALIGN (0x4)

.text           0x080001c0     0xa7b4
                0x080001c0                . = ALIGN (0x4)
 *(.text)
 .text          0x080001c0       0x40 d:/environment variable/gnu arm embedded toolchain/10 2021.10/bin/../lib/gcc/arm-none-eabi/10.3.1/thumb/v7e-m/nofp/crtbegin.o
 .text          0x08000200      0x378 d:/environment variable/gnu arm embedded toolchain/10 2021.10/bin/../lib/gcc/arm-none-eabi/10.3.1/thumb/v7e-m/nofp\libgcc.a(_arm_addsubdf3.o)
                0x08000200                __aeabi_drsub
                0x08000208                __aeabi_dsub
                0x08000208                __subdf3
                0x0800020c                __aeabi_dadd
                0x0800020c                __adddf3
                0x08000484                __floatunsidf
                0x08000484                __aeabi_ui2d
                0x080004a4                __floatsidf
                0x080004a4                __aeabi_i2d
                0x080004c8                __aeabi_f2d
                0x080004c8                __extendsfdf2
                0x0800050c                __floatundidf
                0x0800050c                __aeabi_ul2d
                0x0800051c                __floatdidf
                0x0800051c                __aeabi_l2d
 .text          0x08000578       0x40 d:/environment variable/gnu arm embedded toolchain/10 2021.10/bin/../lib/gcc/arm-none-eabi/10.3.1/thumb/v7e-m/nofp\libgcc.a(_arm_fixunsdfsi.o)
                0x08000578                __aeabi_d2uiz
                0x08000578                __fixunsdfsi
 .text          0x080005b8       0x30 d:/environment variable/gnu arm embedded toolchain/10 2021.10/bin/../lib/gcc/arm-none-eabi/10.3.1/thumb/v7e-m/nofp\libgcc.a(_aeabi_uldivmod.o)
                0x080005b8                __aeabi_uldivmod
 .text          0x080005e8      0x2d0 d:/environment variable/gnu arm embedded toolchain/10 2021.10/bin/../lib/gcc/arm-none-eabi/10.3.1/thumb/v7e-m/nofp\libgcc.a(_udivmoddi4.o)
                0x080005e8                __udivmoddi4
 .text          0x080008b8        0x4 d:/environment variable/gnu arm embedded toolchain/10 2021.10/bin/../lib/gcc/arm-none-eabi/10.3.1/thumb/v7e-m/nofp\libgcc.a(_dvmd_tls.o)
                0x080008b8                __aeabi_idiv0
                0x080008b8                __aeabi_ldiv0
 *fill*         0x080008bc        0x4 
 .text          0x080008c0       0xdc d:/environment variable/gnu arm embedded toolchain/10 2021.10/bin/../lib/gcc/arm-none-eabi/10.3.1/../../../../arm-none-eabi/lib/thumb/v7e-m/nofp\libc.a(lib_a-strlen.o)
                0x080008c0                strlen
 *fill*         0x0800099c        0x4 
 .text          0x080009a0       0xa0 d:/environment variable/gnu arm embedded toolchain/10 2021.10/bin/../lib/gcc/arm-none-eabi/10.3.1/../../../../arm-none-eabi/lib/thumb/v7e-m/nofp\libc.a(lib_a-memchr.o)
                0x080009a0                memchr
 .text          0x08000a40      0x134 d:/environment variable/gnu arm embedded toolchain/10 2021.10/bin/../lib/gcc/arm-none-eabi/10.3.1/../../../../arm-none-eabi/lib/thumb/v7e-m/nofp\libc.a(lib_a-memcpy.o)
                0x08000a40                memcpy
 .text          0x08000b74      0x424 d:/environment variable/gnu arm embedded toolchain/10 2021.10/bin/../lib/gcc/arm-none-eabi/10.3.1/thumb/v7e-m/nofp\libgcc.a(_arm_muldivdf3.o)
                0x08000b74                __aeabi_dmul
                0x08000b74                __muldf3
                0x08000dc8                __divdf3
                0x08000dc8                __aeabi_ddiv
 .text          0x08000f98      0x110 d:/environment variable/gnu arm embedded toolchain/10 2021.10/bin/../lib/gcc/arm-none-eabi/10.3.1/thumb/v7e-m/nofp\libgcc.a(_arm_cmpdf2.o)
                0x08000f98                __gtdf2
                0x08000f98                __gedf2
                0x08000fa0                __ltdf2
                0x08000fa0                __ledf2
                0x08000fa8                __nedf2
                0x08000fa8                __eqdf2
                0x08000fa8                __cmpdf2
                0x08001024                __aeabi_cdrcmple
                0x08001034                __aeabi_cdcmpeq
                0x08001034                __aeabi_cdcmple
                0x08001044                __aeabi_dcmpeq
                0x08001058                __aeabi_dcmplt
                0x0800106c                __aeabi_dcmple
                0x08001080                __aeabi_dcmpge
                0x08001094                __aeabi_dcmpgt
 .text          0x080010a8       0x2c d:/environment variable/gnu arm embedded toolchain/10 2021.10/bin/../lib/gcc/arm-none-eabi/10.3.1/thumb/v7e-m/nofp\libgcc.a(_arm_unorddf2.o)
                0x080010a8                __unorddf2
                0x080010a8                __aeabi_dcmpun
 .text          0x080010d4       0x50 d:/environment variable/gnu arm embedded toolchain/10 2021.10/bin/../lib/gcc/arm-none-eabi/10.3.1/thumb/v7e-m/nofp\libgcc.a(_arm_fixdfsi.o)
                0x080010d4                __aeabi_d2iz
                0x080010d4                __fixdfsi
 *(.text*)
 .text.AT24C02_Write
                0x08001124       0xd4 CMakeFiles/i2c_eeprom.elf.dir/Bsp/AT24C02_I2C/bsp_at24c02_i2c.c.obj
                0x08001124                AT24C02_Write
 .text.AT24C02_Read
                0x080011f8       0x38 CMakeFiles/i2c_eeprom.elf.dir/Bsp/AT24C02_I2C/bsp_at24c02_i2c.c.obj
                0x080011f8                AT24C02_Read
 .text.__io_putchar
                0x08001230       0x20 CMakeFiles/i2c_eeprom.elf.dir/Bsp/USART_CONTROL/bsp_usart_control.c.obj
                0x08001230                __io_putchar
 .text.Menu_Display
                0x08001250       0x60 CMakeFiles/i2c_eeprom.elf.dir/Bsp/USART_CONTROL/bsp_usart_control.c.obj
                0x08001250                Menu_Display
 .text.StrToInt
                0x080012b0       0x78 CMakeFiles/i2c_eeprom.elf.dir/Bsp/USART_CONTROL/bsp_usart_control.c.obj
                0x080012b0                StrToInt
 .text.HAL_UART_RxCpltCallback
                0x08001328      0x180 CMakeFiles/i2c_eeprom.elf.dir/Bsp/USART_CONTROL/bsp_usart_control.c.obj
                0x08001328                HAL_UART_RxCpltCallback
 .text.MX_GPIO_Init
                0x080014a8       0x94 CMakeFiles/i2c_eeprom.elf.dir/Core/Src/gpio.c.obj
                0x080014a8                MX_GPIO_Init
 .text.MX_I2C1_Init
                0x0800153c       0x3c CMakeFiles/i2c_eeprom.elf.dir/Core/Src/i2c.c.obj
                0x0800153c                MX_I2C1_Init
 .text.HAL_I2C_MspInit
                0x08001578       0x70 CMakeFiles/i2c_eeprom.elf.dir/Core/Src/i2c.c.obj
                0x08001578                HAL_I2C_MspInit
 .text.Error_Handler
                0x080015e8        0x4 CMakeFiles/i2c_eeprom.elf.dir/Core/Src/main.c.obj
                0x080015e8                Error_Handler
 .text.SystemClock_Config
                0x080015ec       0xa8 CMakeFiles/i2c_eeprom.elf.dir/Core/Src/main.c.obj
                0x080015ec                SystemClock_Config
 .text.main     0x08001694       0x30 CMakeFiles/i2c_eeprom.elf.dir/Core/Src/main.c.obj
                0x08001694                main
 .text.HAL_MspInit
                0x080016c4       0x38 CMakeFiles/i2c_eeprom.elf.dir/Core/Src/stm32f4xx_hal_msp.c.obj
                0x080016c4                HAL_MspInit
 .text.NMI_Handler
                0x080016fc        0x2 CMakeFiles/i2c_eeprom.elf.dir/Core/Src/stm32f4xx_it.c.obj
                0x080016fc                NMI_Handler
 .text.HardFault_Handler
                0x080016fe        0x2 CMakeFiles/i2c_eeprom.elf.dir/Core/Src/stm32f4xx_it.c.obj
                0x080016fe                HardFault_Handler
 .text.MemManage_Handler
                0x08001700        0x2 CMakeFiles/i2c_eeprom.elf.dir/Core/Src/stm32f4xx_it.c.obj
                0x08001700                MemManage_Handler
 .text.BusFault_Handler
                0x08001702        0x2 CMakeFiles/i2c_eeprom.elf.dir/Core/Src/stm32f4xx_it.c.obj
                0x08001702                BusFault_Handler
 .text.UsageFault_Handler
                0x08001704        0x2 CMakeFiles/i2c_eeprom.elf.dir/Core/Src/stm32f4xx_it.c.obj
                0x08001704                UsageFault_Handler
 .text.SVC_Handler
                0x08001706        0x2 CMakeFiles/i2c_eeprom.elf.dir/Core/Src/stm32f4xx_it.c.obj
                0x08001706                SVC_Handler
 .text.DebugMon_Handler
                0x08001708        0x2 CMakeFiles/i2c_eeprom.elf.dir/Core/Src/stm32f4xx_it.c.obj
                0x08001708                DebugMon_Handler
 .text.PendSV_Handler
                0x0800170a        0x2 CMakeFiles/i2c_eeprom.elf.dir/Core/Src/stm32f4xx_it.c.obj
                0x0800170a                PendSV_Handler
 .text.SysTick_Handler
                0x0800170c        0x8 CMakeFiles/i2c_eeprom.elf.dir/Core/Src/stm32f4xx_it.c.obj
                0x0800170c                SysTick_Handler
 .text.USART1_IRQHandler
                0x08001714       0x10 CMakeFiles/i2c_eeprom.elf.dir/Core/Src/stm32f4xx_it.c.obj
                0x08001714                USART1_IRQHandler
 .text._getpid  0x08001724        0x4 CMakeFiles/i2c_eeprom.elf.dir/Core/Src/syscalls.c.obj
                0x08001724                _getpid
 .text._kill    0x08001728       0x10 CMakeFiles/i2c_eeprom.elf.dir/Core/Src/syscalls.c.obj
                0x08001728                _kill
 .text._exit    0x08001738        0xc CMakeFiles/i2c_eeprom.elf.dir/Core/Src/syscalls.c.obj
                0x08001738                _exit
 .text._read    0x08001744       0x20 CMakeFiles/i2c_eeprom.elf.dir/Core/Src/syscalls.c.obj
                0x08001744                _read
 .text._write   0x08001764       0x1c CMakeFiles/i2c_eeprom.elf.dir/Core/Src/syscalls.c.obj
                0x08001764                _write
 .text._sbrk    0x08001780       0x3c CMakeFiles/i2c_eeprom.elf.dir/Core/Src/syscalls.c.obj
                0x08001780                _sbrk
 .text._close   0x080017bc        0x6 CMakeFiles/i2c_eeprom.elf.dir/Core/Src/syscalls.c.obj
                0x080017bc                _close
 .text._fstat   0x080017c2        0xa CMakeFiles/i2c_eeprom.elf.dir/Core/Src/syscalls.c.obj
                0x080017c2                _fstat
 .text._isatty  0x080017cc        0x4 CMakeFiles/i2c_eeprom.elf.dir/Core/Src/syscalls.c.obj
                0x080017cc                _isatty
 .text._lseek   0x080017d0        0x4 CMakeFiles/i2c_eeprom.elf.dir/Core/Src/syscalls.c.obj
                0x080017d0                _lseek
 .text.SystemInit
                0x080017d4        0x2 CMakeFiles/i2c_eeprom.elf.dir/Core/Src/system_stm32f4xx.c.obj
                0x080017d4                SystemInit
 *fill*         0x080017d6        0x2 
 .text.MX_USART1_UART_Init
                0x080017d8       0x34 CMakeFiles/i2c_eeprom.elf.dir/Core/Src/usart.c.obj
                0x080017d8                MX_USART1_UART_Init
 .text.HAL_UART_MspInit
                0x0800180c       0x80 CMakeFiles/i2c_eeprom.elf.dir/Core/Src/usart.c.obj
                0x0800180c                HAL_UART_MspInit
 .text.HAL_InitTick
                0x0800188c       0x4c CMakeFiles/i2c_eeprom.elf.dir/Drivers/STM32F4xx_HAL_Driver/Src/stm32f4xx_hal.c.obj
                0x0800188c                HAL_InitTick
 .text.HAL_Init
                0x080018d8       0x34 CMakeFiles/i2c_eeprom.elf.dir/Drivers/STM32F4xx_HAL_Driver/Src/stm32f4xx_hal.c.obj
                0x080018d8                HAL_Init
 .text.HAL_IncTick
                0x0800190c       0x18 CMakeFiles/i2c_eeprom.elf.dir/Drivers/STM32F4xx_HAL_Driver/Src/stm32f4xx_hal.c.obj
                0x0800190c                HAL_IncTick
 .text.HAL_GetTick
                0x08001924        0xc CMakeFiles/i2c_eeprom.elf.dir/Drivers/STM32F4xx_HAL_Driver/Src/stm32f4xx_hal.c.obj
                0x08001924                HAL_GetTick
 .text.HAL_NVIC_SetPriorityGrouping
                0x08001930       0x24 CMakeFiles/i2c_eeprom.elf.dir/Drivers/STM32F4xx_HAL_Driver/Src/stm32f4xx_hal_cortex.c.obj
                0x08001930                HAL_NVIC_SetPriorityGrouping
 .text.HAL_NVIC_SetPriority
                0x08001954       0x70 CMakeFiles/i2c_eeprom.elf.dir/Drivers/STM32F4xx_HAL_Driver/Src/stm32f4xx_hal_cortex.c.obj
                0x08001954                HAL_NVIC_SetPriority
 .text.HAL_NVIC_EnableIRQ
                0x080019c4       0x1c CMakeFiles/i2c_eeprom.elf.dir/Drivers/STM32F4xx_HAL_Driver/Src/stm32f4xx_hal_cortex.c.obj
                0x080019c4                HAL_NVIC_EnableIRQ
 .text.HAL_SYSTICK_Config
                0x080019e0       0x28 CMakeFiles/i2c_eeprom.elf.dir/Drivers/STM32F4xx_HAL_Driver/Src/stm32f4xx_hal_cortex.c.obj
                0x080019e0                HAL_SYSTICK_Config
 .text.HAL_DMA_Abort
                0x08001a08       0x94 CMakeFiles/i2c_eeprom.elf.dir/Drivers/STM32F4xx_HAL_Driver/Src/stm32f4xx_hal_dma.c.obj
                0x08001a08                HAL_DMA_Abort
 .text.HAL_DMA_Abort_IT
                0x08001a9c       0x26 CMakeFiles/i2c_eeprom.elf.dir/Drivers/STM32F4xx_HAL_Driver/Src/stm32f4xx_hal_dma.c.obj
                0x08001a9c                HAL_DMA_Abort_IT
 *fill*         0x08001ac2        0x2 
 .text.HAL_GPIO_Init
                0x08001ac4      0x1e4 CMakeFiles/i2c_eeprom.elf.dir/Drivers/STM32F4xx_HAL_Driver/Src/stm32f4xx_hal_gpio.c.obj
                0x08001ac4                HAL_GPIO_Init
 .text.HAL_GPIO_WritePin
                0x08001ca8        0xc CMakeFiles/i2c_eeprom.elf.dir/Drivers/STM32F4xx_HAL_Driver/Src/stm32f4xx_hal_gpio.c.obj
                0x08001ca8                HAL_GPIO_WritePin
 .text.I2C_IsAcknowledgeFailed
                0x08001cb4       0x32 CMakeFiles/i2c_eeprom.elf.dir/Drivers/STM32F4xx_HAL_Driver/Src/stm32f4xx_hal_i2c.c.obj
 .text.I2C_WaitOnFlagUntilTimeout
                0x08001ce6       0x7c CMakeFiles/i2c_eeprom.elf.dir/Drivers/STM32F4xx_HAL_Driver/Src/stm32f4xx_hal_i2c.c.obj
 .text.I2C_WaitOnMasterAddressFlagUntilTimeout
                0x08001d62       0xaa CMakeFiles/i2c_eeprom.elf.dir/Drivers/STM32F4xx_HAL_Driver/Src/stm32f4xx_hal_i2c.c.obj
 .text.I2C_WaitOnTXEFlagUntilTimeout
                0x08001e0c       0x54 CMakeFiles/i2c_eeprom.elf.dir/Drivers/STM32F4xx_HAL_Driver/Src/stm32f4xx_hal_i2c.c.obj
 .text.I2C_RequestMemoryWrite
                0x08001e60       0xd8 CMakeFiles/i2c_eeprom.elf.dir/Drivers/STM32F4xx_HAL_Driver/Src/stm32f4xx_hal_i2c.c.obj
 .text.I2C_RequestMemoryRead
                0x08001f38      0x154 CMakeFiles/i2c_eeprom.elf.dir/Drivers/STM32F4xx_HAL_Driver/Src/stm32f4xx_hal_i2c.c.obj
 .text.I2C_WaitOnBTFFlagUntilTimeout
                0x0800208c       0x54 CMakeFiles/i2c_eeprom.elf.dir/Drivers/STM32F4xx_HAL_Driver/Src/stm32f4xx_hal_i2c.c.obj
 .text.I2C_WaitOnRXNEFlagUntilTimeout
                0x080020e0       0x6a CMakeFiles/i2c_eeprom.elf.dir/Drivers/STM32F4xx_HAL_Driver/Src/stm32f4xx_hal_i2c.c.obj
 *fill*         0x0800214a        0x2 
 .text.HAL_I2C_Init
                0x0800214c      0x1bc CMakeFiles/i2c_eeprom.elf.dir/Drivers/STM32F4xx_HAL_Driver/Src/stm32f4xx_hal_i2c.c.obj
                0x0800214c                HAL_I2C_Init
 .text.HAL_I2C_Mem_Write
                0x08002308      0x164 CMakeFiles/i2c_eeprom.elf.dir/Drivers/STM32F4xx_HAL_Driver/Src/stm32f4xx_hal_i2c.c.obj
                0x08002308                HAL_I2C_Mem_Write
 .text.HAL_I2C_Mem_Read
                0x0800246c      0x2e4 CMakeFiles/i2c_eeprom.elf.dir/Drivers/STM32F4xx_HAL_Driver/Src/stm32f4xx_hal_i2c.c.obj
                0x0800246c                HAL_I2C_Mem_Read
 .text.HAL_RCC_OscConfig
                0x08002750      0x3f8 CMakeFiles/i2c_eeprom.elf.dir/Drivers/STM32F4xx_HAL_Driver/Src/stm32f4xx_hal_rcc.c.obj
                0x08002750                HAL_RCC_OscConfig
 .text.HAL_RCC_GetSysClockFreq
                0x08002b48       0xd4 CMakeFiles/i2c_eeprom.elf.dir/Drivers/STM32F4xx_HAL_Driver/Src/stm32f4xx_hal_rcc.c.obj
                0x08002b48                HAL_RCC_GetSysClockFreq
 .text.HAL_RCC_ClockConfig
                0x08002c1c      0x160 CMakeFiles/i2c_eeprom.elf.dir/Drivers/STM32F4xx_HAL_Driver/Src/stm32f4xx_hal_rcc.c.obj
                0x08002c1c                HAL_RCC_ClockConfig
 .text.HAL_RCC_GetHCLKFreq
                0x08002d7c        0xc CMakeFiles/i2c_eeprom.elf.dir/Drivers/STM32F4xx_HAL_Driver/Src/stm32f4xx_hal_rcc.c.obj
                0x08002d7c                HAL_RCC_GetHCLKFreq
 .text.HAL_RCC_GetPCLK1Freq
                0x08002d88       0x20 CMakeFiles/i2c_eeprom.elf.dir/Drivers/STM32F4xx_HAL_Driver/Src/stm32f4xx_hal_rcc.c.obj
                0x08002d88                HAL_RCC_GetPCLK1Freq
 .text.HAL_RCC_GetPCLK2Freq
                0x08002da8       0x20 CMakeFiles/i2c_eeprom.elf.dir/Drivers/STM32F4xx_HAL_Driver/Src/stm32f4xx_hal_rcc.c.obj
                0x08002da8                HAL_RCC_GetPCLK2Freq
 .text.UART_EndRxTransfer
                0x08002dc8       0x5c CMakeFiles/i2c_eeprom.elf.dir/Drivers/STM32F4xx_HAL_Driver/Src/stm32f4xx_hal_uart.c.obj
 .text.UART_Transmit_IT
                0x08002e24       0x60 CMakeFiles/i2c_eeprom.elf.dir/Drivers/STM32F4xx_HAL_Driver/Src/stm32f4xx_hal_uart.c.obj
 .text.UART_SetConfig
                0x08002e84      0x110 CMakeFiles/i2c_eeprom.elf.dir/Drivers/STM32F4xx_HAL_Driver/Src/stm32f4xx_hal_uart.c.obj
 .text.UART_WaitOnFlagUntilTimeout
                0x08002f94       0x88 CMakeFiles/i2c_eeprom.elf.dir/Drivers/STM32F4xx_HAL_Driver/Src/stm32f4xx_hal_uart.c.obj
 .text.HAL_UART_Init
                0x0800301c       0x5e CMakeFiles/i2c_eeprom.elf.dir/Drivers/STM32F4xx_HAL_Driver/Src/stm32f4xx_hal_uart.c.obj
                0x0800301c                HAL_UART_Init
 .text.HAL_UART_Transmit
                0x0800307a       0xd8 CMakeFiles/i2c_eeprom.elf.dir/Drivers/STM32F4xx_HAL_Driver/Src/stm32f4xx_hal_uart.c.obj
                0x0800307a                HAL_UART_Transmit
 .text.HAL_UART_TxCpltCallback
                0x08003152        0x2 CMakeFiles/i2c_eeprom.elf.dir/Drivers/STM32F4xx_HAL_Driver/Src/stm32f4xx_hal_uart.c.obj
                0x08003152                HAL_UART_TxCpltCallback
 .text.UART_EndTransmit_IT
                0x08003154       0x1a CMakeFiles/i2c_eeprom.elf.dir/Drivers/STM32F4xx_HAL_Driver/Src/stm32f4xx_hal_uart.c.obj
 .text.HAL_UART_ErrorCallback
                0x0800316e        0x2 CMakeFiles/i2c_eeprom.elf.dir/Drivers/STM32F4xx_HAL_Driver/Src/stm32f4xx_hal_uart.c.obj
                0x0800316e                HAL_UART_ErrorCallback
 .text.UART_DMAAbortOnError
                0x08003170       0x10 CMakeFiles/i2c_eeprom.elf.dir/Drivers/STM32F4xx_HAL_Driver/Src/stm32f4xx_hal_uart.c.obj
 .text.HAL_UARTEx_RxEventCallback
                0x08003180        0x2 CMakeFiles/i2c_eeprom.elf.dir/Drivers/STM32F4xx_HAL_Driver/Src/stm32f4xx_hal_uart.c.obj
                0x08003180                HAL_UARTEx_RxEventCallback
 .text.UART_Receive_IT
                0x08003182       0xe2 CMakeFiles/i2c_eeprom.elf.dir/Drivers/STM32F4xx_HAL_Driver/Src/stm32f4xx_hal_uart.c.obj
 .text.HAL_UART_IRQHandler
                0x08003264      0x280 CMakeFiles/i2c_eeprom.elf.dir/Drivers/STM32F4xx_HAL_Driver/Src/stm32f4xx_hal_uart.c.obj
                0x08003264                HAL_UART_IRQHandler
 .text.UART_Start_Receive_IT
                0x080034e4       0x3a CMakeFiles/i2c_eeprom.elf.dir/Drivers/STM32F4xx_HAL_Driver/Src/stm32f4xx_hal_uart.c.obj
                0x080034e4                UART_Start_Receive_IT
 .text.HAL_UART_Receive_IT
                0x0800351e       0x38 CMakeFiles/i2c_eeprom.elf.dir/Drivers/STM32F4xx_HAL_Driver/Src/stm32f4xx_hal_uart.c.obj
                0x0800351e                HAL_UART_Receive_IT
 *fill*         0x08003556        0x2 
 .text.Reset_Handler
                0x08003558       0x50 CMakeFiles/i2c_eeprom.elf.dir/startup/startup_stm32f407xx.s.obj
                0x08003558                Reset_Handler
 .text.Default_Handler
                0x080035a8        0x2 CMakeFiles/i2c_eeprom.elf.dir/startup/startup_stm32f407xx.s.obj
                0x080035a8                RTC_Alarm_IRQHandler
                0x080035a8                HASH_RNG_IRQHandler
                0x080035a8                EXTI2_IRQHandler
                0x080035a8                TIM8_CC_IRQHandler
                0x080035a8                TIM1_CC_IRQHandler
                0x080035a8                DMA2_Stream5_IRQHandler
                0x080035a8                DMA1_Stream5_IRQHandler
                0x080035a8                PVD_IRQHandler
                0x080035a8                SDIO_IRQHandler
                0x080035a8                TAMP_STAMP_IRQHandler
                0x080035a8                CAN2_RX1_IRQHandler
                0x080035a8                EXTI3_IRQHandler
                0x080035a8                TIM8_TRG_COM_TIM14_IRQHandler
                0x080035a8                TIM1_UP_TIM10_IRQHandler
                0x080035a8                TIM8_UP_TIM13_IRQHandler
                0x080035a8                I2C3_ER_IRQHandler
                0x080035a8                EXTI0_IRQHandler
                0x080035a8                I2C2_EV_IRQHandler
                0x080035a8                DMA1_Stream2_IRQHandler
                0x080035a8                CAN1_RX0_IRQHandler
                0x080035a8                FPU_IRQHandler
                0x080035a8                OTG_HS_WKUP_IRQHandler
                0x080035a8                CAN2_SCE_IRQHandler
                0x080035a8                DMA2_Stream2_IRQHandler
                0x080035a8                SPI1_IRQHandler
                0x080035a8                TIM6_DAC_IRQHandler
                0x080035a8                TIM1_BRK_TIM9_IRQHandler
                0x080035a8                DCMI_IRQHandler
                0x080035a8                CAN2_RX0_IRQHandler
                0x080035a8                DMA2_Stream3_IRQHandler
                0x080035a8                USART6_IRQHandler
                0x080035a8                USART3_IRQHandler
                0x080035a8                CAN1_RX1_IRQHandler
                0x080035a8                UART5_IRQHandler
                0x080035a8                DMA2_Stream0_IRQHandler
                0x080035a8                TIM4_IRQHandler
                0x080035a8                I2C1_EV_IRQHandler
                0x080035a8                DMA1_Stream6_IRQHandler
                0x080035a8                DMA1_Stream1_IRQHandler
                0x080035a8                UART4_IRQHandler
                0x080035a8                TIM3_IRQHandler
                0x080035a8                RCC_IRQHandler
                0x080035a8                TIM8_BRK_TIM12_IRQHandler
                0x080035a8                Default_Handler
                0x080035a8                EXTI15_10_IRQHandler
                0x080035a8                ADC_IRQHandler
                0x080035a8                DMA1_Stream7_IRQHandler
                0x080035a8                TIM7_IRQHandler
                0x080035a8                CAN2_TX_IRQHandler
                0x080035a8                TIM5_IRQHandler
                0x080035a8                DMA2_Stream7_IRQHandler
                0x080035a8                I2C3_EV_IRQHandler
                0x080035a8                EXTI9_5_IRQHandler
                0x080035a8                RTC_WKUP_IRQHandler
                0x080035a8                ETH_WKUP_IRQHandler
                0x080035a8                SPI2_IRQHandler
                0x080035a8                OTG_HS_EP1_IN_IRQHandler
                0x080035a8                DMA1_Stream0_IRQHandler
                0x080035a8                CAN1_TX_IRQHandler
                0x080035a8                EXTI4_IRQHandler
                0x080035a8                FSMC_IRQHandler
                0x080035a8                ETH_IRQHandler
                0x080035a8                OTG_HS_EP1_OUT_IRQHandler
                0x080035a8                WWDG_IRQHandler
                0x080035a8                TIM2_IRQHandler
                0x080035a8                OTG_FS_WKUP_IRQHandler
                0x080035a8                TIM1_TRG_COM_TIM11_IRQHandler
                0x080035a8                OTG_HS_IRQHandler
                0x080035a8                EXTI1_IRQHandler
                0x080035a8                USART2_IRQHandler
                0x080035a8                I2C2_ER_IRQHandler
                0x080035a8                DMA2_Stream1_IRQHandler
                0x080035a8                CAN1_SCE_IRQHandler
                0x080035a8                FLASH_IRQHandler
                0x080035a8                DMA2_Stream4_IRQHandler
                0x080035a8                OTG_FS_IRQHandler
                0x080035a8                SPI3_IRQHandler
                0x080035a8                DMA1_Stream4_IRQHandler
                0x080035a8                I2C1_ER_IRQHandler
                0x080035a8                DMA2_Stream6_IRQHandler
                0x080035a8                DMA1_Stream3_IRQHandler
 *fill*         0x080035aa        0x2 
 .text.__errno  0x080035ac        0xc d:/environment variable/gnu arm embedded toolchain/10 2021.10/bin/../lib/gcc/arm-none-eabi/10.3.1/../../../../arm-none-eabi/lib/thumb/v7e-m/nofp\libc.a(lib_a-errno.o)
                0x080035ac                __errno
 .text.__libc_init_array
                0x080035b8       0x48 d:/environment variable/gnu arm embedded toolchain/10 2021.10/bin/../lib/gcc/arm-none-eabi/10.3.1/../../../../arm-none-eabi/lib/thumb/v7e-m/nofp\libc.a(lib_a-init.o)
                0x080035b8                __libc_init_array
 .text.memset   0x08003600       0xa4 d:/environment variable/gnu arm embedded toolchain/10 2021.10/bin/../lib/gcc/arm-none-eabi/10.3.1/../../../../arm-none-eabi/lib/thumb/v7e-m/nofp\libc.a(lib_a-memset.o)
                0x08003600                memset
 .text.printf   0x080036a4       0x28 d:/environment variable/gnu arm embedded toolchain/10 2021.10/bin/../lib/gcc/arm-none-eabi/10.3.1/../../../../arm-none-eabi/lib/thumb/v7e-m/nofp\libc.a(lib_a-printf.o)
                0x080036a4                printf
 .text._puts_r  0x080036cc       0x9c d:/environment variable/gnu arm embedded toolchain/10 2021.10/bin/../lib/gcc/arm-none-eabi/10.3.1/../../../../arm-none-eabi/lib/thumb/v7e-m/nofp\libc.a(lib_a-puts.o)
                0x080036cc                _puts_r
 .text.puts     0x08003768       0x10 d:/environment variable/gnu arm embedded toolchain/10 2021.10/bin/../lib/gcc/arm-none-eabi/10.3.1/../../../../arm-none-eabi/lib/thumb/v7e-m/nofp\libc.a(lib_a-puts.o)
                0x08003768                puts
 .text.two_way_long_needle
                0x08003778      0x2b4 d:/environment variable/gnu arm embedded toolchain/10 2021.10/bin/../lib/gcc/arm-none-eabi/10.3.1/../../../../arm-none-eabi/lib/thumb/v7e-m/nofp\libc.a(lib_a-strstr.o)
 .text.strstr   0x08003a2c      0x168 d:/environment variable/gnu arm embedded toolchain/10 2021.10/bin/../lib/gcc/arm-none-eabi/10.3.1/../../../../arm-none-eabi/lib/thumb/v7e-m/nofp\libc.a(lib_a-strstr.o)
                0x08003a2c                strstr
 .text._vfprintf_r
                0x08003b94     0x1ad4 d:/environment variable/gnu arm embedded toolchain/10 2021.10/bin/../lib/gcc/arm-none-eabi/10.3.1/../../../../arm-none-eabi/lib/thumb/v7e-m/nofp\libc.a(lib_a-vfprintf.o)
                0x08003b94                _vfprintf_r
 .text.__sbprintf
                0x08005668       0x80 d:/environment variable/gnu arm embedded toolchain/10 2021.10/bin/../lib/gcc/arm-none-eabi/10.3.1/../../../../arm-none-eabi/lib/thumb/v7e-m/nofp\libc.a(lib_a-vfprintf.o)
 .text.__swsetup_r
                0x080056e8       0xd4 d:/environment variable/gnu arm embedded toolchain/10 2021.10/bin/../lib/gcc/arm-none-eabi/10.3.1/../../../../arm-none-eabi/lib/thumb/v7e-m/nofp\libc.a(lib_a-wsetup.o)
                0x080056e8                __swsetup_r
 .text.startup.register_fini
                0x080057bc       0x14 d:/environment variable/gnu arm embedded toolchain/10 2021.10/bin/../lib/gcc/arm-none-eabi/10.3.1/../../../../arm-none-eabi/lib/thumb/v7e-m/nofp\libc.a(lib_a-__call_atexit.o)
 .text.atexit   0x080057d0        0xc d:/environment variable/gnu arm embedded toolchain/10 2021.10/bin/../lib/gcc/arm-none-eabi/10.3.1/../../../../arm-none-eabi/lib/thumb/v7e-m/nofp\libc.a(lib_a-atexit.o)
                0x080057d0                atexit
 .text.quorem   0x080057dc      0x124 d:/environment variable/gnu arm embedded toolchain/10 2021.10/bin/../lib/gcc/arm-none-eabi/10.3.1/../../../../arm-none-eabi/lib/thumb/v7e-m/nofp\libc.a(lib_a-dtoa.o)
 .text._dtoa_r  0x08005900      0xec4 d:/environment variable/gnu arm embedded toolchain/10 2021.10/bin/../lib/gcc/arm-none-eabi/10.3.1/../../../../arm-none-eabi/lib/thumb/v7e-m/nofp\libc.a(lib_a-dtoa.o)
                0x08005900                _dtoa_r
 .text.__sflush_r
                0x080067c4      0x120 d:/environment variable/gnu arm embedded toolchain/10 2021.10/bin/../lib/gcc/arm-none-eabi/10.3.1/../../../../arm-none-eabi/lib/thumb/v7e-m/nofp\libc.a(lib_a-fflush.o)
                0x080067c4                __sflush_r
 .text._fflush_r
                0x080068e4       0x5c d:/environment variable/gnu arm embedded toolchain/10 2021.10/bin/../lib/gcc/arm-none-eabi/10.3.1/../../../../arm-none-eabi/lib/thumb/v7e-m/nofp\libc.a(lib_a-fflush.o)
                0x080068e4                _fflush_r
 .text._cleanup_r
                0x08006940        0xc d:/environment variable/gnu arm embedded toolchain/10 2021.10/bin/../lib/gcc/arm-none-eabi/10.3.1/../../../../arm-none-eabi/lib/thumb/v7e-m/nofp\libc.a(lib_a-findfp.o)
                0x08006940                _cleanup_r
 .text.__sinit  0x0800694c      0x10c d:/environment variable/gnu arm embedded toolchain/10 2021.10/bin/../lib/gcc/arm-none-eabi/10.3.1/../../../../arm-none-eabi/lib/thumb/v7e-m/nofp\libc.a(lib_a-findfp.o)
                0x0800694c                __sinit
 .text.__sfp_lock_acquire
                0x08006a58        0xc d:/environment variable/gnu arm embedded toolchain/10 2021.10/bin/../lib/gcc/arm-none-eabi/10.3.1/../../../../arm-none-eabi/lib/thumb/v7e-m/nofp\libc.a(lib_a-findfp.o)
                0x08006a58                __sfp_lock_acquire
 .text.__sfp_lock_release
                0x08006a64        0xc d:/environment variable/gnu arm embedded toolchain/10 2021.10/bin/../lib/gcc/arm-none-eabi/10.3.1/../../../../arm-none-eabi/lib/thumb/v7e-m/nofp\libc.a(lib_a-findfp.o)
                0x08006a64                __sfp_lock_release
 .text.__libc_fini_array
                0x08006a70       0x2c d:/environment variable/gnu arm embedded toolchain/10 2021.10/bin/../lib/gcc/arm-none-eabi/10.3.1/../../../../arm-none-eabi/lib/thumb/v7e-m/nofp\libc.a(lib_a-fini.o)
                0x08006a70                __libc_fini_array
 .text._malloc_trim_r
                0x08006a9c       0xa0 d:/environment variable/gnu arm embedded toolchain/10 2021.10/bin/../lib/gcc/arm-none-eabi/10.3.1/../../../../arm-none-eabi/lib/thumb/v7e-m/nofp\libc.a(lib_a-freer.o)
                0x08006a9c                _malloc_trim_r
 .text._free_r  0x08006b3c      0x20c d:/environment variable/gnu arm embedded toolchain/10 2021.10/bin/../lib/gcc/arm-none-eabi/10.3.1/../../../../arm-none-eabi/lib/thumb/v7e-m/nofp\libc.a(lib_a-freer.o)
                0x08006b3c                _free_r
 .text.__sfvwrite_r
                0x08006d48      0x2e8 d:/environment variable/gnu arm embedded toolchain/10 2021.10/bin/../lib/gcc/arm-none-eabi/10.3.1/../../../../arm-none-eabi/lib/thumb/v7e-m/nofp\libc.a(lib_a-fvwrite.o)
                0x08006d48                __sfvwrite_r
 .text._fwalk_reent
                0x08007030       0x48 d:/environment variable/gnu arm embedded toolchain/10 2021.10/bin/../lib/gcc/arm-none-eabi/10.3.1/../../../../arm-none-eabi/lib/thumb/v7e-m/nofp\libc.a(lib_a-fwalk.o)
                0x08007030                _fwalk_reent
 .text._localeconv_r
                0x08007078        0x8 d:/environment variable/gnu arm embedded toolchain/10 2021.10/bin/../lib/gcc/arm-none-eabi/10.3.1/../../../../arm-none-eabi/lib/thumb/v7e-m/nofp\libc.a(lib_a-localeconv.o)
                0x08007078                _localeconv_r
 .text.__retarget_lock_init_recursive
                0x08007080        0x4 d:/environment variable/gnu arm embedded toolchain/10 2021.10/bin/../lib/gcc/arm-none-eabi/10.3.1/../../../../arm-none-eabi/lib/thumb/v7e-m/nofp\libc.a(lib_a-lock.o)
                0x08007080                __retarget_lock_init_recursive
 .text.__retarget_lock_close_recursive
                0x08007084        0x4 d:/environment variable/gnu arm embedded toolchain/10 2021.10/bin/../lib/gcc/arm-none-eabi/10.3.1/../../../../arm-none-eabi/lib/thumb/v7e-m/nofp\libc.a(lib_a-lock.o)
                0x08007084                __retarget_lock_close_recursive
 .text.__retarget_lock_acquire_recursive
                0x08007088        0x4 d:/environment variable/gnu arm embedded toolchain/10 2021.10/bin/../lib/gcc/arm-none-eabi/10.3.1/../../../../arm-none-eabi/lib/thumb/v7e-m/nofp\libc.a(lib_a-lock.o)
                0x08007088                __retarget_lock_acquire_recursive
 .text.__retarget_lock_release_recursive
                0x0800708c        0x4 d:/environment variable/gnu arm embedded toolchain/10 2021.10/bin/../lib/gcc/arm-none-eabi/10.3.1/../../../../arm-none-eabi/lib/thumb/v7e-m/nofp\libc.a(lib_a-lock.o)
                0x0800708c                __retarget_lock_release_recursive
 .text.__smakebuf_r
                0x08007090       0xe0 d:/environment variable/gnu arm embedded toolchain/10 2021.10/bin/../lib/gcc/arm-none-eabi/10.3.1/../../../../arm-none-eabi/lib/thumb/v7e-m/nofp\libc.a(lib_a-makebuf.o)
                0x08007090                __smakebuf_r
 .text._malloc_r
                0x08007170      0x560 d:/environment variable/gnu arm embedded toolchain/10 2021.10/bin/../lib/gcc/arm-none-eabi/10.3.1/../../../../arm-none-eabi/lib/thumb/v7e-m/nofp\libc.a(lib_a-mallocr.o)
                0x08007170                _malloc_r
 .text.memcmp   0x080076d0       0x68 d:/environment variable/gnu arm embedded toolchain/10 2021.10/bin/../lib/gcc/arm-none-eabi/10.3.1/../../../../arm-none-eabi/lib/thumb/v7e-m/nofp\libc.a(lib_a-memcmp.o)
                0x080076d0                memcmp
 .text.memmove  0x08007738       0xf8 d:/environment variable/gnu arm embedded toolchain/10 2021.10/bin/../lib/gcc/arm-none-eabi/10.3.1/../../../../arm-none-eabi/lib/thumb/v7e-m/nofp\libc.a(lib_a-memmove.o)
                0x08007738                memmove
 .text.__malloc_lock
                0x08007830        0xc d:/environment variable/gnu arm embedded toolchain/10 2021.10/bin/../lib/gcc/arm-none-eabi/10.3.1/../../../../arm-none-eabi/lib/thumb/v7e-m/nofp\libc.a(lib_a-mlock.o)
                0x08007830                __malloc_lock
 .text.__malloc_unlock
                0x0800783c        0xc d:/environment variable/gnu arm embedded toolchain/10 2021.10/bin/../lib/gcc/arm-none-eabi/10.3.1/../../../../arm-none-eabi/lib/thumb/v7e-m/nofp\libc.a(lib_a-mlock.o)
                0x0800783c                __malloc_unlock
 .text._Balloc  0x08007848       0x4c d:/environment variable/gnu arm embedded toolchain/10 2021.10/bin/../lib/gcc/arm-none-eabi/10.3.1/../../../../arm-none-eabi/lib/thumb/v7e-m/nofp\libc.a(lib_a-mprec.o)
                0x08007848                _Balloc
 .text._Bfree   0x08007894       0x14 d:/environment variable/gnu arm embedded toolchain/10 2021.10/bin/../lib/gcc/arm-none-eabi/10.3.1/../../../../arm-none-eabi/lib/thumb/v7e-m/nofp\libc.a(lib_a-mprec.o)
                0x08007894                _Bfree
 .text.__multadd
                0x080078a8       0xa0 d:/environment variable/gnu arm embedded toolchain/10 2021.10/bin/../lib/gcc/arm-none-eabi/10.3.1/../../../../arm-none-eabi/lib/thumb/v7e-m/nofp\libc.a(lib_a-mprec.o)
                0x080078a8                __multadd
 .text.__hi0bits
                0x08007948       0x40 d:/environment variable/gnu arm embedded toolchain/10 2021.10/bin/../lib/gcc/arm-none-eabi/10.3.1/../../../../arm-none-eabi/lib/thumb/v7e-m/nofp\libc.a(lib_a-mprec.o)
                0x08007948                __hi0bits
 .text.__lo0bits
                0x08007988       0x5c d:/environment variable/gnu arm embedded toolchain/10 2021.10/bin/../lib/gcc/arm-none-eabi/10.3.1/../../../../arm-none-eabi/lib/thumb/v7e-m/nofp\libc.a(lib_a-mprec.o)
                0x08007988                __lo0bits
 .text.__i2b    0x080079e4       0x5c d:/environment variable/gnu arm embedded toolchain/10 2021.10/bin/../lib/gcc/arm-none-eabi/10.3.1/../../../../arm-none-eabi/lib/thumb/v7e-m/nofp\libc.a(lib_a-mprec.o)
                0x080079e4                __i2b
 .text.__multiply
                0x08007a40      0x15c d:/environment variable/gnu arm embedded toolchain/10 2021.10/bin/../lib/gcc/arm-none-eabi/10.3.1/../../../../arm-none-eabi/lib/thumb/v7e-m/nofp\libc.a(lib_a-mprec.o)
                0x08007a40                __multiply
 .text.__pow5mult
                0x08007b9c       0xc0 d:/environment variable/gnu arm embedded toolchain/10 2021.10/bin/../lib/gcc/arm-none-eabi/10.3.1/../../../../arm-none-eabi/lib/thumb/v7e-m/nofp\libc.a(lib_a-mprec.o)
                0x08007b9c                __pow5mult
 .text.__lshift
                0x08007c5c       0xf0 d:/environment variable/gnu arm embedded toolchain/10 2021.10/bin/../lib/gcc/arm-none-eabi/10.3.1/../../../../arm-none-eabi/lib/thumb/v7e-m/nofp\libc.a(lib_a-mprec.o)
                0x08007c5c                __lshift
 .text.__mcmp   0x08007d4c       0x40 d:/environment variable/gnu arm embedded toolchain/10 2021.10/bin/../lib/gcc/arm-none-eabi/10.3.1/../../../../arm-none-eabi/lib/thumb/v7e-m/nofp\libc.a(lib_a-mprec.o)
                0x08007d4c                __mcmp
 .text.__mdiff  0x08007d8c      0x14c d:/environment variable/gnu arm embedded toolchain/10 2021.10/bin/../lib/gcc/arm-none-eabi/10.3.1/../../../../arm-none-eabi/lib/thumb/v7e-m/nofp\libc.a(lib_a-mprec.o)
                0x08007d8c                __mdiff
 .text.__d2b    0x08007ed8       0xc4 d:/environment variable/gnu arm embedded toolchain/10 2021.10/bin/../lib/gcc/arm-none-eabi/10.3.1/../../../../arm-none-eabi/lib/thumb/v7e-m/nofp\libc.a(lib_a-mprec.o)
                0x08007ed8                __d2b
 .text._realloc_r
                0x08007f9c      0x3d8 d:/environment variable/gnu arm embedded toolchain/10 2021.10/bin/../lib/gcc/arm-none-eabi/10.3.1/../../../../arm-none-eabi/lib/thumb/v7e-m/nofp\libc.a(lib_a-reallocr.o)
                0x08007f9c                _realloc_r
 .text.frexp    0x08008374       0x70 d:/environment variable/gnu arm embedded toolchain/10 2021.10/bin/../lib/gcc/arm-none-eabi/10.3.1/../../../../arm-none-eabi/lib/thumb/v7e-m/nofp\libc.a(lib_a-s_frexp.o)
                0x08008374                frexp
 .text._sbrk_r  0x080083e4       0x24 d:/environment variable/gnu arm embedded toolchain/10 2021.10/bin/../lib/gcc/arm-none-eabi/10.3.1/../../../../arm-none-eabi/lib/thumb/v7e-m/nofp\libc.a(lib_a-sbrkr.o)
                0x080083e4                _sbrk_r
 .text.__sread  0x08008408       0x24 d:/environment variable/gnu arm embedded toolchain/10 2021.10/bin/../lib/gcc/arm-none-eabi/10.3.1/../../../../arm-none-eabi/lib/thumb/v7e-m/nofp\libc.a(lib_a-stdio.o)
                0x08008408                __sread
 .text.__swrite
                0x0800842c       0x40 d:/environment variable/gnu arm embedded toolchain/10 2021.10/bin/../lib/gcc/arm-none-eabi/10.3.1/../../../../arm-none-eabi/lib/thumb/v7e-m/nofp\libc.a(lib_a-stdio.o)
                0x0800842c                __swrite
 .text.__sseek  0x0800846c       0x20 d:/environment variable/gnu arm embedded toolchain/10 2021.10/bin/../lib/gcc/arm-none-eabi/10.3.1/../../../../arm-none-eabi/lib/thumb/v7e-m/nofp\libc.a(lib_a-stdio.o)
                0x0800846c                __sseek
 .text.__sclose
                0x0800848c        0x8 d:/environment variable/gnu arm embedded toolchain/10 2021.10/bin/../lib/gcc/arm-none-eabi/10.3.1/../../../../arm-none-eabi/lib/thumb/v7e-m/nofp\libc.a(lib_a-stdio.o)
                0x0800848c                __sclose
 .text.strchr   0x08008494       0xcc d:/environment variable/gnu arm embedded toolchain/10 2021.10/bin/../lib/gcc/arm-none-eabi/10.3.1/../../../../arm-none-eabi/lib/thumb/v7e-m/nofp\libc.a(lib_a-strchr.o)
                0x08008494                strchr
 .text.strncpy  0x08008560       0x64 d:/environment variable/gnu arm embedded toolchain/10 2021.10/bin/../lib/gcc/arm-none-eabi/10.3.1/../../../../arm-none-eabi/lib/thumb/v7e-m/nofp\libc.a(lib_a-strncpy.o)
                0x08008560                strncpy
 .text.strnlen  0x080085c4       0x24 d:/environment variable/gnu arm embedded toolchain/10 2021.10/bin/../lib/gcc/arm-none-eabi/10.3.1/../../../../arm-none-eabi/lib/thumb/v7e-m/nofp\libc.a(lib_a-strnlen.o)
                0x080085c4                strnlen
 .text.__sprint_r.part.0
                0x080085e8       0x78 d:/environment variable/gnu arm embedded toolchain/10 2021.10/bin/../lib/gcc/arm-none-eabi/10.3.1/../../../../arm-none-eabi/lib/thumb/v7e-m/nofp\libc.a(lib_a-vfiprintf.o)
 .text.__sprint_r
                0x08008660       0x14 d:/environment variable/gnu arm embedded toolchain/10 2021.10/bin/../lib/gcc/arm-none-eabi/10.3.1/../../../../arm-none-eabi/lib/thumb/v7e-m/nofp\libc.a(lib_a-vfiprintf.o)
                0x08008660                __sprint_r
 .text._vfiprintf_r
                0x08008674      0xda0 d:/environment variable/gnu arm embedded toolchain/10 2021.10/bin/../lib/gcc/arm-none-eabi/10.3.1/../../../../arm-none-eabi/lib/thumb/v7e-m/nofp\libc.a(lib_a-vfiprintf.o)
                0x08008674                _vfiprintf_r
 .text.__sbprintf
                0x08009414       0x80 d:/environment variable/gnu arm embedded toolchain/10 2021.10/bin/../lib/gcc/arm-none-eabi/10.3.1/../../../../arm-none-eabi/lib/thumb/v7e-m/nofp\libc.a(lib_a-vfiprintf.o)
 .text._write_r
                0x08009494       0x2c d:/environment variable/gnu arm embedded toolchain/10 2021.10/bin/../lib/gcc/arm-none-eabi/10.3.1/../../../../arm-none-eabi/lib/thumb/v7e-m/nofp\libc.a(lib_a-writer.o)
                0x08009494                _write_r
 .text.__register_exitproc
                0x080094c0       0x8c d:/environment variable/gnu arm embedded toolchain/10 2021.10/bin/../lib/gcc/arm-none-eabi/10.3.1/../../../../arm-none-eabi/lib/thumb/v7e-m/nofp\libc.a(lib_a-__atexit.o)
                0x080094c0                __register_exitproc
 .text.__assert_func
                0x0800954c       0x40 d:/environment variable/gnu arm embedded toolchain/10 2021.10/bin/../lib/gcc/arm-none-eabi/10.3.1/../../../../arm-none-eabi/lib/thumb/v7e-m/nofp\libc.a(lib_a-assert.o)
                0x0800954c                __assert_func
 .text._calloc_r
                0x0800958c       0x78 d:/environment variable/gnu arm embedded toolchain/10 2021.10/bin/../lib/gcc/arm-none-eabi/10.3.1/../../../../arm-none-eabi/lib/thumb/v7e-m/nofp\libc.a(lib_a-callocr.o)
                0x0800958c                _calloc_r
 .text._close_r
                0x08009604       0x24 d:/environment variable/gnu arm embedded toolchain/10 2021.10/bin/../lib/gcc/arm-none-eabi/10.3.1/../../../../arm-none-eabi/lib/thumb/v7e-m/nofp\libc.a(lib_a-closer.o)
                0x08009604                _close_r
 .text._fclose_r
                0x08009628       0xcc d:/environment variable/gnu arm embedded toolchain/10 2021.10/bin/../lib/gcc/arm-none-eabi/10.3.1/../../../../arm-none-eabi/lib/thumb/v7e-m/nofp\libc.a(lib_a-fclose.o)
                0x08009628                _fclose_r
 .text.fiprintf
                0x080096f4       0x28 d:/environment variable/gnu arm embedded toolchain/10 2021.10/bin/../lib/gcc/arm-none-eabi/10.3.1/../../../../arm-none-eabi/lib/thumb/v7e-m/nofp\libc.a(lib_a-fiprintf.o)
                0x080096f4                fiprintf
 .text.__fputwc
                0x0800971c       0xa8 d:/environment variable/gnu arm embedded toolchain/10 2021.10/bin/../lib/gcc/arm-none-eabi/10.3.1/../../../../arm-none-eabi/lib/thumb/v7e-m/nofp\libc.a(lib_a-fputwc.o)
                0x0800971c                __fputwc
 .text._fputwc_r
                0x080097c4       0x68 d:/environment variable/gnu arm embedded toolchain/10 2021.10/bin/../lib/gcc/arm-none-eabi/10.3.1/../../../../arm-none-eabi/lib/thumb/v7e-m/nofp\libc.a(lib_a-fputwc.o)
                0x080097c4                _fputwc_r
 .text._fstat_r
                0x0800982c       0x2c d:/environment variable/gnu arm embedded toolchain/10 2021.10/bin/../lib/gcc/arm-none-eabi/10.3.1/../../../../arm-none-eabi/lib/thumb/v7e-m/nofp\libc.a(lib_a-fstatr.o)
                0x0800982c                _fstat_r
 .text._isatty_r
                0x08009858       0x24 d:/environment variable/gnu arm embedded toolchain/10 2021.10/bin/../lib/gcc/arm-none-eabi/10.3.1/../../../../arm-none-eabi/lib/thumb/v7e-m/nofp\libc.a(lib_a-isattyr.o)
                0x08009858                _isatty_r
 .text.__locale_mb_cur_max
                0x0800987c        0xc d:/environment variable/gnu arm embedded toolchain/10 2021.10/bin/../lib/gcc/arm-none-eabi/10.3.1/../../../../arm-none-eabi/lib/thumb/v7e-m/nofp\libc.a(lib_a-locale.o)
                0x0800987c                __locale_mb_cur_max
 .text._lseek_r
                0x08009888       0x2c d:/environment variable/gnu arm embedded toolchain/10 2021.10/bin/../lib/gcc/arm-none-eabi/10.3.1/../../../../arm-none-eabi/lib/thumb/v7e-m/nofp\libc.a(lib_a-lseekr.o)
                0x08009888                _lseek_r
 .text.__ascii_mbtowc
                0x080098b4       0x2c d:/environment variable/gnu arm embedded toolchain/10 2021.10/bin/../lib/gcc/arm-none-eabi/10.3.1/../../../../arm-none-eabi/lib/thumb/v7e-m/nofp\libc.a(lib_a-mbtowc_r.o)
                0x080098b4                __ascii_mbtowc
 .text._read_r  0x080098e0       0x2c d:/environment variable/gnu arm embedded toolchain/10 2021.10/bin/../lib/gcc/arm-none-eabi/10.3.1/../../../../arm-none-eabi/lib/thumb/v7e-m/nofp\libc.a(lib_a-readr.o)
                0x080098e0                _read_r
 .text.__swbuf_r
                0x0800990c       0xb0 d:/environment variable/gnu arm embedded toolchain/10 2021.10/bin/../lib/gcc/arm-none-eabi/10.3.1/../../../../arm-none-eabi/lib/thumb/v7e-m/nofp\libc.a(lib_a-wbuf.o)
                0x0800990c                __swbuf_r
 .text._wcrtomb_r
                0x080099bc       0x3c d:/environment variable/gnu arm embedded toolchain/10 2021.10/bin/../lib/gcc/arm-none-eabi/10.3.1/../../../../arm-none-eabi/lib/thumb/v7e-m/nofp\libc.a(lib_a-wcrtomb.o)
                0x080099bc                _wcrtomb_r
 .text.__ascii_wctomb
                0x080099f8       0x1c d:/environment variable/gnu arm embedded toolchain/10 2021.10/bin/../lib/gcc/arm-none-eabi/10.3.1/../../../../arm-none-eabi/lib/thumb/v7e-m/nofp\libc.a(lib_a-wctomb_r.o)
                0x080099f8                __ascii_wctomb
 .text.abort    0x08009a14       0x10 d:/environment variable/gnu arm embedded toolchain/10 2021.10/bin/../lib/gcc/arm-none-eabi/10.3.1/../../../../arm-none-eabi/lib/thumb/v7e-m/nofp\libc.a(lib_a-abort.o)
                0x08009a14                abort
 .text.raise    0x08009a24       0x5c d:/environment variable/gnu arm embedded toolchain/10 2021.10/bin/../lib/gcc/arm-none-eabi/10.3.1/../../../../arm-none-eabi/lib/thumb/v7e-m/nofp\libc.a(lib_a-signal.o)
                0x08009a24                raise
 .text._kill_r  0x08009a80       0x2c d:/environment variable/gnu arm embedded toolchain/10 2021.10/bin/../lib/gcc/arm-none-eabi/10.3.1/../../../../arm-none-eabi/lib/thumb/v7e-m/nofp\libc.a(lib_a-signalr.o)
                0x08009a80                _kill_r
 .text._getpid_r
                0x08009aac        0x4 d:/environment variable/gnu arm embedded toolchain/10 2021.10/bin/../lib/gcc/arm-none-eabi/10.3.1/../../../../arm-none-eabi/lib/thumb/v7e-m/nofp\libc.a(lib_a-signalr.o)
                0x08009aac                _getpid_r
 .text.pow      0x08009ab0       0xdc d:/environment variable/gnu arm embedded toolchain/10 2021.10/bin/../lib/gcc/arm-none-eabi/10.3.1/../../../../arm-none-eabi/lib/thumb/v7e-m/nofp\libm.a(lib_a-w_pow.o)
                0x08009ab0                pow
 *fill*         0x08009b8c        0x4 
 .text.__ieee754_pow
                0x08009b90      0xad8 d:/environment variable/gnu arm embedded toolchain/10 2021.10/bin/../lib/gcc/arm-none-eabi/10.3.1/../../../../arm-none-eabi/lib/thumb/v7e-m/nofp\libm.a(lib_a-e_pow.o)
                0x08009b90                __ieee754_pow
 .text.__ieee754_sqrt
                0x0800a668      0x18c d:/environment variable/gnu arm embedded toolchain/10 2021.10/bin/../lib/gcc/arm-none-eabi/10.3.1/../../../../arm-none-eabi/lib/thumb/v7e-m/nofp\libm.a(lib_a-e_sqrt.o)
                0x0800a668                __ieee754_sqrt
 .text.with_errno
                0x0800a7f4       0x18 d:/environment variable/gnu arm embedded toolchain/10 2021.10/bin/../lib/gcc/arm-none-eabi/10.3.1/../../../../arm-none-eabi/lib/thumb/v7e-m/nofp\libm.a(lib_a-math_err.o)
 .text.xflow    0x0800a80c       0x30 d:/environment variable/gnu arm embedded toolchain/10 2021.10/bin/../lib/gcc/arm-none-eabi/10.3.1/../../../../arm-none-eabi/lib/thumb/v7e-m/nofp\libm.a(lib_a-math_err.o)
 .text.__math_uflow
                0x0800a83c        0xc d:/environment variable/gnu arm embedded toolchain/10 2021.10/bin/../lib/gcc/arm-none-eabi/10.3.1/../../../../arm-none-eabi/lib/thumb/v7e-m/nofp\libm.a(lib_a-math_err.o)
                0x0800a83c                __math_uflow
 .text.__math_oflow
                0x0800a848        0xc d:/environment variable/gnu arm embedded toolchain/10 2021.10/bin/../lib/gcc/arm-none-eabi/10.3.1/../../../../arm-none-eabi/lib/thumb/v7e-m/nofp\libm.a(lib_a-math_err.o)
                0x0800a848                __math_oflow
 .text.fabs     0x0800a854        0x8 d:/environment variable/gnu arm embedded toolchain/10 2021.10/bin/../lib/gcc/arm-none-eabi/10.3.1/../../../../arm-none-eabi/lib/thumb/v7e-m/nofp\libm.a(lib_a-s_fabs.o)
                0x0800a854                fabs
 .text.finite   0x0800a85c        0xc d:/environment variable/gnu arm embedded toolchain/10 2021.10/bin/../lib/gcc/arm-none-eabi/10.3.1/../../../../arm-none-eabi/lib/thumb/v7e-m/nofp\libm.a(lib_a-s_finite.o)
                0x0800a85c                finite
 .text.scalbn   0x0800a868       0xf4 d:/environment variable/gnu arm embedded toolchain/10 2021.10/bin/../lib/gcc/arm-none-eabi/10.3.1/../../../../arm-none-eabi/lib/thumb/v7e-m/nofp\libm.a(lib_a-s_scalbn.o)
                0x0800a868                scalbn
 *(.glue_7)
 .glue_7        0x0800a95c        0x0 linker stubs
 *(.glue_7t)
 .glue_7t       0x0800a95c        0x0 linker stubs
 *(.eh_frame)
 .eh_frame      0x0800a95c        0x0 d:/environment variable/gnu arm embedded toolchain/10 2021.10/bin/../lib/gcc/arm-none-eabi/10.3.1/thumb/v7e-m/nofp/crtbegin.o
 *(.init)
 .init          0x0800a95c        0x4 d:/environment variable/gnu arm embedded toolchain/10 2021.10/bin/../lib/gcc/arm-none-eabi/10.3.1/thumb/v7e-m/nofp/crti.o
                0x0800a95c                _init
 .init          0x0800a960        0x8 d:/environment variable/gnu arm embedded toolchain/10 2021.10/bin/../lib/gcc/arm-none-eabi/10.3.1/thumb/v7e-m/nofp/crtn.o
 *(.fini)
 .fini          0x0800a968        0x4 d:/environment variable/gnu arm embedded toolchain/10 2021.10/bin/../lib/gcc/arm-none-eabi/10.3.1/thumb/v7e-m/nofp/crti.o
                0x0800a968                _fini
 .fini          0x0800a96c        0x8 d:/environment variable/gnu arm embedded toolchain/10 2021.10/bin/../lib/gcc/arm-none-eabi/10.3.1/thumb/v7e-m/nofp/crtn.o
                0x0800a974                . = ALIGN (0x4)
                0x0800a974                _etext = .

.vfp11_veneer   0x0800a974        0x0
 .vfp11_veneer  0x0800a974        0x0 linker stubs

.v4_bx          0x0800a974        0x0
 .v4_bx         0x0800a974        0x0 linker stubs

.iplt           0x0800a974        0x0
 .iplt          0x0800a974        0x0 d:/environment variable/gnu arm embedded toolchain/10 2021.10/bin/../lib/gcc/arm-none-eabi/10.3.1/thumb/v7e-m/nofp/crtbegin.o

.rodata         0x0800a978      0x5b0
                0x0800a978                . = ALIGN (0x4)
 *(.rodata)
 *(.rodata*)
 .rodata.AT24C02_Read.str1.4
                0x0800a978        0x5 CMakeFiles/i2c_eeprom.elf.dir/Bsp/AT24C02_I2C/bsp_at24c02_i2c.c.obj
 *fill*         0x0800a97d        0x3 
 .rodata.Menu_Display.str1.4
                0x0800a980      0x10b CMakeFiles/i2c_eeprom.elf.dir/Bsp/USART_CONTROL/bsp_usart_control.c.obj
 *fill*         0x0800aa8b        0x1 
 .rodata.HAL_UART_RxCpltCallback.str1.4
                0x0800aa8c       0x7f CMakeFiles/i2c_eeprom.elf.dir/Bsp/USART_CONTROL/bsp_usart_control.c.obj
                                 0x87 (size before relaxing)
 *fill*         0x0800ab0b        0x1 
 .rodata.AHBPrescTable
                0x0800ab0c       0x10 CMakeFiles/i2c_eeprom.elf.dir/Core/Src/system_stm32f4xx.c.obj
                0x0800ab0c                AHBPrescTable
 .rodata.APBPrescTable
                0x0800ab1c        0x8 CMakeFiles/i2c_eeprom.elf.dir/Core/Src/system_stm32f4xx.c.obj
                0x0800ab1c                APBPrescTable
 .rodata._global_impure_ptr
                0x0800ab24        0x4 d:/environment variable/gnu arm embedded toolchain/10 2021.10/bin/../lib/gcc/arm-none-eabi/10.3.1/../../../../arm-none-eabi/lib/thumb/v7e-m/nofp\libc.a(lib_a-impure.o)
                0x0800ab24                _global_impure_ptr
 .rodata._puts_r.str1.4
                0x0800ab28        0x2 d:/environment variable/gnu arm embedded toolchain/10 2021.10/bin/../lib/gcc/arm-none-eabi/10.3.1/../../../../arm-none-eabi/lib/thumb/v7e-m/nofp\libc.a(lib_a-puts.o)
 *fill*         0x0800ab2a        0x2 
 .rodata._vfprintf_r.str1.4
                0x0800ab2c       0x42 d:/environment variable/gnu arm embedded toolchain/10 2021.10/bin/../lib/gcc/arm-none-eabi/10.3.1/../../../../arm-none-eabi/lib/thumb/v7e-m/nofp\libc.a(lib_a-vfprintf.o)
 *fill*         0x0800ab6e        0x2 
 .rodata.blanks.1
                0x0800ab70       0x10 d:/environment variable/gnu arm embedded toolchain/10 2021.10/bin/../lib/gcc/arm-none-eabi/10.3.1/../../../../arm-none-eabi/lib/thumb/v7e-m/nofp\libc.a(lib_a-vfprintf.o)
 .rodata.zeroes.0
                0x0800ab80       0x10 d:/environment variable/gnu arm embedded toolchain/10 2021.10/bin/../lib/gcc/arm-none-eabi/10.3.1/../../../../arm-none-eabi/lib/thumb/v7e-m/nofp\libc.a(lib_a-vfprintf.o)
 .rodata._dtoa_r.str1.4
                0x0800ab90       0xa2 d:/environment variable/gnu arm embedded toolchain/10 2021.10/bin/../lib/gcc/arm-none-eabi/10.3.1/../../../../arm-none-eabi/lib/thumb/v7e-m/nofp\libc.a(lib_a-dtoa.o)
                                 0xa6 (size before relaxing)
 *fill*         0x0800ac32        0x2 
 .rodata.__multadd.str1.4
                0x0800ac34       0x7f d:/environment variable/gnu arm embedded toolchain/10 2021.10/bin/../lib/gcc/arm-none-eabi/10.3.1/../../../../arm-none-eabi/lib/thumb/v7e-m/nofp\libc.a(lib_a-mprec.o)
                                 0x93 (size before relaxing)
 *fill*         0x0800acb3        0x5 
 .rodata.__mprec_bigtens
                0x0800acb8       0x28 d:/environment variable/gnu arm embedded toolchain/10 2021.10/bin/../lib/gcc/arm-none-eabi/10.3.1/../../../../arm-none-eabi/lib/thumb/v7e-m/nofp\libc.a(lib_a-mprec.o)
                0x0800acb8                __mprec_bigtens
 .rodata.__mprec_tens
                0x0800ace0       0xc8 d:/environment variable/gnu arm embedded toolchain/10 2021.10/bin/../lib/gcc/arm-none-eabi/10.3.1/../../../../arm-none-eabi/lib/thumb/v7e-m/nofp\libc.a(lib_a-mprec.o)
                0x0800ace0                __mprec_tens
 .rodata.p05.0  0x0800ada8        0xc d:/environment variable/gnu arm embedded toolchain/10 2021.10/bin/../lib/gcc/arm-none-eabi/10.3.1/../../../../arm-none-eabi/lib/thumb/v7e-m/nofp\libc.a(lib_a-mprec.o)
 .rodata._vfiprintf_r.str1.4
                0x0800adb4       0x2f d:/environment variable/gnu arm embedded toolchain/10 2021.10/bin/../lib/gcc/arm-none-eabi/10.3.1/../../../../arm-none-eabi/lib/thumb/v7e-m/nofp\libc.a(lib_a-vfiprintf.o)
 .rodata.blanks.1
                0x0800adb4       0x10 d:/environment variable/gnu arm embedded toolchain/10 2021.10/bin/../lib/gcc/arm-none-eabi/10.3.1/../../../../arm-none-eabi/lib/thumb/v7e-m/nofp\libc.a(lib_a-vfiprintf.o)
 .rodata.zeroes.0
                0x0800adc4       0x10 d:/environment variable/gnu arm embedded toolchain/10 2021.10/bin/../lib/gcc/arm-none-eabi/10.3.1/../../../../arm-none-eabi/lib/thumb/v7e-m/nofp\libc.a(lib_a-vfiprintf.o)
 .rodata.__assert_func.str1.4
                0x0800add4       0x3f d:/environment variable/gnu arm embedded toolchain/10 2021.10/bin/../lib/gcc/arm-none-eabi/10.3.1/../../../../arm-none-eabi/lib/thumb/v7e-m/nofp\libc.a(lib_a-assert.o)
                                 0x43 (size before relaxing)
 *fill*         0x0800ae13        0x1 
 .rodata._setlocale_r.str1.4
                0x0800ae14        0xa d:/environment variable/gnu arm embedded toolchain/10 2021.10/bin/../lib/gcc/arm-none-eabi/10.3.1/../../../../arm-none-eabi/lib/thumb/v7e-m/nofp\libc.a(lib_a-locale.o)
                                  0xd (size before relaxing)
 *fill*         0x0800ae1e        0x2 
 .rodata.str1.4
                0x0800ae20        0x2 d:/environment variable/gnu arm embedded toolchain/10 2021.10/bin/../lib/gcc/arm-none-eabi/10.3.1/../../../../arm-none-eabi/lib/thumb/v7e-m/nofp\libc.a(lib_a-locale.o)
 *fill*         0x0800ae22        0x2 
 .rodata._ctype_
                0x0800ae24      0x101 d:/environment variable/gnu arm embedded toolchain/10 2021.10/bin/../lib/gcc/arm-none-eabi/10.3.1/../../../../arm-none-eabi/lib/thumb/v7e-m/nofp\libc.a(lib_a-ctype_.o)
                0x0800ae24                _ctype_
                0x0800af28                . = ALIGN (0x4)
 *fill*         0x0800af25        0x3 

.ARM.extab
 *(.ARM.extab* .gnu.linkonce.armextab.*)

.ARM            0x0800af28        0x8
                0x0800af28                __exidx_start = .
 *(.ARM.exidx*)
 .ARM.exidx     0x0800af28        0x8 d:/environment variable/gnu arm embedded toolchain/10 2021.10/bin/../lib/gcc/arm-none-eabi/10.3.1/thumb/v7e-m/nofp\libgcc.a(_udivmoddi4.o)
                0x0800af30                __exidx_end = .

.rel.dyn        0x0800af30        0x0
 .rel.iplt      0x0800af30        0x0 d:/environment variable/gnu arm embedded toolchain/10 2021.10/bin/../lib/gcc/arm-none-eabi/10.3.1/thumb/v7e-m/nofp/crtbegin.o

.preinit_array  0x0800af30        0x0
                0x0800af30                PROVIDE (__preinit_array_start = .)
 *(.preinit_array*)
                0x0800af30                PROVIDE (__preinit_array_end = .)

.init_array     0x0800af30        0x8
                0x0800af30                PROVIDE (__init_array_start = .)
 *(SORT_BY_NAME(.init_array.*))
 .init_array.00000
                0x0800af30        0x4 d:/environment variable/gnu arm embedded toolchain/10 2021.10/bin/../lib/gcc/arm-none-eabi/10.3.1/../../../../arm-none-eabi/lib/thumb/v7e-m/nofp\libc.a(lib_a-__call_atexit.o)
 *(.init_array*)
 .init_array    0x0800af34        0x4 d:/environment variable/gnu arm embedded toolchain/10 2021.10/bin/../lib/gcc/arm-none-eabi/10.3.1/thumb/v7e-m/nofp/crtbegin.o
                0x0800af38                PROVIDE (__init_array_end = .)

.fini_array     0x0800af38        0x4
                0x0800af38                PROVIDE (__fini_array_start = .)
 *(SORT_BY_NAME(.fini_array.*))
 *(.fini_array*)
 .fini_array    0x0800af38        0x4 d:/environment variable/gnu arm embedded toolchain/10 2021.10/bin/../lib/gcc/arm-none-eabi/10.3.1/thumb/v7e-m/nofp/crtbegin.o
                0x0800af3c                PROVIDE (__fini_array_end = .)
                0x0800af3c                _sidata = LOADADDR (.data)

.data           0x20000000      0x9b8 load address 0x0800af3c
                0x20000000                . = ALIGN (0x4)
                0x20000000                _sdata = .
 *(.data)
 *(.data*)
 .data.SystemCoreClock
                0x20000000        0x4 CMakeFiles/i2c_eeprom.elf.dir/Core/Src/system_stm32f4xx.c.obj
                0x20000000                SystemCoreClock
 .data.uwTickFreq
                0x20000004        0x1 CMakeFiles/i2c_eeprom.elf.dir/Drivers/STM32F4xx_HAL_Driver/Src/stm32f4xx_hal.c.obj
                0x20000004                uwTickFreq
 *fill*         0x20000005        0x3 
 .data.uwTickPrio
                0x20000008        0x4 CMakeFiles/i2c_eeprom.elf.dir/Drivers/STM32F4xx_HAL_Driver/Src/stm32f4xx_hal.c.obj
                0x20000008                uwTickPrio
 .data._impure_ptr
                0x2000000c        0x4 d:/environment variable/gnu arm embedded toolchain/10 2021.10/bin/../lib/gcc/arm-none-eabi/10.3.1/../../../../arm-none-eabi/lib/thumb/v7e-m/nofp\libc.a(lib_a-impure.o)
                0x2000000c                _impure_ptr
 .data.impure_data
                0x20000010      0x428 d:/environment variable/gnu arm embedded toolchain/10 2021.10/bin/../lib/gcc/arm-none-eabi/10.3.1/../../../../arm-none-eabi/lib/thumb/v7e-m/nofp\libc.a(lib_a-impure.o)
 .data.__atexit_recursive_mutex
                0x20000438        0x4 d:/environment variable/gnu arm embedded toolchain/10 2021.10/bin/../lib/gcc/arm-none-eabi/10.3.1/../../../../arm-none-eabi/lib/thumb/v7e-m/nofp\libc.a(lib_a-__call_atexit.o)
                0x20000438                __atexit_recursive_mutex
 .data.__malloc_av_
                0x2000043c      0x408 d:/environment variable/gnu arm embedded toolchain/10 2021.10/bin/../lib/gcc/arm-none-eabi/10.3.1/../../../../arm-none-eabi/lib/thumb/v7e-m/nofp\libc.a(lib_a-mallocr.o)
                0x2000043c                __malloc_av_
 .data.__malloc_sbrk_base
                0x20000844        0x4 d:/environment variable/gnu arm embedded toolchain/10 2021.10/bin/../lib/gcc/arm-none-eabi/10.3.1/../../../../arm-none-eabi/lib/thumb/v7e-m/nofp\libc.a(lib_a-mallocr.o)
                0x20000844                __malloc_sbrk_base
 .data.__malloc_trim_threshold
                0x20000848        0x4 d:/environment variable/gnu arm embedded toolchain/10 2021.10/bin/../lib/gcc/arm-none-eabi/10.3.1/../../../../arm-none-eabi/lib/thumb/v7e-m/nofp\libc.a(lib_a-mallocr.o)
                0x20000848                __malloc_trim_threshold
 .data.__global_locale
                0x2000084c      0x16c d:/environment variable/gnu arm embedded toolchain/10 2021.10/bin/../lib/gcc/arm-none-eabi/10.3.1/../../../../arm-none-eabi/lib/thumb/v7e-m/nofp\libc.a(lib_a-locale.o)
                0x2000084c                __global_locale
                0x200009b8                . = ALIGN (0x4)
                0x200009b8                _edata = .
                0x0800b8f4                _siccmram = LOADADDR (.ccmram)

.igot.plt       0x200009b8        0x0 load address 0x0800b8f4
 .igot.plt      0x200009b8        0x0 d:/environment variable/gnu arm embedded toolchain/10 2021.10/bin/../lib/gcc/arm-none-eabi/10.3.1/thumb/v7e-m/nofp/crtbegin.o

.ccmram         0x10000000        0x0 load address 0x0800b8f4
                0x10000000                . = ALIGN (0x4)
                0x10000000                _sccmram = .
 *(.ccmram)
 *(.ccmram*)
                0x10000000                . = ALIGN (0x4)
                0x10000000                _eccmram = .
                0x10000000                . = ALIGN (0x4)

.bss            0x200009b8      0x408
                0x200009b8                _sbss = .
                0x200009b8                __bss_start__ = _sbss
 *(.bss)
 .bss           0x200009b8       0x1c d:/environment variable/gnu arm embedded toolchain/10 2021.10/bin/../lib/gcc/arm-none-eabi/10.3.1/thumb/v7e-m/nofp/crtbegin.o
 *(.bss*)
 .bss.ReadBuffer
                0x200009d4      0x100 CMakeFiles/i2c_eeprom.elf.dir/Bsp/USART_CONTROL/bsp_usart_control.c.obj
                0x200009d4                ReadBuffer
 .bss.RxBuffer  0x20000ad4      0x100 CMakeFiles/i2c_eeprom.elf.dir/Bsp/USART_CONTROL/bsp_usart_control.c.obj
                0x20000ad4                RxBuffer
 .bss.WriteBuffer
                0x20000bd4      0x100 CMakeFiles/i2c_eeprom.elf.dir/Bsp/USART_CONTROL/bsp_usart_control.c.obj
                0x20000bd4                WriteBuffer
 .bss.aRxBuffer
                0x20000cd4        0x1 CMakeFiles/i2c_eeprom.elf.dir/Bsp/USART_CONTROL/bsp_usart_control.c.obj
                0x20000cd4                aRxBuffer
 *fill*         0x20000cd5        0x1 
 .bss.aRxBuffer_cnt
                0x20000cd6        0x2 CMakeFiles/i2c_eeprom.elf.dir/Bsp/USART_CONTROL/bsp_usart_control.c.obj
                0x20000cd6                aRxBuffer_cnt
 .bss.hi2c1     0x20000cd8       0x54 CMakeFiles/i2c_eeprom.elf.dir/Core/Src/i2c.c.obj
                0x20000cd8                hi2c1
 .bss.heap_end.0
                0x20000d2c        0x4 CMakeFiles/i2c_eeprom.elf.dir/Core/Src/syscalls.c.obj
 .bss.huart1    0x20000d30       0x44 CMakeFiles/i2c_eeprom.elf.dir/Core/Src/usart.c.obj
                0x20000d30                huart1
 .bss.uwTick    0x20000d74        0x4 CMakeFiles/i2c_eeprom.elf.dir/Drivers/STM32F4xx_HAL_Driver/Src/stm32f4xx_hal.c.obj
                0x20000d74                uwTick
 .bss.__lock___atexit_recursive_mutex
                0x20000d78        0x1 d:/environment variable/gnu arm embedded toolchain/10 2021.10/bin/../lib/gcc/arm-none-eabi/10.3.1/../../../../arm-none-eabi/lib/thumb/v7e-m/nofp\libc.a(lib_a-lock.o)
                0x20000d78                __lock___atexit_recursive_mutex
 *fill*         0x20000d79        0x3 
 .bss.__lock___malloc_recursive_mutex
                0x20000d7c        0x1 d:/environment variable/gnu arm embedded toolchain/10 2021.10/bin/../lib/gcc/arm-none-eabi/10.3.1/../../../../arm-none-eabi/lib/thumb/v7e-m/nofp\libc.a(lib_a-lock.o)
                0x20000d7c                __lock___malloc_recursive_mutex
 *fill*         0x20000d7d        0x3 
 .bss.__lock___sfp_recursive_mutex
                0x20000d80        0x1 d:/environment variable/gnu arm embedded toolchain/10 2021.10/bin/../lib/gcc/arm-none-eabi/10.3.1/../../../../arm-none-eabi/lib/thumb/v7e-m/nofp\libc.a(lib_a-lock.o)
                0x20000d80                __lock___sfp_recursive_mutex
 *fill*         0x20000d81        0x3 
 .bss.__lock___sinit_recursive_mutex
                0x20000d84        0x1 d:/environment variable/gnu arm embedded toolchain/10 2021.10/bin/../lib/gcc/arm-none-eabi/10.3.1/../../../../arm-none-eabi/lib/thumb/v7e-m/nofp\libc.a(lib_a-lock.o)
                0x20000d84                __lock___sinit_recursive_mutex
 *fill*         0x20000d85        0x3 
 .bss.__malloc_current_mallinfo
                0x20000d88       0x28 d:/environment variable/gnu arm embedded toolchain/10 2021.10/bin/../lib/gcc/arm-none-eabi/10.3.1/../../../../arm-none-eabi/lib/thumb/v7e-m/nofp\libc.a(lib_a-mallocr.o)
                0x20000d88                __malloc_current_mallinfo
 .bss.__malloc_max_sbrked_mem
                0x20000db0        0x4 d:/environment variable/gnu arm embedded toolchain/10 2021.10/bin/../lib/gcc/arm-none-eabi/10.3.1/../../../../arm-none-eabi/lib/thumb/v7e-m/nofp\libc.a(lib_a-mallocr.o)
                0x20000db0                __malloc_max_sbrked_mem
 .bss.__malloc_max_total_mem
                0x20000db4        0x4 d:/environment variable/gnu arm embedded toolchain/10 2021.10/bin/../lib/gcc/arm-none-eabi/10.3.1/../../../../arm-none-eabi/lib/thumb/v7e-m/nofp\libc.a(lib_a-mallocr.o)
                0x20000db4                __malloc_max_total_mem
 .bss.__malloc_top_pad
                0x20000db8        0x4 d:/environment variable/gnu arm embedded toolchain/10 2021.10/bin/../lib/gcc/arm-none-eabi/10.3.1/../../../../arm-none-eabi/lib/thumb/v7e-m/nofp\libc.a(lib_a-mallocr.o)
                0x20000db8                __malloc_top_pad
 .bss.errno     0x20000dbc        0x4 d:/environment variable/gnu arm embedded toolchain/10 2021.10/bin/../lib/gcc/arm-none-eabi/10.3.1/../../../../arm-none-eabi/lib/thumb/v7e-m/nofp\libc.a(lib_a-reent.o)
                0x20000dbc                errno
 *(COMMON)
                0x20000dc0                . = ALIGN (0x4)
                0x20000dc0                _ebss = .
                0x20000dc0                __bss_end__ = _ebss

._user_heap_stack
                0x20000dc0      0x600
                0x20000dc0                . = ALIGN (0x8)
                0x20000dc0                PROVIDE (end = .)
                [!provide]                PROVIDE (_end = .)
                0x20000fc0                . = (. + _Min_Heap_Size)
 *fill*         0x20000dc0      0x200 
                0x200013c0                . = (. + _Min_Stack_Size)
 *fill*         0x20000fc0      0x400 
                0x200013c0                . = ALIGN (0x8)

/DISCARD/
 libc.a(*)
 libm.a(*)
 libgcc.a(*)

.ARM.attributes
                0x00000000       0x2a
 *(.ARM.attributes)
 .ARM.attributes
                0x00000000       0x1e d:/environment variable/gnu arm embedded toolchain/10 2021.10/bin/../lib/gcc/arm-none-eabi/10.3.1/thumb/v7e-m/nofp/crti.o
 .ARM.attributes
                0x0000001e       0x2e d:/environment variable/gnu arm embedded toolchain/10 2021.10/bin/../lib/gcc/arm-none-eabi/10.3.1/thumb/v7e-m/nofp/crtbegin.o
 .ARM.attributes
                0x0000004c       0x2e CMakeFiles/i2c_eeprom.elf.dir/Bsp/AT24C02_I2C/bsp_at24c02_i2c.c.obj
 .ARM.attributes
                0x0000007a       0x2e CMakeFiles/i2c_eeprom.elf.dir/Bsp/USART_CONTROL/bsp_usart_control.c.obj
 .ARM.attributes
                0x000000a8       0x2e CMakeFiles/i2c_eeprom.elf.dir/Core/Src/gpio.c.obj
 .ARM.attributes
                0x000000d6       0x2e CMakeFiles/i2c_eeprom.elf.dir/Core/Src/i2c.c.obj
 .ARM.attributes
                0x00000104       0x2e CMakeFiles/i2c_eeprom.elf.dir/Core/Src/main.c.obj
 .ARM.attributes
                0x00000132       0x2e CMakeFiles/i2c_eeprom.elf.dir/Core/Src/stm32f4xx_hal_msp.c.obj
 .ARM.attributes
                0x00000160       0x2e CMakeFiles/i2c_eeprom.elf.dir/Core/Src/stm32f4xx_it.c.obj
 .ARM.attributes
                0x0000018e       0x2e CMakeFiles/i2c_eeprom.elf.dir/Core/Src/syscalls.c.obj
 .ARM.attributes
                0x000001bc       0x2e CMakeFiles/i2c_eeprom.elf.dir/Core/Src/system_stm32f4xx.c.obj
 .ARM.attributes
                0x000001ea       0x2e CMakeFiles/i2c_eeprom.elf.dir/Core/Src/usart.c.obj
 .ARM.attributes
                0x00000218       0x2e CMakeFiles/i2c_eeprom.elf.dir/Drivers/STM32F4xx_HAL_Driver/Src/stm32f4xx_hal.c.obj
 .ARM.attributes
                0x00000246       0x2e CMakeFiles/i2c_eeprom.elf.dir/Drivers/STM32F4xx_HAL_Driver/Src/stm32f4xx_hal_cortex.c.obj
 .ARM.attributes
                0x00000274       0x2e CMakeFiles/i2c_eeprom.elf.dir/Drivers/STM32F4xx_HAL_Driver/Src/stm32f4xx_hal_dma.c.obj
 .ARM.attributes
                0x000002a2       0x2e CMakeFiles/i2c_eeprom.elf.dir/Drivers/STM32F4xx_HAL_Driver/Src/stm32f4xx_hal_gpio.c.obj
 .ARM.attributes
                0x000002d0       0x2e CMakeFiles/i2c_eeprom.elf.dir/Drivers/STM32F4xx_HAL_Driver/Src/stm32f4xx_hal_i2c.c.obj
 .ARM.attributes
                0x000002fe       0x2e CMakeFiles/i2c_eeprom.elf.dir/Drivers/STM32F4xx_HAL_Driver/Src/stm32f4xx_hal_rcc.c.obj
 .ARM.attributes
                0x0000032c       0x2e CMakeFiles/i2c_eeprom.elf.dir/Drivers/STM32F4xx_HAL_Driver/Src/stm32f4xx_hal_uart.c.obj
 .ARM.attributes
                0x0000035a       0x21 CMakeFiles/i2c_eeprom.elf.dir/startup/startup_stm32f407xx.s.obj
 .ARM.attributes
                0x0000037b       0x1e d:/environment variable/gnu arm embedded toolchain/10 2021.10/bin/../lib/gcc/arm-none-eabi/10.3.1/thumb/v7e-m/nofp\libgcc.a(_arm_addsubdf3.o)
 .ARM.attributes
                0x00000399       0x1e d:/environment variable/gnu arm embedded toolchain/10 2021.10/bin/../lib/gcc/arm-none-eabi/10.3.1/thumb/v7e-m/nofp\libgcc.a(_arm_fixunsdfsi.o)
 .ARM.attributes
                0x000003b7       0x1e d:/environment variable/gnu arm embedded toolchain/10 2021.10/bin/../lib/gcc/arm-none-eabi/10.3.1/thumb/v7e-m/nofp\libgcc.a(_aeabi_uldivmod.o)
 .ARM.attributes
                0x000003d5       0x2e d:/environment variable/gnu arm embedded toolchain/10 2021.10/bin/../lib/gcc/arm-none-eabi/10.3.1/thumb/v7e-m/nofp\libgcc.a(_udivmoddi4.o)
 .ARM.attributes
                0x00000403       0x1e d:/environment variable/gnu arm embedded toolchain/10 2021.10/bin/../lib/gcc/arm-none-eabi/10.3.1/thumb/v7e-m/nofp\libgcc.a(_dvmd_tls.o)
 .ARM.attributes
                0x00000421       0x2e d:/environment variable/gnu arm embedded toolchain/10 2021.10/bin/../lib/gcc/arm-none-eabi/10.3.1/../../../../arm-none-eabi/lib/thumb/v7e-m/nofp\libc.a(lib_a-errno.o)
 .ARM.attributes
                0x0000044f       0x2e d:/environment variable/gnu arm embedded toolchain/10 2021.10/bin/../lib/gcc/arm-none-eabi/10.3.1/../../../../arm-none-eabi/lib/thumb/v7e-m/nofp\libc.a(lib_a-impure.o)
 .ARM.attributes
                0x0000047d       0x2e d:/environment variable/gnu arm embedded toolchain/10 2021.10/bin/../lib/gcc/arm-none-eabi/10.3.1/../../../../arm-none-eabi/lib/thumb/v7e-m/nofp\libc.a(lib_a-init.o)
 .ARM.attributes
                0x000004ab       0x2e d:/environment variable/gnu arm embedded toolchain/10 2021.10/bin/../lib/gcc/arm-none-eabi/10.3.1/../../../../arm-none-eabi/lib/thumb/v7e-m/nofp\libc.a(lib_a-memset.o)
 .ARM.attributes
                0x000004d9       0x2e d:/environment variable/gnu arm embedded toolchain/10 2021.10/bin/../lib/gcc/arm-none-eabi/10.3.1/../../../../arm-none-eabi/lib/thumb/v7e-m/nofp\libc.a(lib_a-printf.o)
 .ARM.attributes
                0x00000507       0x2e d:/environment variable/gnu arm embedded toolchain/10 2021.10/bin/../lib/gcc/arm-none-eabi/10.3.1/../../../../arm-none-eabi/lib/thumb/v7e-m/nofp\libc.a(lib_a-puts.o)
 .ARM.attributes
                0x00000535       0x1c d:/environment variable/gnu arm embedded toolchain/10 2021.10/bin/../lib/gcc/arm-none-eabi/10.3.1/../../../../arm-none-eabi/lib/thumb/v7e-m/nofp\libc.a(lib_a-strlen.o)
 .ARM.attributes
                0x00000551       0x2e d:/environment variable/gnu arm embedded toolchain/10 2021.10/bin/../lib/gcc/arm-none-eabi/10.3.1/../../../../arm-none-eabi/lib/thumb/v7e-m/nofp\libc.a(lib_a-strstr.o)
 .ARM.attributes
                0x0000057f       0x2e d:/environment variable/gnu arm embedded toolchain/10 2021.10/bin/../lib/gcc/arm-none-eabi/10.3.1/../../../../arm-none-eabi/lib/thumb/v7e-m/nofp\libc.a(lib_a-vfprintf.o)
 .ARM.attributes
                0x000005ad       0x2e d:/environment variable/gnu arm embedded toolchain/10 2021.10/bin/../lib/gcc/arm-none-eabi/10.3.1/../../../../arm-none-eabi/lib/thumb/v7e-m/nofp\libc.a(lib_a-wsetup.o)
 .ARM.attributes
                0x000005db       0x2e d:/environment variable/gnu arm embedded toolchain/10 2021.10/bin/../lib/gcc/arm-none-eabi/10.3.1/../../../../arm-none-eabi/lib/thumb/v7e-m/nofp\libc.a(lib_a-__call_atexit.o)
 .ARM.attributes
                0x00000609       0x2e d:/environment variable/gnu arm embedded toolchain/10 2021.10/bin/../lib/gcc/arm-none-eabi/10.3.1/../../../../arm-none-eabi/lib/thumb/v7e-m/nofp\libc.a(lib_a-atexit.o)
 .ARM.attributes
                0x00000637       0x2e d:/environment variable/gnu arm embedded toolchain/10 2021.10/bin/../lib/gcc/arm-none-eabi/10.3.1/../../../../arm-none-eabi/lib/thumb/v7e-m/nofp\libc.a(lib_a-dtoa.o)
 .ARM.attributes
                0x00000665       0x2e d:/environment variable/gnu arm embedded toolchain/10 2021.10/bin/../lib/gcc/arm-none-eabi/10.3.1/../../../../arm-none-eabi/lib/thumb/v7e-m/nofp\libc.a(lib_a-fflush.o)
 .ARM.attributes
                0x00000693       0x2e d:/environment variable/gnu arm embedded toolchain/10 2021.10/bin/../lib/gcc/arm-none-eabi/10.3.1/../../../../arm-none-eabi/lib/thumb/v7e-m/nofp\libc.a(lib_a-findfp.o)
 .ARM.attributes
                0x000006c1       0x2e d:/environment variable/gnu arm embedded toolchain/10 2021.10/bin/../lib/gcc/arm-none-eabi/10.3.1/../../../../arm-none-eabi/lib/thumb/v7e-m/nofp\libc.a(lib_a-fini.o)
 .ARM.attributes
                0x000006ef       0x2e d:/environment variable/gnu arm embedded toolchain/10 2021.10/bin/../lib/gcc/arm-none-eabi/10.3.1/../../../../arm-none-eabi/lib/thumb/v7e-m/nofp\libc.a(lib_a-freer.o)
 .ARM.attributes
                0x0000071d       0x2e d:/environment variable/gnu arm embedded toolchain/10 2021.10/bin/../lib/gcc/arm-none-eabi/10.3.1/../../../../arm-none-eabi/lib/thumb/v7e-m/nofp\libc.a(lib_a-fvwrite.o)
 .ARM.attributes
                0x0000074b       0x2e d:/environment variable/gnu arm embedded toolchain/10 2021.10/bin/../lib/gcc/arm-none-eabi/10.3.1/../../../../arm-none-eabi/lib/thumb/v7e-m/nofp\libc.a(lib_a-fwalk.o)
 .ARM.attributes
                0x00000779       0x2e d:/environment variable/gnu arm embedded toolchain/10 2021.10/bin/../lib/gcc/arm-none-eabi/10.3.1/../../../../arm-none-eabi/lib/thumb/v7e-m/nofp\libc.a(lib_a-localeconv.o)
 .ARM.attributes
                0x000007a7       0x2e d:/environment variable/gnu arm embedded toolchain/10 2021.10/bin/../lib/gcc/arm-none-eabi/10.3.1/../../../../arm-none-eabi/lib/thumb/v7e-m/nofp\libc.a(lib_a-lock.o)
 .ARM.attributes
                0x000007d5       0x2e d:/environment variable/gnu arm embedded toolchain/10 2021.10/bin/../lib/gcc/arm-none-eabi/10.3.1/../../../../arm-none-eabi/lib/thumb/v7e-m/nofp\libc.a(lib_a-makebuf.o)
 .ARM.attributes
                0x00000803       0x2e d:/environment variable/gnu arm embedded toolchain/10 2021.10/bin/../lib/gcc/arm-none-eabi/10.3.1/../../../../arm-none-eabi/lib/thumb/v7e-m/nofp\libc.a(lib_a-mallocr.o)
 .ARM.attributes
                0x00000831       0x1c d:/environment variable/gnu arm embedded toolchain/10 2021.10/bin/../lib/gcc/arm-none-eabi/10.3.1/../../../../arm-none-eabi/lib/thumb/v7e-m/nofp\libc.a(lib_a-memchr.o)
 .ARM.attributes
                0x0000084d       0x2e d:/environment variable/gnu arm embedded toolchain/10 2021.10/bin/../lib/gcc/arm-none-eabi/10.3.1/../../../../arm-none-eabi/lib/thumb/v7e-m/nofp\libc.a(lib_a-memcmp.o)
 .ARM.attributes
                0x0000087b       0x1c d:/environment variable/gnu arm embedded toolchain/10 2021.10/bin/../lib/gcc/arm-none-eabi/10.3.1/../../../../arm-none-eabi/lib/thumb/v7e-m/nofp\libc.a(lib_a-memcpy.o)
 .ARM.attributes
                0x00000897       0x2e d:/environment variable/gnu arm embedded toolchain/10 2021.10/bin/../lib/gcc/arm-none-eabi/10.3.1/../../../../arm-none-eabi/lib/thumb/v7e-m/nofp\libc.a(lib_a-memmove.o)
 .ARM.attributes
                0x000008c5       0x2e d:/environment variable/gnu arm embedded toolchain/10 2021.10/bin/../lib/gcc/arm-none-eabi/10.3.1/../../../../arm-none-eabi/lib/thumb/v7e-m/nofp\libc.a(lib_a-mlock.o)
 .ARM.attributes
                0x000008f3       0x2e d:/environment variable/gnu arm embedded toolchain/10 2021.10/bin/../lib/gcc/arm-none-eabi/10.3.1/../../../../arm-none-eabi/lib/thumb/v7e-m/nofp\libc.a(lib_a-mprec.o)
 .ARM.attributes
                0x00000921       0x2e d:/environment variable/gnu arm embedded toolchain/10 2021.10/bin/../lib/gcc/arm-none-eabi/10.3.1/../../../../arm-none-eabi/lib/thumb/v7e-m/nofp\libc.a(lib_a-reallocr.o)
 .ARM.attributes
                0x0000094f       0x2e d:/environment variable/gnu arm embedded toolchain/10 2021.10/bin/../lib/gcc/arm-none-eabi/10.3.1/../../../../arm-none-eabi/lib/thumb/v7e-m/nofp\libc.a(lib_a-s_frexp.o)
 .ARM.attributes
                0x0000097d       0x2e d:/environment variable/gnu arm embedded toolchain/10 2021.10/bin/../lib/gcc/arm-none-eabi/10.3.1/../../../../arm-none-eabi/lib/thumb/v7e-m/nofp\libc.a(lib_a-sbrkr.o)
 .ARM.attributes
                0x000009ab       0x2e d:/environment variable/gnu arm embedded toolchain/10 2021.10/bin/../lib/gcc/arm-none-eabi/10.3.1/../../../../arm-none-eabi/lib/thumb/v7e-m/nofp\libc.a(lib_a-stdio.o)
 .ARM.attributes
                0x000009d9       0x2e d:/environment variable/gnu arm embedded toolchain/10 2021.10/bin/../lib/gcc/arm-none-eabi/10.3.1/../../../../arm-none-eabi/lib/thumb/v7e-m/nofp\libc.a(lib_a-strchr.o)
 .ARM.attributes
                0x00000a07       0x2e d:/environment variable/gnu arm embedded toolchain/10 2021.10/bin/../lib/gcc/arm-none-eabi/10.3.1/../../../../arm-none-eabi/lib/thumb/v7e-m/nofp\libc.a(lib_a-strncpy.o)
 .ARM.attributes
                0x00000a35       0x2e d:/environment variable/gnu arm embedded toolchain/10 2021.10/bin/../lib/gcc/arm-none-eabi/10.3.1/../../../../arm-none-eabi/lib/thumb/v7e-m/nofp\libc.a(lib_a-strnlen.o)
 .ARM.attributes
                0x00000a63       0x2e d:/environment variable/gnu arm embedded toolchain/10 2021.10/bin/../lib/gcc/arm-none-eabi/10.3.1/../../../../arm-none-eabi/lib/thumb/v7e-m/nofp\libc.a(lib_a-vfiprintf.o)
 .ARM.attributes
                0x00000a91       0x2e d:/environment variable/gnu arm embedded toolchain/10 2021.10/bin/../lib/gcc/arm-none-eabi/10.3.1/../../../../arm-none-eabi/lib/thumb/v7e-m/nofp\libc.a(lib_a-writer.o)
 .ARM.attributes
                0x00000abf       0x2e d:/environment variable/gnu arm embedded toolchain/10 2021.10/bin/../lib/gcc/arm-none-eabi/10.3.1/../../../../arm-none-eabi/lib/thumb/v7e-m/nofp\libc.a(lib_a-__atexit.o)
 .ARM.attributes
                0x00000aed       0x2e d:/environment variable/gnu arm embedded toolchain/10 2021.10/bin/../lib/gcc/arm-none-eabi/10.3.1/../../../../arm-none-eabi/lib/thumb/v7e-m/nofp\libc.a(lib_a-assert.o)
 .ARM.attributes
                0x00000b1b       0x2e d:/environment variable/gnu arm embedded toolchain/10 2021.10/bin/../lib/gcc/arm-none-eabi/10.3.1/../../../../arm-none-eabi/lib/thumb/v7e-m/nofp\libc.a(lib_a-callocr.o)
 .ARM.attributes
                0x00000b49       0x2e d:/environment variable/gnu arm embedded toolchain/10 2021.10/bin/../lib/gcc/arm-none-eabi/10.3.1/../../../../arm-none-eabi/lib/thumb/v7e-m/nofp\libc.a(lib_a-closer.o)
 .ARM.attributes
                0x00000b77       0x2e d:/environment variable/gnu arm embedded toolchain/10 2021.10/bin/../lib/gcc/arm-none-eabi/10.3.1/../../../../arm-none-eabi/lib/thumb/v7e-m/nofp\libc.a(lib_a-fclose.o)
 .ARM.attributes
                0x00000ba5       0x2e d:/environment variable/gnu arm embedded toolchain/10 2021.10/bin/../lib/gcc/arm-none-eabi/10.3.1/../../../../arm-none-eabi/lib/thumb/v7e-m/nofp\libc.a(lib_a-fiprintf.o)
 .ARM.attributes
                0x00000bd3       0x2e d:/environment variable/gnu arm embedded toolchain/10 2021.10/bin/../lib/gcc/arm-none-eabi/10.3.1/../../../../arm-none-eabi/lib/thumb/v7e-m/nofp\libc.a(lib_a-fputwc.o)
 .ARM.attributes
                0x00000c01       0x2e d:/environment variable/gnu arm embedded toolchain/10 2021.10/bin/../lib/gcc/arm-none-eabi/10.3.1/../../../../arm-none-eabi/lib/thumb/v7e-m/nofp\libc.a(lib_a-fstatr.o)
 .ARM.attributes
                0x00000c2f       0x2e d:/environment variable/gnu arm embedded toolchain/10 2021.10/bin/../lib/gcc/arm-none-eabi/10.3.1/../../../../arm-none-eabi/lib/thumb/v7e-m/nofp\libc.a(lib_a-isattyr.o)
 .ARM.attributes
                0x00000c5d       0x2e d:/environment variable/gnu arm embedded toolchain/10 2021.10/bin/../lib/gcc/arm-none-eabi/10.3.1/../../../../arm-none-eabi/lib/thumb/v7e-m/nofp\libc.a(lib_a-locale.o)
 .ARM.attributes
                0x00000c8b       0x2e d:/environment variable/gnu arm embedded toolchain/10 2021.10/bin/../lib/gcc/arm-none-eabi/10.3.1/../../../../arm-none-eabi/lib/thumb/v7e-m/nofp\libc.a(lib_a-lseekr.o)
 .ARM.attributes
                0x00000cb9       0x2e d:/environment variable/gnu arm embedded toolchain/10 2021.10/bin/../lib/gcc/arm-none-eabi/10.3.1/../../../../arm-none-eabi/lib/thumb/v7e-m/nofp\libc.a(lib_a-mbtowc_r.o)
 .ARM.attributes
                0x00000ce7       0x2e d:/environment variable/gnu arm embedded toolchain/10 2021.10/bin/../lib/gcc/arm-none-eabi/10.3.1/../../../../arm-none-eabi/lib/thumb/v7e-m/nofp\libc.a(lib_a-readr.o)
 .ARM.attributes
                0x00000d15       0x2e d:/environment variable/gnu arm embedded toolchain/10 2021.10/bin/../lib/gcc/arm-none-eabi/10.3.1/../../../../arm-none-eabi/lib/thumb/v7e-m/nofp\libc.a(lib_a-reent.o)
 .ARM.attributes
                0x00000d43       0x2e d:/environment variable/gnu arm embedded toolchain/10 2021.10/bin/../lib/gcc/arm-none-eabi/10.3.1/../../../../arm-none-eabi/lib/thumb/v7e-m/nofp\libc.a(lib_a-wbuf.o)
 .ARM.attributes
                0x00000d71       0x2e d:/environment variable/gnu arm embedded toolchain/10 2021.10/bin/../lib/gcc/arm-none-eabi/10.3.1/../../../../arm-none-eabi/lib/thumb/v7e-m/nofp\libc.a(lib_a-wcrtomb.o)
 .ARM.attributes
                0x00000d9f       0x2e d:/environment variable/gnu arm embedded toolchain/10 2021.10/bin/../lib/gcc/arm-none-eabi/10.3.1/../../../../arm-none-eabi/lib/thumb/v7e-m/nofp\libc.a(lib_a-wctomb_r.o)
 .ARM.attributes
                0x00000dcd       0x2e d:/environment variable/gnu arm embedded toolchain/10 2021.10/bin/../lib/gcc/arm-none-eabi/10.3.1/../../../../arm-none-eabi/lib/thumb/v7e-m/nofp\libc.a(lib_a-abort.o)
 .ARM.attributes
                0x00000dfb       0x2e d:/environment variable/gnu arm embedded toolchain/10 2021.10/bin/../lib/gcc/arm-none-eabi/10.3.1/../../../../arm-none-eabi/lib/thumb/v7e-m/nofp\libc.a(lib_a-ctype_.o)
 .ARM.attributes
                0x00000e29       0x2e d:/environment variable/gnu arm embedded toolchain/10 2021.10/bin/../lib/gcc/arm-none-eabi/10.3.1/../../../../arm-none-eabi/lib/thumb/v7e-m/nofp\libc.a(lib_a-signal.o)
 .ARM.attributes
                0x00000e57       0x2e d:/environment variable/gnu arm embedded toolchain/10 2021.10/bin/../lib/gcc/arm-none-eabi/10.3.1/../../../../arm-none-eabi/lib/thumb/v7e-m/nofp\libc.a(lib_a-signalr.o)
 .ARM.attributes
                0x00000e85       0x1e d:/environment variable/gnu arm embedded toolchain/10 2021.10/bin/../lib/gcc/arm-none-eabi/10.3.1/thumb/v7e-m/nofp\libgcc.a(_arm_muldivdf3.o)
 .ARM.attributes
                0x00000ea3       0x1e d:/environment variable/gnu arm embedded toolchain/10 2021.10/bin/../lib/gcc/arm-none-eabi/10.3.1/thumb/v7e-m/nofp\libgcc.a(_arm_cmpdf2.o)
 .ARM.attributes
                0x00000ec1       0x1e d:/environment variable/gnu arm embedded toolchain/10 2021.10/bin/../lib/gcc/arm-none-eabi/10.3.1/thumb/v7e-m/nofp\libgcc.a(_arm_unorddf2.o)
 .ARM.attributes
                0x00000edf       0x1e d:/environment variable/gnu arm embedded toolchain/10 2021.10/bin/../lib/gcc/arm-none-eabi/10.3.1/thumb/v7e-m/nofp\libgcc.a(_arm_fixdfsi.o)
 .ARM.attributes
                0x00000efd       0x1e d:/environment variable/gnu arm embedded toolchain/10 2021.10/bin/../lib/gcc/arm-none-eabi/10.3.1/thumb/v7e-m/nofp/crtn.o
OUTPUT(i2c_eeprom.elf elf32-littlearm)
LOAD linker stubs
LOAD d:/environment variable/gnu arm embedded toolchain/10 2021.10/bin/../lib/gcc/arm-none-eabi/10.3.1/../../../../arm-none-eabi/lib/thumb/v7e-m/nofp\libc.a
LOAD d:/environment variable/gnu arm embedded toolchain/10 2021.10/bin/../lib/gcc/arm-none-eabi/10.3.1/../../../../arm-none-eabi/lib/thumb/v7e-m/nofp\libm.a
LOAD d:/environment variable/gnu arm embedded toolchain/10 2021.10/bin/../lib/gcc/arm-none-eabi/10.3.1/thumb/v7e-m/nofp\libgcc.a

.debug_info     0x00000000    0x103c4
 .debug_info    0x00000000      0x877 CMakeFiles/i2c_eeprom.elf.dir/Bsp/AT24C02_I2C/bsp_at24c02_i2c.c.obj
 .debug_info    0x00000877      0xc3c CMakeFiles/i2c_eeprom.elf.dir/Bsp/USART_CONTROL/bsp_usart_control.c.obj
 .debug_info    0x000014b3      0x480 CMakeFiles/i2c_eeprom.elf.dir/Core/Src/gpio.c.obj
 .debug_info    0x00001933      0xa59 CMakeFiles/i2c_eeprom.elf.dir/Core/Src/i2c.c.obj
 .debug_info    0x0000238c      0xac8 CMakeFiles/i2c_eeprom.elf.dir/Core/Src/main.c.obj
 .debug_info    0x00002e54      0x2ab CMakeFiles/i2c_eeprom.elf.dir/Core/Src/stm32f4xx_hal_msp.c.obj
 .debug_info    0x000030ff      0x67c CMakeFiles/i2c_eeprom.elf.dir/Core/Src/stm32f4xx_it.c.obj
 .debug_info    0x0000377b      0x835 CMakeFiles/i2c_eeprom.elf.dir/Core/Src/syscalls.c.obj
 .debug_info    0x00003fb0      0x37d CMakeFiles/i2c_eeprom.elf.dir/Core/Src/system_stm32f4xx.c.obj
 .debug_info    0x0000432d      0xc69 CMakeFiles/i2c_eeprom.elf.dir/Core/Src/usart.c.obj
 .debug_info    0x00004f96      0x9f0 CMakeFiles/i2c_eeprom.elf.dir/Drivers/STM32F4xx_HAL_Driver/Src/stm32f4xx_hal.c.obj
 .debug_info    0x00005986     0x1098 CMakeFiles/i2c_eeprom.elf.dir/Drivers/STM32F4xx_HAL_Driver/Src/stm32f4xx_hal_cortex.c.obj
 .debug_info    0x00006a1e      0xb3f CMakeFiles/i2c_eeprom.elf.dir/Drivers/STM32F4xx_HAL_Driver/Src/stm32f4xx_hal_dma.c.obj
 .debug_info    0x0000755d      0x7b0 CMakeFiles/i2c_eeprom.elf.dir/Drivers/STM32F4xx_HAL_Driver/Src/stm32f4xx_hal_gpio.c.obj
 .debug_info    0x00007d0d     0x3944 CMakeFiles/i2c_eeprom.elf.dir/Drivers/STM32F4xx_HAL_Driver/Src/stm32f4xx_hal_i2c.c.obj
 .debug_info    0x0000b651      0xb03 CMakeFiles/i2c_eeprom.elf.dir/Drivers/STM32F4xx_HAL_Driver/Src/stm32f4xx_hal_rcc.c.obj
 .debug_info    0x0000c154     0x424e CMakeFiles/i2c_eeprom.elf.dir/Drivers/STM32F4xx_HAL_Driver/Src/stm32f4xx_hal_uart.c.obj
 .debug_info    0x000103a2       0x22 CMakeFiles/i2c_eeprom.elf.dir/startup/startup_stm32f407xx.s.obj

.debug_abbrev   0x00000000     0x2251
 .debug_abbrev  0x00000000      0x1a4 CMakeFiles/i2c_eeprom.elf.dir/Bsp/AT24C02_I2C/bsp_at24c02_i2c.c.obj
 .debug_abbrev  0x000001a4      0x23c CMakeFiles/i2c_eeprom.elf.dir/Bsp/USART_CONTROL/bsp_usart_control.c.obj
 .debug_abbrev  0x000003e0      0x14e CMakeFiles/i2c_eeprom.elf.dir/Core/Src/gpio.c.obj
 .debug_abbrev  0x0000052e      0x1d3 CMakeFiles/i2c_eeprom.elf.dir/Core/Src/i2c.c.obj
 .debug_abbrev  0x00000701      0x202 CMakeFiles/i2c_eeprom.elf.dir/Core/Src/main.c.obj
 .debug_abbrev  0x00000903       0xd1 CMakeFiles/i2c_eeprom.elf.dir/Core/Src/stm32f4xx_hal_msp.c.obj
 .debug_abbrev  0x000009d4      0x16e CMakeFiles/i2c_eeprom.elf.dir/Core/Src/stm32f4xx_it.c.obj
 .debug_abbrev  0x00000b42      0x1da CMakeFiles/i2c_eeprom.elf.dir/Core/Src/syscalls.c.obj
 .debug_abbrev  0x00000d1c      0x119 CMakeFiles/i2c_eeprom.elf.dir/Core/Src/system_stm32f4xx.c.obj
 .debug_abbrev  0x00000e35      0x1e3 CMakeFiles/i2c_eeprom.elf.dir/Core/Src/usart.c.obj
 .debug_abbrev  0x00001018      0x206 CMakeFiles/i2c_eeprom.elf.dir/Drivers/STM32F4xx_HAL_Driver/Src/stm32f4xx_hal.c.obj
 .debug_abbrev  0x0000121e      0x36a CMakeFiles/i2c_eeprom.elf.dir/Drivers/STM32F4xx_HAL_Driver/Src/stm32f4xx_hal_cortex.c.obj
 .debug_abbrev  0x00001588      0x2c2 CMakeFiles/i2c_eeprom.elf.dir/Drivers/STM32F4xx_HAL_Driver/Src/stm32f4xx_hal_dma.c.obj
 .debug_abbrev  0x0000184a      0x1ef CMakeFiles/i2c_eeprom.elf.dir/Drivers/STM32F4xx_HAL_Driver/Src/stm32f4xx_hal_gpio.c.obj
 .debug_abbrev  0x00001a39      0x27f CMakeFiles/i2c_eeprom.elf.dir/Drivers/STM32F4xx_HAL_Driver/Src/stm32f4xx_hal_i2c.c.obj