Archive member included to satisfy reference by file (symbol)

d:/environment variable/gnu arm embedded toolchain/10 2021.10/bin/../lib/gcc/arm-none-eabi/10.3.1/thumb/v7e-m/nofp\libgcc.a(_aeabi_uldivmod.o)
                              CMakeFiles/SysTick.elf.dir/Drivers/STM32F4xx_HAL_Driver/Src/stm32f4xx_hal_rcc.c.obj (__aeabi_uldivmod)
d:/environment variable/gnu arm embedded toolchain/10 2021.10/bin/../lib/gcc/arm-none-eabi/10.3.1/thumb/v7e-m/nofp\libgcc.a(_udivmoddi4.o)
                              d:/environment variable/gnu arm embedded toolchain/10 2021.10/bin/../lib/gcc/arm-none-eabi/10.3.1/thumb/v7e-m/nofp\libgcc.a(_aeabi_uldivmod.o) (__udivmoddi4)
d:/environment variable/gnu arm embedded toolchain/10 2021.10/bin/../lib/gcc/arm-none-eabi/10.3.1/thumb/v7e-m/nofp\libgcc.a(_dvmd_tls.o)
                              d:/environment variable/gnu arm embedded toolchain/10 2021.10/bin/../lib/gcc/arm-none-eabi/10.3.1/thumb/v7e-m/nofp\libgcc.a(_aeabi_uldivmod.o) (__aeabi_ldiv0)
d:/environment variable/gnu arm embedded toolchain/10 2021.10/bin/../lib/gcc/arm-none-eabi/10.3.1/../../../../arm-none-eabi/lib/thumb/v7e-m/nofp\libc.a(lib_a-errno.o)
                              CMakeFiles/SysTick.elf.dir/Core/Src/syscalls.c.obj (__errno)
d:/environment variable/gnu arm embedded toolchain/10 2021.10/bin/../lib/gcc/arm-none-eabi/10.3.1/../../../../arm-none-eabi/lib/thumb/v7e-m/nofp\libc.a(lib_a-exit.o)
                              d:/environment variable/gnu arm embedded toolchain/10 2021.10/bin/../lib/gcc/arm-none-eabi/10.3.1/../../../../arm-none-eabi/lib/thumb/v7e-m/nofp/crt0.o (exit)
d:/environment variable/gnu arm embedded toolchain/10 2021.10/bin/../lib/gcc/arm-none-eabi/10.3.1/../../../../arm-none-eabi/lib/thumb/v7e-m/nofp\libc.a(lib_a-impure.o)
                              d:/environment variable/gnu arm embedded toolchain/10 2021.10/bin/../lib/gcc/arm-none-eabi/10.3.1/../../../../arm-none-eabi/lib/thumb/v7e-m/nofp\libc.a(lib_a-exit.o) (_global_impure_ptr)
d:/environment variable/gnu arm embedded toolchain/10 2021.10/bin/../lib/gcc/arm-none-eabi/10.3.1/../../../../arm-none-eabi/lib/thumb/v7e-m/nofp\libc.a(lib_a-init.o)
                              d:/environment variable/gnu arm embedded toolchain/10 2021.10/bin/../lib/gcc/arm-none-eabi/10.3.1/../../../../arm-none-eabi/lib/thumb/v7e-m/nofp/crt0.o (__libc_init_array)
d:/environment variable/gnu arm embedded toolchain/10 2021.10/bin/../lib/gcc/arm-none-eabi/10.3.1/../../../../arm-none-eabi/lib/thumb/v7e-m/nofp\libc.a(lib_a-memset.o)
                              d:/environment variable/gnu arm embedded toolchain/10 2021.10/bin/../lib/gcc/arm-none-eabi/10.3.1/../../../../arm-none-eabi/lib/thumb/v7e-m/nofp/crt0.o (memset)
d:/environment variable/gnu arm embedded toolchain/10 2021.10/bin/../lib/gcc/arm-none-eabi/10.3.1/../../../../arm-none-eabi/lib/thumb/v7e-m/nofp\libc.a(lib_a-__call_atexit.o)
                              d:/environment variable/gnu arm embedded toolchain/10 2021.10/bin/../lib/gcc/arm-none-eabi/10.3.1/../../../../arm-none-eabi/lib/thumb/v7e-m/nofp\libc.a(lib_a-exit.o) (__call_exitprocs)
d:/environment variable/gnu arm embedded toolchain/10 2021.10/bin/../lib/gcc/arm-none-eabi/10.3.1/../../../../arm-none-eabi/lib/thumb/v7e-m/nofp\libc.a(lib_a-atexit.o)
                              d:/environment variable/gnu arm embedded toolchain/10 2021.10/bin/../lib/gcc/arm-none-eabi/10.3.1/../../../../arm-none-eabi/lib/thumb/v7e-m/nofp\libc.a(lib_a-__call_atexit.o) (atexit)
d:/environment variable/gnu arm embedded toolchain/10 2021.10/bin/../lib/gcc/arm-none-eabi/10.3.1/../../../../arm-none-eabi/lib/thumb/v7e-m/nofp\libc.a(lib_a-fini.o)
                              d:/environment variable/gnu arm embedded toolchain/10 2021.10/bin/../lib/gcc/arm-none-eabi/10.3.1/../../../../arm-none-eabi/lib/thumb/v7e-m/nofp\libc.a(lib_a-__call_atexit.o) (__libc_fini_array)
d:/environment variable/gnu arm embedded toolchain/10 2021.10/bin/../lib/gcc/arm-none-eabi/10.3.1/../../../../arm-none-eabi/lib/thumb/v7e-m/nofp\libc.a(lib_a-lock.o)
                              d:/environment variable/gnu arm embedded toolchain/10 2021.10/bin/../lib/gcc/arm-none-eabi/10.3.1/../../../../arm-none-eabi/lib/thumb/v7e-m/nofp\libc.a(lib_a-__call_atexit.o) (__retarget_lock_acquire_recursive)
d:/environment variable/gnu arm embedded toolchain/10 2021.10/bin/../lib/gcc/arm-none-eabi/10.3.1/../../../../arm-none-eabi/lib/thumb/v7e-m/nofp\libc.a(lib_a-__atexit.o)
                              d:/environment variable/gnu arm embedded toolchain/10 2021.10/bin/../lib/gcc/arm-none-eabi/10.3.1/../../../../arm-none-eabi/lib/thumb/v7e-m/nofp\libc.a(lib_a-atexit.o) (__register_exitproc)

Discarded input sections

 .text          0x00000000        0x0 d:/environment variable/gnu arm embedded toolchain/10 2021.10/bin/../lib/gcc/arm-none-eabi/10.3.1/thumb/v7e-m/nofp/crti.o
[...]
Memory Configuration

Name             Origin             Length             Attributes
RAM              0x20000000         0x00020000         xrw
CCMRAM           0x10000000         0x00010000         xrw
FLASH            0x08000000         0x00100000         xr
*default*        0x00000000         0xffffffff

Linker script and memory map

LOAD d:/environment variable/gnu arm embedded toolchain/10 2021.10/bin/../lib/gcc/arm-none-eabi/10.3.1/thumb/v7e-m/nofp/crti.o
LOAD d:/environment variable/gnu arm embedded toolchain/10 2021.10/bin/../lib/gcc/arm-none-eabi/10.3.1/thumb/v7e-m/nofp/crtbegin.o
LOAD d:/environment variable/gnu arm embedded toolchain/10 2021.10/bin/../lib/gcc/arm-none-eabi/10.3.1/../../../../arm-none-eabi/lib/thumb/v7e-m/nofp/crt0.o
LOAD CMakeFiles/SysTick.elf.dir/Bsp/SysTick/systick.c.obj
LOAD CMakeFiles/SysTick.elf.dir/Core/Src/gpio.c.obj
LOAD CMakeFiles/SysTick.elf.dir/Core/Src/main.c.obj
LOAD CMakeFiles/SysTick.elf.dir/Core/Src/stm32f4xx_hal_msp.c.obj
LOAD CMakeFiles/SysTick.elf.dir/Core/Src/stm32f4xx_it.c.obj
LOAD CMakeFiles/SysTick.elf.dir/Core/Src/syscalls.c.obj
LOAD CMakeFiles/SysTick.elf.dir/Core/Src/system_stm32f4xx.c.obj
LOAD CMakeFiles/SysTick.elf.dir/Drivers/STM32F4xx_HAL_Driver/Src/stm32f4xx_hal.c.obj
LOAD CMakeFiles/SysTick.elf.dir/Drivers/STM32F4xx_HAL_Driver/Src/stm32f4xx_hal_cortex.c.obj
LOAD CMakeFiles/SysTick.elf.dir/Drivers/STM32F4xx_HAL_Driver/Src/stm32f4xx_hal_dma.c.obj
LOAD CMakeFiles/SysTick.elf.dir/Drivers/STM32F4xx_HAL_Driver/Src/stm32f4xx_hal_dma_ex.c.obj
LOAD CMakeFiles/SysTick.elf.dir/Drivers/STM32F4xx_HAL_Driver/Src/stm32f4xx_hal_exti.c.obj
LOAD CMakeFiles/SysTick.elf.dir/Drivers/STM32F4xx_HAL_Driver/Src/stm32f4xx_hal_flash.c.obj
LOAD CMakeFiles/SysTick.elf.dir/Drivers/STM32F4xx_HAL_Driver/Src/stm32f4xx_hal_flash_ex.c.obj
LOAD CMakeFiles/SysTick.elf.dir/Drivers/STM32F4xx_HAL_Driver/Src/stm32f4xx_hal_flash_ramfunc.c.obj
LOAD CMakeFiles/SysTick.elf.dir/Drivers/STM32F4xx_HAL_Driver/Src/stm32f4xx_hal_gpio.c.obj
LOAD CMakeFiles/SysTick.elf.dir/Drivers/STM32F4xx_HAL_Driver/Src/stm32f4xx_hal_pwr.c.obj
LOAD CMakeFiles/SysTick.elf.dir/Drivers/STM32F4xx_HAL_Driver/Src/stm32f4xx_hal_pwr_ex.c.obj
LOAD CMakeFiles/SysTick.elf.dir/Drivers/STM32F4xx_HAL_Driver/Src/stm32f4xx_hal_rcc.c.obj
LOAD CMakeFiles/SysTick.elf.dir/Drivers/STM32F4xx_HAL_Driver/Src/stm32f4xx_hal_rcc_ex.c.obj
LOAD CMakeFiles/SysTick.elf.dir/Drivers/STM32F4xx_HAL_Driver/Src/stm32f4xx_hal_tim.c.obj
LOAD CMakeFiles/SysTick.elf.dir/Drivers/STM32F4xx_HAL_Driver/Src/stm32f4xx_hal_tim_ex.c.obj
LOAD CMakeFiles/SysTick.elf.dir/startup/startup_stm32f407xx.s.obj
START GROUP
LOAD d:/environment variable/gnu arm embedded toolchain/10 2021.10/bin/../lib/gcc/arm-none-eabi/10.3.1/thumb/v7e-m/nofp\libgcc.a
LOAD d:/environment variable/gnu arm embedded toolchain/10 2021.10/bin/../lib/gcc/arm-none-eabi/10.3.1/../../../../arm-none-eabi/lib/thumb/v7e-m/nofp\libc.a
END GROUP
LOAD d:/environment variable/gnu arm embedded toolchain/10 2021.10/bin/../lib/gcc/arm-none-eabi/10.3.1/thumb/v7e-m/nofp/crtend.o
LOAD d:/environment variable/gnu arm embedded toolchain/10 2021.10/bin/../lib/gcc/arm-none-eabi/10.3.1/thumb/v7e-m/nofp/crtn.o
                0x20020000                _estack = (ORIGIN (RAM) + LENGTH (RAM))
                0x00000200                _Min_Heap_Size = 0x200
                0x00000400                _Min_Stack_Size = 0x400

.isr_vector     0x08000000      0x188
                0x08000000                . = ALIGN (0x4)
 *(.isr_vector)
 .isr_vector    0x08000000      0x188 CMakeFiles/SysTick.elf.dir/startup/startup_stm32f407xx.s.obj
                0x08000000                g_pfnVectors
                0x08000188                . = ALIGN (0x4)

.text           0x08000188     0x1100
                0x08000188                . = ALIGN (0x4)
 *(.text)
 .text          0x08000188       0x40 d:/environment variable/gnu arm embedded toolchain/10 2021.10/bin/../lib/gcc/arm-none-eabi/10.3.1/thumb/v7e-m/nofp/crtbegin.o
 .text          0x080001c8       0x30 d:/environment variable/gnu arm embedded toolchain/10 2021.10/bin/../lib/gcc/arm-none-eabi/10.3.1/thumb/v7e-m/nofp\libgcc.a(_aeabi_uldivmod.o)
                0x080001c8                __aeabi_uldivmod
 .text          0x080001f8      0x2d0 d:/environment variable/gnu arm embedded toolchain/10 2021.10/bin/../lib/gcc/arm-none-eabi/10.3.1/thumb/v7e-m/nofp\libgcc.a(_udivmoddi4.o)
                0x080001f8                __udivmoddi4
 .text          0x080004c8        0x4 d:/environment variable/gnu arm embedded toolchain/10 2021.10/bin/../lib/gcc/arm-none-eabi/10.3.1/thumb/v7e-m/nofp\libgcc.a(_dvmd_tls.o)
                0x080004c8                __aeabi_idiv0
                0x080004c8                __aeabi_ldiv0
 *(.text*)
 .text.SysTick_Init
                0x080004cc       0x20 CMakeFiles/SysTick.elf.dir/Bsp/SysTick/systick.c.obj
                0x080004cc                SysTick_Init
 .text.MX_GPIO_Init
                0x080004ec       0x80 CMakeFiles/SysTick.elf.dir/Core/Src/gpio.c.obj
                0x080004ec                MX_GPIO_Init
 .text.Error_Handler
                0x0800056c        0x4 CMakeFiles/SysTick.elf.dir/Core/Src/main.c.obj
                0x0800056c                Error_Handler
 .text.SystemClock_Config
                0x08000570       0xa8 CMakeFiles/SysTick.elf.dir/Core/Src/main.c.obj
                0x08000570                SystemClock_Config
 .text.main     0x08000618       0x2c CMakeFiles/SysTick.elf.dir/Core/Src/main.c.obj
                0x08000618                main
 .text.HAL_MspInit
                0x08000644       0x38 CMakeFiles/SysTick.elf.dir/Core/Src/stm32f4xx_hal_msp.c.obj
                0x08000644                HAL_MspInit
 .text.NMI_Handler
                0x0800067c        0x2 CMakeFiles/SysTick.elf.dir/Core/Src/stm32f4xx_it.c.obj
                0x0800067c                NMI_Handler
 .text.HardFault_Handler
                0x0800067e        0x2 CMakeFiles/SysTick.elf.dir/Core/Src/stm32f4xx_it.c.obj
                0x0800067e                HardFault_Handler
 .text.MemManage_Handler
                0x08000680        0x2 CMakeFiles/SysTick.elf.dir/Core/Src/stm32f4xx_it.c.obj
                0x08000680                MemManage_Handler
 .text.BusFault_Handler
                0x08000682        0x2 CMakeFiles/SysTick.elf.dir/Core/Src/stm32f4xx_it.c.obj
                0x08000682                BusFault_Handler
 .text.UsageFault_Handler
                0x08000684        0x2 CMakeFiles/SysTick.elf.dir/Core/Src/stm32f4xx_it.c.obj
                0x08000684                UsageFault_Handler
 .text.SVC_Handler
                0x08000686        0x2 CMakeFiles/SysTick.elf.dir/Core/Src/stm32f4xx_it.c.obj
                0x08000686                SVC_Handler
 .text.DebugMon_Handler
                0x08000688        0x2 CMakeFiles/SysTick.elf.dir/Core/Src/stm32f4xx_it.c.obj
                0x08000688                DebugMon_Handler
 .text.PendSV_Handler
                0x0800068a        0x2 CMakeFiles/SysTick.elf.dir/Core/Src/stm32f4xx_it.c.obj
                0x0800068a                PendSV_Handler
 .text.SysTick_Handler
                0x0800068c        0x8 CMakeFiles/SysTick.elf.dir/Core/Src/stm32f4xx_it.c.obj
                0x0800068c                SysTick_Handler
 .text.SystemInit
                0x08000694        0x2 CMakeFiles/SysTick.elf.dir/Core/Src/system_stm32f4xx.c.obj
                0x08000694                SystemInit
 *fill*         0x08000696        0x2 
 .text.HAL_InitTick
                0x08000698       0x4c CMakeFiles/SysTick.elf.dir/Drivers/STM32F4xx_HAL_Driver/Src/stm32f4xx_hal.c.obj
                0x08000698                HAL_InitTick
 .text.HAL_Init
                0x080006e4       0x34 CMakeFiles/SysTick.elf.dir/Drivers/STM32F4xx_HAL_Driver/Src/stm32f4xx_hal.c.obj
                0x080006e4                HAL_Init
 .text.HAL_IncTick
                0x08000718       0x18 CMakeFiles/SysTick.elf.dir/Drivers/STM32F4xx_HAL_Driver/Src/stm32f4xx_hal.c.obj
                0x08000718                HAL_IncTick
 .text.HAL_GetTick
                0x08000730        0xc CMakeFiles/SysTick.elf.dir/Drivers/STM32F4xx_HAL_Driver/Src/stm32f4xx_hal.c.obj
                0x08000730                HAL_GetTick
 .text.HAL_Delay
                0x0800073c       0x28 CMakeFiles/SysTick.elf.dir/Drivers/STM32F4xx_HAL_Driver/Src/stm32f4xx_hal.c.obj
                0x0800073c                HAL_Delay
 .text.HAL_NVIC_SetPriorityGrouping
                0x08000764       0x24 CMakeFiles/SysTick.elf.dir/Drivers/STM32F4xx_HAL_Driver/Src/stm32f4xx_hal_cortex.c.obj
                0x08000764                HAL_NVIC_SetPriorityGrouping
 .text.HAL_NVIC_SetPriority
                0x08000788       0x70 CMakeFiles/SysTick.elf.dir/Drivers/STM32F4xx_HAL_Driver/Src/stm32f4xx_hal_cortex.c.obj
                0x08000788                HAL_NVIC_SetPriority
 .text.HAL_SYSTICK_Config
                0x080007f8       0x28 CMakeFiles/SysTick.elf.dir/Drivers/STM32F4xx_HAL_Driver/Src/stm32f4xx_hal_cortex.c.obj
                0x080007f8                HAL_SYSTICK_Config
 .text.HAL_GPIO_Init
                0x08000820      0x1e4 CMakeFiles/SysTick.elf.dir/Drivers/STM32F4xx_HAL_Driver/Src/stm32f4xx_hal_gpio.c.obj
                0x08000820                HAL_GPIO_Init
 .text.HAL_GPIO_WritePin
                0x08000a04        0xc CMakeFiles/SysTick.elf.dir/Drivers/STM32F4xx_HAL_Driver/Src/stm32f4xx_hal_gpio.c.obj
                0x08000a04                HAL_GPIO_WritePin
 .text.HAL_GPIO_TogglePin
                0x08000a10       0x12 CMakeFiles/SysTick.elf.dir/Drivers/STM32F4xx_HAL_Driver/Src/stm32f4xx_hal_gpio.c.obj
                0x08000a10                HAL_GPIO_TogglePin
 *fill*         0x08000a22        0x2 
 .text.HAL_RCC_OscConfig
                0x08000a24      0x3f8 CMakeFiles/SysTick.elf.dir/Drivers/STM32F4xx_HAL_Driver/Src/stm32f4xx_hal_rcc.c.obj
                0x08000a24                HAL_RCC_OscConfig
 .text.HAL_RCC_GetSysClockFreq
                0x08000e1c       0xd4 CMakeFiles/SysTick.elf.dir/Drivers/STM32F4xx_HAL_Driver/Src/stm32f4xx_hal_rcc.c.obj
                0x08000e1c                HAL_RCC_GetSysClockFreq
 .text.HAL_RCC_ClockConfig
                0x08000ef0      0x160 CMakeFiles/SysTick.elf.dir/Drivers/STM32F4xx_HAL_Driver/Src/stm32f4xx_hal_rcc.c.obj
                0x08000ef0                HAL_RCC_ClockConfig
 .text.Reset_Handler
                0x08001050       0x50 CMakeFiles/SysTick.elf.dir/startup/startup_stm32f407xx.s.obj
                0x08001050                Reset_Handler
 .text.Default_Handler
                0x080010a0        0x2 CMakeFiles/SysTick.elf.dir/startup/startup_stm32f407xx.s.obj
                0x080010a0                RTC_Alarm_IRQHandler
                0x080010a0                HASH_RNG_IRQHandler
                0x080010a0                EXTI2_IRQHandler
                0x080010a0                TIM8_CC_IRQHandler
                0x080010a0                TIM1_CC_IRQHandler
                0x080010a0                DMA2_Stream5_IRQHandler
                0x080010a0                DMA1_Stream5_IRQHandler
                0x080010a0                PVD_IRQHandler
                0x080010a0                SDIO_IRQHandler
                0x080010a0                TAMP_STAMP_IRQHandler
                0x080010a0                CAN2_RX1_IRQHandler
                0x080010a0                EXTI3_IRQHandler
                0x080010a0                TIM8_TRG_COM_TIM14_IRQHandler
                0x080010a0                TIM1_UP_TIM10_IRQHandler
                0x080010a0                TIM8_UP_TIM13_IRQHandler
                0x080010a0                I2C3_ER_IRQHandler
                0x080010a0                EXTI0_IRQHandler
                0x080010a0                I2C2_EV_IRQHandler
                0x080010a0                DMA1_Stream2_IRQHandler
                0x080010a0                CAN1_RX0_IRQHandler
                0x080010a0                FPU_IRQHandler
                0x080010a0                OTG_HS_WKUP_IRQHandler
                0x080010a0                CAN2_SCE_IRQHandler
                0x080010a0                DMA2_Stream2_IRQHandler
                0x080010a0                SPI1_IRQHandler
                0x080010a0                TIM6_DAC_IRQHandler
                0x080010a0                TIM1_BRK_TIM9_IRQHandler
                0x080010a0                DCMI_IRQHandler
                0x080010a0                CAN2_RX0_IRQHandler
                0x080010a0                DMA2_Stream3_IRQHandler
                0x080010a0                USART6_IRQHandler
                0x080010a0                USART3_IRQHandler
                0x080010a0                CAN1_RX1_IRQHandler
                0x080010a0                UART5_IRQHandler
                0x080010a0                DMA2_Stream0_IRQHandler
                0x080010a0                TIM4_IRQHandler
                0x080010a0                I2C1_EV_IRQHandler
                0x080010a0                DMA1_Stream6_IRQHandler
                0x080010a0                DMA1_Stream1_IRQHandler
                0x080010a0                UART4_IRQHandler
                0x080010a0                TIM3_IRQHandler
                0x080010a0                RCC_IRQHandler
                0x080010a0                TIM8_BRK_TIM12_IRQHandler
                0x080010a0                Default_Handler
                0x080010a0                EXTI15_10_IRQHandler
                0x080010a0                ADC_IRQHandler
                0x080010a0                DMA1_Stream7_IRQHandler
                0x080010a0                TIM7_IRQHandler
                0x080010a0                CAN2_TX_IRQHandler
                0x080010a0                TIM5_IRQHandler
                0x080010a0                DMA2_Stream7_IRQHandler
                0x080010a0                I2C3_EV_IRQHandler
                0x080010a0                EXTI9_5_IRQHandler
                0x080010a0                RTC_WKUP_IRQHandler
                0x080010a0                ETH_WKUP_IRQHandler
                0x080010a0                SPI2_IRQHandler
                0x080010a0                OTG_HS_EP1_IN_IRQHandler
                0x080010a0                DMA1_Stream0_IRQHandler
                0x080010a0                CAN1_TX_IRQHandler
                0x080010a0                EXTI4_IRQHandler
                0x080010a0                FSMC_IRQHandler
                0x080010a0                ETH_IRQHandler
                0x080010a0                OTG_HS_EP1_OUT_IRQHandler
                0x080010a0                WWDG_IRQHandler
                0x080010a0                TIM2_IRQHandler
                0x080010a0                OTG_FS_WKUP_IRQHandler
                0x080010a0                TIM1_TRG_COM_TIM11_IRQHandler
                0x080010a0                OTG_HS_IRQHandler
                0x080010a0                EXTI1_IRQHandler
                0x080010a0                USART2_IRQHandler
                0x080010a0                I2C2_ER_IRQHandler
                0x080010a0                DMA2_Stream1_IRQHandler
                0x080010a0                CAN1_SCE_IRQHandler
                0x080010a0                FLASH_IRQHandler
                0x080010a0                DMA2_Stream4_IRQHandler
                0x080010a0                USART1_IRQHandler
                0x080010a0                OTG_FS_IRQHandler
                0x080010a0                SPI3_IRQHandler
                0x080010a0                DMA1_Stream4_IRQHandler
                0x080010a0                I2C1_ER_IRQHandler
                0x080010a0                DMA2_Stream6_IRQHandler
                0x080010a0                DMA1_Stream3_IRQHandler
 *fill*         0x080010a2        0x2 
 .text.__libc_init_array
                0x080010a4       0x48 d:/environment variable/gnu arm embedded toolchain/10 2021.10/bin/../lib/gcc/arm-none-eabi/10.3.1/../../../../arm-none-eabi/lib/thumb/v7e-m/nofp\libc.a(lib_a-init.o)
                0x080010a4                __libc_init_array
 .text.memset   0x080010ec       0xa4 d:/environment variable/gnu arm embedded toolchain/10 2021.10/bin/../lib/gcc/arm-none-eabi/10.3.1/../../../../arm-none-eabi/lib/thumb/v7e-m/nofp\libc.a(lib_a-memset.o)
                0x080010ec                memset
 .text.startup.register_fini
                0x08001190       0x14 d:/environment variable/gnu arm embedded toolchain/10 2021.10/bin/../lib/gcc/arm-none-eabi/10.3.1/../../../../arm-none-eabi/lib/thumb/v7e-m/nofp\libc.a(lib_a-__call_atexit.o)
 .text.atexit   0x080011a4        0xc d:/environment variable/gnu arm embedded toolchain/10 2021.10/bin/../lib/gcc/arm-none-eabi/10.3.1/../../../../arm-none-eabi/lib/thumb/v7e-m/nofp\libc.a(lib_a-atexit.o)
                0x080011a4                atexit
 .text.__libc_fini_array
                0x080011b0       0x2c d:/environment variable/gnu arm embedded toolchain/10 2021.10/bin/../lib/gcc/arm-none-eabi/10.3.1/../../../../arm-none-eabi/lib/thumb/v7e-m/nofp\libc.a(lib_a-fini.o)
                0x080011b0                __libc_fini_array
 .text.__retarget_lock_acquire_recursive
                0x080011dc        0x4 d:/environment variable/gnu arm embedded toolchain/10 2021.10/bin/../lib/gcc/arm-none-eabi/10.3.1/../../../../arm-none-eabi/lib/thumb/v7e-m/nofp\libc.a(lib_a-lock.o)
                0x080011dc                __retarget_lock_acquire_recursive
 .text.__retarget_lock_release_recursive
                0x080011e0        0x4 d:/environment variable/gnu arm embedded toolchain/10 2021.10/bin/../lib/gcc/arm-none-eabi/10.3.1/../../../../arm-none-eabi/lib/thumb/v7e-m/nofp\libc.a(lib_a-lock.o)
                0x080011e0                __retarget_lock_release_recursive
 .text.__register_exitproc
                0x080011e4       0x8c d:/environment variable/gnu arm embedded toolchain/10 2021.10/bin/../lib/gcc/arm-none-eabi/10.3.1/../../../../arm-none-eabi/lib/thumb/v7e-m/nofp\libc.a(lib_a-__atexit.o)
                0x080011e4                __register_exitproc
 *(.glue_7)
 .glue_7        0x08001270        0x0 linker stubs
 *(.glue_7t)
 .glue_7t       0x08001270        0x0 linker stubs
 *(.eh_frame)
 .eh_frame      0x08001270        0x0 d:/environment variable/gnu arm embedded toolchain/10 2021.10/bin/../lib/gcc/arm-none-eabi/10.3.1/thumb/v7e-m/nofp/crtbegin.o
 *(.init)
 .init          0x08001270        0x4 d:/environment variable/gnu arm embedded toolchain/10 2021.10/bin/../lib/gcc/arm-none-eabi/10.3.1/thumb/v7e-m/nofp/crti.o
                0x08001270                _init
 .init          0x08001274        0x8 d:/environment variable/gnu arm embedded toolchain/10 2021.10/bin/../lib/gcc/arm-none-eabi/10.3.1/thumb/v7e-m/nofp/crtn.o
 *(.fini)
 .fini          0x0800127c        0x4 d:/environment variable/gnu arm embedded toolchain/10 2021.10/bin/../lib/gcc/arm-none-eabi/10.3.1/thumb/v7e-m/nofp/crti.o
                0x0800127c                _fini
 .fini          0x08001280        0x8 d:/environment variable/gnu arm embedded toolchain/10 2021.10/bin/../lib/gcc/arm-none-eabi/10.3.1/thumb/v7e-m/nofp/crtn.o
                0x08001288                . = ALIGN (0x4)
                0x08001288                _etext = .

.vfp11_veneer   0x08001288        0x0
 .vfp11_veneer  0x08001288        0x0 linker stubs

.v4_bx          0x08001288        0x0
 .v4_bx         0x08001288        0x0 linker stubs

.iplt           0x08001288        0x0
 .iplt          0x08001288        0x0 d:/environment variable/gnu arm embedded toolchain/10 2021.10/bin/../lib/gcc/arm-none-eabi/10.3.1/thumb/v7e-m/nofp/crtbegin.o

.rodata         0x08001288       0x14
                0x08001288                . = ALIGN (0x4)
 *(.rodata)
 *(.rodata*)
 .rodata.AHBPrescTable
                0x08001288       0x10 CMakeFiles/SysTick.elf.dir/Core/Src/system_stm32f4xx.c.obj
                0x08001288                AHBPrescTable
 .rodata._global_impure_ptr
                0x08001298        0x4 d:/environment variable/gnu arm embedded toolchain/10 2021.10/bin/../lib/gcc/arm-none-eabi/10.3.1/../../../../arm-none-eabi/lib/thumb/v7e-m/nofp\libc.a(lib_a-impure.o)
                0x08001298                _global_impure_ptr
                0x0800129c                . = ALIGN (0x4)

.ARM.extab
 *(.ARM.extab* .gnu.linkonce.armextab.*)

.ARM            0x0800129c        0x8
                0x0800129c                __exidx_start = .
 *(.ARM.exidx*)
 .ARM.exidx     0x0800129c        0x8 d:/environment variable/gnu arm embedded toolchain/10 2021.10/bin/../lib/gcc/arm-none-eabi/10.3.1/thumb/v7e-m/nofp\libgcc.a(_udivmoddi4.o)
                0x080012a4                __exidx_end = .

.rel.dyn        0x080012a4        0x0
 .rel.iplt      0x080012a4        0x0 d:/environment variable/gnu arm embedded toolchain/10 2021.10/bin/../lib/gcc/arm-none-eabi/10.3.1/thumb/v7e-m/nofp/crtbegin.o

.preinit_array  0x080012a4        0x0
                0x080012a4                PROVIDE (__preinit_array_start = .)
 *(.preinit_array*)
                0x080012a4                PROVIDE (__preinit_array_end = .)

.init_array     0x080012a4        0x8
                0x080012a4                PROVIDE (__init_array_start = .)
 *(SORT_BY_NAME(.init_array.*))
 .init_array.00000
                0x080012a4        0x4 d:/environment variable/gnu arm embedded toolchain/10 2021.10/bin/../lib/gcc/arm-none-eabi/10.3.1/../../../../arm-none-eabi/lib/thumb/v7e-m/nofp\libc.a(lib_a-__call_atexit.o)
 *(.init_array*)
 .init_array    0x080012a8        0x4 d:/environment variable/gnu arm embedded toolchain/10 2021.10/bin/../lib/gcc/arm-none-eabi/10.3.1/thumb/v7e-m/nofp/crtbegin.o
                0x080012ac                PROVIDE (__init_array_end = .)

.fini_array     0x080012ac        0x4
                0x080012ac                PROVIDE (__fini_array_start = .)
 *(SORT_BY_NAME(.fini_array.*))
 *(.fini_array*)
 .fini_array    0x080012ac        0x4 d:/environment variable/gnu arm embedded toolchain/10 2021.10/bin/../lib/gcc/arm-none-eabi/10.3.1/thumb/v7e-m/nofp/crtbegin.o
                0x080012b0                PROVIDE (__fini_array_end = .)
                0x080012b0                _sidata = LOADADDR (.data)

.data           0x20000000      0x43c load address 0x080012b0
                0x20000000                . = ALIGN (0x4)
                0x20000000                _sdata = .
 *(.data)
 *(.data*)
 .data.SystemCoreClock
                0x20000000        0x4 CMakeFiles/SysTick.elf.dir/Core/Src/system_stm32f4xx.c.obj
                0x20000000                SystemCoreClock
 .data.uwTickFreq
                0x20000004        0x1 CMakeFiles/SysTick.elf.dir/Drivers/STM32F4xx_HAL_Driver/Src/stm32f4xx_hal.c.obj
                0x20000004                uwTickFreq
 *fill*         0x20000005        0x3 
 .data.uwTickPrio
                0x20000008        0x4 CMakeFiles/SysTick.elf.dir/Drivers/STM32F4xx_HAL_Driver/Src/stm32f4xx_hal.c.obj
                0x20000008                uwTickPrio
 *fill*         0x2000000c        0x4 
 .data.impure_data
                0x20000010      0x428 d:/environment variable/gnu arm embedded toolchain/10 2021.10/bin/../lib/gcc/arm-none-eabi/10.3.1/../../../../arm-none-eabi/lib/thumb/v7e-m/nofp\libc.a(lib_a-impure.o)
 .data.__atexit_recursive_mutex
                0x20000438        0x4 d:/environment variable/gnu arm embedded toolchain/10 2021.10/bin/../lib/gcc/arm-none-eabi/10.3.1/../../../../arm-none-eabi/lib/thumb/v7e-m/nofp\libc.a(lib_a-__call_atexit.o)
                0x20000438                __atexit_recursive_mutex
                0x2000043c                . = ALIGN (0x4)
                0x2000043c                _edata = .
                0x080016ec                _siccmram = LOADADDR (.ccmram)

.igot.plt       0x2000043c        0x0 load address 0x080016ec
 .igot.plt      0x2000043c        0x0 d:/environment variable/gnu arm embedded toolchain/10 2021.10/bin/../lib/gcc/arm-none-eabi/10.3.1/thumb/v7e-m/nofp/crtbegin.o

.ccmram         0x10000000        0x0 load address 0x080016ec
                0x10000000                . = ALIGN (0x4)
                0x10000000                _sccmram = .
 *(.ccmram)
 *(.ccmram*)
                0x10000000                . = ALIGN (0x4)
                0x10000000                _eccmram = .
                0x10000000                . = ALIGN (0x4)

.bss            0x2000043c       0x24
                0x2000043c                _sbss = .
                0x2000043c                __bss_start__ = _sbss
 *(.bss)
 .bss           0x2000043c       0x1c d:/environment variable/gnu arm embedded toolchain/10 2021.10/bin/../lib/gcc/arm-none-eabi/10.3.1/thumb/v7e-m/nofp/crtbegin.o
 *(.bss*)
 .bss.uwTick    0x20000458        0x4 CMakeFiles/SysTick.elf.dir/Drivers/STM32F4xx_HAL_Driver/Src/stm32f4xx_hal.c.obj
                0x20000458                uwTick
 .bss.__lock___atexit_recursive_mutex
                0x2000045c        0x1 d:/environment variable/gnu arm embedded toolchain/10 2021.10/bin/../lib/gcc/arm-none-eabi/10.3.1/../../../../arm-none-eabi/lib/thumb/v7e-m/nofp\libc.a(lib_a-lock.o)
                0x2000045c                __lock___atexit_recursive_mutex
 *(COMMON)
                0x20000460                . = ALIGN (0x4)
 *fill*         0x2000045d        0x3 
                0x20000460                _ebss = .
                0x20000460                __bss_end__ = _ebss

._user_heap_stack
                0x20000460      0x600
                0x20000460                . = ALIGN (0x8)
                0x20000460                PROVIDE (end = .)
                [!provide]                PROVIDE (_end = .)
                0x20000660                . = (. + _Min_Heap_Size)
 *fill*         0x20000460      0x200 
                0x20000a60                . = (. + _Min_Stack_Size)
 *fill*         0x20000660      0x400 
                0x20000a60                . = ALIGN (0x8)

/DISCARD/
 libc.a(*)
 libm.a(*)
 libgcc.a(*)

.ARM.attributes
                0x00000000       0x2a
 *(.ARM.attributes)
 .ARM.attributes
                0x00000000       0x1e d:/environment variable/gnu arm embedded toolchain/10 2021.10/bin/../lib/gcc/arm-none-eabi/10.3.1/thumb/v7e-m/nofp/crti.o
 .ARM.attributes
                0x0000001e       0x2e d:/environment variable/gnu arm embedded toolchain/10 2021.10/bin/../lib/gcc/arm-none-eabi/10.3.1/thumb/v7e-m/nofp/crtbegin.o
 .ARM.attributes
                0x0000004c       0x2e CMakeFiles/SysTick.elf.dir/Bsp/SysTick/systick.c.obj
 .ARM.attributes
                0x0000007a       0x2e CMakeFiles/SysTick.elf.dir/Core/Src/gpio.c.obj
 .ARM.attributes
                0x000000a8       0x2e CMakeFiles/SysTick.elf.dir/Core/Src/main.c.obj
 .ARM.attributes
                0x000000d6       0x2e CMakeFiles/SysTick.elf.dir/Core/Src/stm32f4xx_hal_msp.c.obj
 .ARM.attributes
                0x00000104       0x2e CMakeFiles/SysTick.elf.dir/Core/Src/stm32f4xx_it.c.obj
 .ARM.attributes
                0x00000132       0x2e CMakeFiles/SysTick.elf.dir/Core/Src/system_stm32f4xx.c.obj
 .ARM.attributes
                0x00000160       0x2e CMakeFiles/SysTick.elf.dir/Drivers/STM32F4xx_HAL_Driver/Src/stm32f4xx_hal.c.obj
 .ARM.attributes
                0x0000018e       0x2e CMakeFiles/SysTick.elf.dir/Drivers/STM32F4xx_HAL_Driver/Src/stm32f4xx_hal_cortex.c.obj
 .ARM.attributes
                0x000001bc       0x2e CMakeFiles/SysTick.elf.dir/Drivers/STM32F4xx_HAL_Driver/Src/stm32f4xx_hal_gpio.c.obj
 .ARM.attributes
                0x000001ea       0x2e CMakeFiles/SysTick.elf.dir/Drivers/STM32F4xx_HAL_Driver/Src/stm32f4xx_hal_rcc.c.obj
 .ARM.attributes
                0x00000218       0x21 CMakeFiles/SysTick.elf.dir/startup/startup_stm32f407xx.s.obj
 .ARM.attributes
                0x00000239       0x1e d:/environment variable/gnu arm embedded toolchain/10 2021.10/bin/../lib/gcc/arm-none-eabi/10.3.1/thumb/v7e-m/nofp\libgcc.a(_aeabi_uldivmod.o)
 .ARM.attributes
                0x00000257       0x2e d:/environment variable/gnu arm embedded toolchain/10 2021.10/bin/../lib/gcc/arm-none-eabi/10.3.1/thumb/v7e-m/nofp\libgcc.a(_udivmoddi4.o)
 .ARM.attributes
                0x00000285       0x1e d:/environment variable/gnu arm embedded toolchain/10 2021.10/bin/../lib/gcc/arm-none-eabi/10.3.1/thumb/v7e-m/nofp\libgcc.a(_dvmd_tls.o)
 .ARM.attributes
                0x000002a3       0x2e d:/environment variable/gnu arm embedded toolchain/10 2021.10/bin/../lib/gcc/arm-none-eabi/10.3.1/../../../../arm-none-eabi/lib/thumb/v7e-m/nofp\libc.a(lib_a-impure.o)
 .ARM.attributes
                0x000002d1       0x2e d:/environment variable/gnu arm embedded toolchain/10 2021.10/bin/../lib/gcc/arm-none-eabi/10.3.1/../../../../arm-none-eabi/lib/thumb/v7e-m/nofp\libc.a(lib_a-init.o)
 .ARM.attributes
                0x000002ff       0x2e d:/environment variable/gnu arm embedded toolchain/10 2021.10/bin/../lib/gcc/arm-none-eabi/10.3.1/../../../../arm-none-eabi/lib/thumb/v7e-m/nofp\libc.a(lib_a-memset.o)
 .ARM.attributes
                0x0000032d       0x2e d:/environment variable/gnu arm embedded toolchain/10 2021.10/bin/../lib/gcc/arm-none-eabi/10.3.1/../../../../arm-none-eabi/lib/thumb/v7e-m/nofp\libc.a(lib_a-__call_atexit.o)
 .ARM.attributes
                0x0000035b       0x2e d:/environment variable/gnu arm embedded toolchain/10 2021.10/bin/../lib/gcc/arm-none-eabi/10.3.1/../../../../arm-none-eabi/lib/thumb/v7e-m/nofp\libc.a(lib_a-atexit.o)
 .ARM.attributes
                0x00000389       0x2e d:/environment variable/gnu arm embedded toolchain/10 2021.10/bin/../lib/gcc/arm-none-eabi/10.3.1/../../../../arm-none-eabi/lib/thumb/v7e-m/nofp\libc.a(lib_a-fini.o)
 .ARM.attributes
                0x000003b7       0x2e d:/environment variable/gnu arm embedded toolchain/10 2021.10/bin/../lib/gcc/arm-none-eabi/10.3.1/../../../../arm-none-eabi/lib/thumb/v7e-m/nofp\libc.a(lib_a-lock.o)
 .ARM.attributes
                0x000003e5       0x2e d:/environment variable/gnu arm embedded toolchain/10 2021.10/bin/../lib/gcc/arm-none-eabi/10.3.1/../../../../arm-none-eabi/lib/thumb/v7e-m/nofp\libc.a(lib_a-__atexit.o)
 .ARM.attributes
                0x00000413       0x1e d:/environment variable/gnu arm embedded toolchain/10 2021.10/bin/../lib/gcc/arm-none-eabi/10.3.1/thumb/v7e-m/nofp/crtn.o
OUTPUT(SysTick.elf elf32-littlearm)
LOAD linker stubs
LOAD d:/environment variable/gnu arm embedded toolchain/10 2021.10/bin/../lib/gcc/arm-none-eabi/10.3.1/../../../../arm-none-eabi/lib/thumb/v7e-m/nofp\libc.a
LOAD d:/environment variable/gnu arm embedded toolchain/10 2021.10/bin/../lib/gcc/arm-none-eabi/10.3.1/../../../../arm-none-eabi/lib/thumb/v7e-m/nofp\libm.a
LOAD d:/environment variable/gnu arm embedded toolchain/10 2021.10/bin/../lib/gcc/arm-none-eabi/10.3.1/thumb/v7e-m/nofp\libgcc.a

.debug_info     0x00000000     0x405e
 .debug_info    0x00000000       0xc4 CMakeFiles/SysTick.elf.dir/Bsp/SysTick/systick.c.obj
 .debug_info    0x000000c4      0x45c CMakeFiles/SysTick.elf.dir/Core/Src/gpio.c.obj
 .debug_info    0x00000520      0x691 CMakeFiles/SysTick.elf.dir/Core/Src/main.c.obj
 .debug_info    0x00000bb1      0x2a4 CMakeFiles/SysTick.elf.dir/Core/Src/stm32f4xx_hal_msp.c.obj
 .debug_info    0x00000e55      0x12f CMakeFiles/SysTick.elf.dir/Core/Src/stm32f4xx_it.c.obj
 .debug_info    0x00000f84      0x37d CMakeFiles/SysTick.elf.dir/Core/Src/system_stm32f4xx.c.obj
 .debug_info    0x00001301      0x9f0 CMakeFiles/SysTick.elf.dir/Drivers/STM32F4xx_HAL_Driver/Src/stm32f4xx_hal.c.obj
 .debug_info    0x00001cf1     0x1098 CMakeFiles/SysTick.elf.dir/Drivers/STM32F4xx_HAL_Driver/Src/stm32f4xx_hal_cortex.c.obj
 .debug_info    0x00002d89      0x7b0 CMakeFiles/SysTick.elf.dir/Drivers/STM32F4xx_HAL_Driver/Src/stm32f4xx_hal_gpio.c.obj
 .debug_info    0x00003539      0xb03 CMakeFiles/SysTick.elf.dir/Drivers/STM32F4xx_HAL_Driver/Src/stm32f4xx_hal_rcc.c.obj
 .debug_info    0x0000403c       0x22 CMakeFiles/SysTick.elf.dir/startup/startup_stm32f407xx.s.obj

.debug_abbrev   0x00000000      0xff9
 .debug_abbrev  0x00000000       0x86 CMakeFiles/SysTick.elf.dir/Bsp/SysTick/systick.c.obj
 .debug_abbrev  0x00000086      0x14e CMakeFiles/SysTick.elf.dir/Core/Src/gpio.c.obj
 .debug_abbrev  0x000001d4      0x1c2 CMakeFiles/SysTick.elf.dir/Core/Src/main.c.obj
 .debug_abbrev  0x00000396       0xd1 CMakeFiles/SysTick.elf.dir/Core/Src/stm32f4xx_hal_msp.c.obj
 .debug_abbrev  0x00000467       0x7e CMakeFiles/SysTick.elf.dir/Core/Src/stm32f4xx_it.c.obj
 .debug_abbrev  0x000004e5      0x119 CMakeFiles/SysTick.elf.dir/Core/Src/system_stm32f4xx.c.obj
 .debug_abbrev  0x000005fe      0x206 CMakeFiles/SysTick.elf.dir/Drivers/STM32F4xx_HAL_Driver/Src/stm32f4xx_hal.c.obj
 .debug_abbrev  0x00000804      0x36a CMakeFiles/SysTick.elf.dir/Drivers/STM32F4xx_HAL_Driver/Src/stm32f4xx_hal_cortex.c.obj
 .debug_abbrev  0x00000b6e      0x1ef CMakeFiles/SysTick.elf.dir/Drivers/STM32F4xx_HAL_Driver/Src/stm32f4xx_hal_gpio.c.obj
 .debug_abbrev  0x00000d5d      0x28a CMakeFiles/SysTick.elf.dir/Drivers/STM32F4xx_HAL_Driver/Src/stm32f4xx_hal_rcc.c.obj
 .debug_abbrev  0x00000fe7       0x12 CMakeFiles/SysTick.elf.dir/startup/startup_stm32f407xx.s.obj

.debug_aranges  0x00000000      0x3b8
 .debug_aranges
                0x00000000       0x20 CMakeFiles/SysTick.elf.dir/Bsp/SysTick/systick.c.obj
 .debug_aranges
                0x00000020       0x20 CMakeFiles/SysTick.elf.dir/Core/Src/gpio.c.obj
 .debug_aranges
                0x00000040       0x30 CMakeFiles/SysTick.elf.dir/Core/Src/main.c.obj
 .debug_aranges
                0x00000070       0x20 CMakeFiles/SysTick.elf.dir/Core/Src/stm32f4xx_hal_msp.c.obj
 .debug_aranges
                0x00000090       0x60 CMakeFiles/SysTick.elf.dir/Core/Src/stm32f4xx_it.c.obj
 .debug_aranges
                0x000000f0       0x28 CMakeFiles/SysTick.elf.dir/Core/Src/system_stm32f4xx.c.obj
 .debug_aranges
                0x00000118       0xf0 CMakeFiles/SysTick.elf.dir/Drivers/STM32F4xx_HAL_Driver/Src/stm32f4xx_hal.c.obj
 .debug_aranges
                0x00000208       0xa8 CMakeFiles/SysTick.elf.dir/Drivers/STM32F4xx_HAL_Driver/Src/stm32f4xx_hal_cortex.c.obj
 .debug_aranges
                0x000002b0       0x58 CMakeFiles/SysTick.elf.dir/Drivers/STM32F4xx_HAL_Driver/Src/stm32f4xx_hal_gpio.c.obj
 .debug_aranges
                0x00000308       0x88 CMakeFiles/SysTick.elf.dir/Drivers/STM32F4xx_HAL_Driver/Src/stm32f4xx_hal_rcc.c.obj
 .debug_aranges
                0x00000390       0x28 CMakeFiles/SysTick.elf.dir/startup/startup_stm32f407xx.s.obj

.debug_ranges   0x00000000      0x388
 .debug_ranges  0x00000000       0x10 CMakeFiles/SysTick.elf.dir/Bsp/SysTick/systick.c.obj
 .debug_ranges  0x00000010       0x10 CMakeFiles/SysTick.elf.dir/Core/Src/gpio.c.obj
 .debug_ranges  0x00000020       0x20 CMakeFiles/SysTick.elf.dir/Core/Src/main.c.obj
 .debug_ranges  0x00000040       0x10 CMakeFiles/SysTick.elf.dir/Core/Src/stm32f4xx_hal_msp.c.obj
 .debug_ranges  0x00000050       0x50 CMakeFiles/SysTick.elf.dir/Core/Src/stm32f4xx_it.c.obj
 .debug_ranges  0x000000a0       0x18 CMakeFiles/SysTick.elf.dir/Core/Src/system_stm32f4xx.c.obj
 .debug_ranges  0x000000b8       0xe0 CMakeFiles/SysTick.elf.dir/Drivers/STM32F4xx_HAL_Driver/Src/stm32f4xx_hal.c.obj
 .debug_ranges  0x00000198       0xf8 CMakeFiles/SysTick.elf.dir/Drivers/STM32F4xx_HAL_Driver/Src/stm32f4xx_hal_cortex.c.obj
 .debug_ranges  0x00000290       0x48 CMakeFiles/SysTick.elf.dir/Drivers/STM32F4xx_HAL_Driver/Src/stm32f4xx_hal_gpio.c.obj
 .debug_ranges  0x000002d8       0x90 CMakeFiles/SysTick.elf.dir/Drivers/STM32F4xx_HAL_Driver/Src/stm32f4xx_hal_rcc.c.obj
 .debug_ranges  0x00000368       0x20 CMakeFiles/SysTick.elf.dir/startup/startup_stm32f407xx.s.obj

.debug_line     0x00000000     0x3210
 .debug_line    0x00000000      0x237 CMakeFiles/SysTick.elf.dir/Bsp/SysTick/systick.c.obj
 .debug_line    0x00000237      0x265 CMakeFiles/SysTick.elf.dir/Core/Src/gpio.c.obj
 .debug_line    0x0000049c      0x481 CMakeFiles/SysTick.elf.dir/Core/Src/main.c.obj
 .debug_line    0x0000091d      0x1d6 CMakeFiles/SysTick.elf.dir/Core/Src/stm32f4xx_hal_msp.c.obj
 .debug_line    0x00000af3      0x1dd CMakeFiles/SysTick.elf.dir/Core/Src/stm32f4xx_it.c.obj
 .debug_line    0x00000cd0      0x29f CMakeFiles/SysTick.elf.dir/Core/Src/system_stm32f4xx.c.obj
 .debug_line    0x00000f6f      0x647 CMakeFiles/SysTick.elf.dir/Drivers/STM32F4xx_HAL_Driver/Src/stm32f4xx_hal.c.obj
 .debug_line    0x000015b6      0x85a CMakeFiles/SysTick.elf.dir/Drivers/STM32F4xx_HAL_Driver/Src/stm32f4xx_hal_cortex.c.obj
 .debug_line    0x00001e10      0x790 CMakeFiles/SysTick.elf.dir/Drivers/STM32F4xx_HAL_Driver/Src/stm32f4xx_hal_gpio.c.obj
 .debug_line    0x000025a0      0xbbf CMakeFiles/SysTick.elf.dir/Drivers/STM32F4xx_HAL_Driver/Src/stm32f4xx_hal_rcc.c.obj
 .debug_line    0x0000315f       0xb1 CMakeFiles/SysTick.elf.dir/startup/startup_stm32f407xx.s.obj

.debug_str      0x00000000     0x18de
 .debug_str     0x00000000      0x1e7 CMakeFiles/SysTick.elf.dir/Bsp/SysTick/systick.c.obj
                                0x224 (size before relaxing)
 .debug_str     0x000001e7      0x1fd CMakeFiles/SysTick.elf.dir/Core/Src/gpio.c.obj
                                0x3bb (size before relaxing)
 .debug_str     0x000003e4      0x21e CMakeFiles/SysTick.elf.dir/Core/Src/main.c.obj
                                0x53b (size before relaxing)
 .debug_str     0x00000602       0x5c CMakeFiles/SysTick.elf.dir/Core/Src/stm32f4xx_hal_msp.c.obj
                                0x30a (size before relaxing)
 .debug_str     0x0000065e       0xe7 CMakeFiles/SysTick.elf.dir/Core/Src/stm32f4xx_it.c.obj
                                0x27e (size before relaxing)
 .debug_str     0x00000745       0xa7 CMakeFiles/SysTick.elf.dir/Core/Src/system_stm32f4xx.c.obj
                                0x370 (size before relaxing)
 .debug_str     0x000007ec      0x877 CMakeFiles/SysTick.elf.dir/Drivers/STM32F4xx_HAL_Driver/Src/stm32f4xx_hal.c.obj
                                0xba9 (size before relaxing)
 .debug_str     0x00001063      0x4f3 CMakeFiles/SysTick.elf.dir/Drivers/STM32F4xx_HAL_Driver/Src/stm32f4xx_hal_cortex.c.obj
                                0xc7b (size before relaxing)
 .debug_str     0x00001556      0x155 CMakeFiles/SysTick.elf.dir/Drivers/STM32F4xx_HAL_Driver/Src/stm32f4xx_hal_gpio.c.obj
                                0x52f (size before relaxing)
 .debug_str     0x000016ab      0x1d4 CMakeFiles/SysTick.elf.dir/Drivers/STM32F4xx_HAL_Driver/Src/stm32f4xx_hal_rcc.c.obj
                                0x755 (size before relaxing)
 .debug_str     0x0000187f       0x5f CMakeFiles/SysTick.elf.dir/startup/startup_stm32f407xx.s.obj
                                 0xa4 (size before relaxing)

.comment        0x00000000       0x49
 .comment       0x00000000       0x49 CMakeFiles/SysTick.elf.dir/Bsp/SysTick/systick.c.obj
                                 0x4a (size before relaxing)
 .comment       0x00000049       0x4a CMakeFiles/SysTick.elf.dir/Core/Src/gpio.c.obj
 .comment       0x00000049       0x4a CMakeFiles/SysTick.elf.dir/Core/Src/main.c.obj
 .comment       0x00000049       0x4a CMakeFiles/SysTick.elf.dir/Core/Src/stm32f4xx_hal_msp.c.obj
 .comment       0x00000049       0x4a CMakeFiles/SysTick.elf.dir/Core/Src/stm32f4xx_it.c.obj
 .comment       0x00000049       0x4a CMakeFiles/SysTick.elf.dir/Core/Src/system_stm32f4xx.c.obj
 .comment       0x00000049       0x4a CMakeFiles/SysTick.elf.dir/Drivers/STM32F4xx_HAL_Driver/Src/stm32f4xx_hal.c.obj
 .comment       0x00000049       0x4a CMakeFiles/SysTick.elf.dir/Drivers/STM32F4xx_HAL_Driver/Src/stm32f4xx_hal_cortex.c.obj
 .comment       0x00000049       0x4a CMakeFiles/SysTick.elf.dir/Drivers/STM32F4xx_HAL_Driver/Src/stm32f4xx_hal_gpio.c.obj
 .comment       0x00000049       0x4a CMakeFiles/SysTick.elf.dir/Drivers/STM32F4xx_HAL_Driver/Src/stm32f4xx_hal_rcc.c.obj

.debug_frame    0x00000000      0x974
 .debug_frame   0x00000000       0x28 CMakeFiles/SysTick.elf.dir/Bsp/SysTick/systick.c.obj
 .debug_frame   0x00000028       0x30 CMakeFiles/SysTick.elf.dir/Core/Src/gpio.c.obj
 .debug_frame   0x00000058       0x58 CMakeFiles/SysTick.elf.dir/Core/Src/main.c.obj
 .debug_frame   0x000000b0       0x28 CMakeFiles/SysTick.elf.dir/Core/Src/stm32f4xx_hal_msp.c.obj
 .debug_frame   0x000000d8       0xa8 CMakeFiles/SysTick.elf.dir/Core/Src/stm32f4xx_it.c.obj
 .debug_frame   0x00000180       0x30 CMakeFiles/SysTick.elf.dir/Core/Src/system_stm32f4xx.c.obj
 .debug_frame   0x000001b0      0x1ec CMakeFiles/SysTick.elf.dir/Drivers/STM32F4xx_HAL_Driver/Src/stm32f4xx_hal.c.obj
 .debug_frame   0x0000039c      0x148 CMakeFiles/SysTick.elf.dir/Drivers/STM32F4xx_HAL_Driver/Src/stm32f4xx_hal_cortex.c.obj
 .debug_frame   0x000004e4       0xd8 CMakeFiles/SysTick.elf.dir/Drivers/STM32F4xx_HAL_Driver/Src/stm32f4xx_hal_gpio.c.obj
 .debug_frame   0x000005bc      0x16c CMakeFiles/SysTick.elf.dir/Drivers/STM32F4xx_HAL_Driver/Src/stm32f4xx_hal_rcc.c.obj
 .debug_frame   0x00000728       0x2c d:/environment variable/gnu arm embedded toolchain/10 2021.10/bin/../lib/gcc/arm-none-eabi/10.3.1/thumb/v7e-m/nofp\libgcc.a(_aeabi_uldivmod.o)
 .debug_frame   0x00000754       0x34 d:/environment variable/gnu arm embedded toolchain/10 2021.10/bin/../lib/gcc/arm-none-eabi/10.3.1/thumb/v7e-m/nofp\libgcc.a(_udivmoddi4.o)
 .debug_frame   0x00000788       0x2c d:/environment variable/gnu arm embedded toolchain/10 2021.10/bin/../lib/gcc/arm-none-eabi/10.3.1/../../../../arm-none-eabi/lib/thumb/v7e-m/nofp\libc.a(lib_a-init.o)
 .debug_frame   0x000007b4       0x2c d:/environment variable/gnu arm embedded toolchain/10 2021.10/bin/../lib/gcc/arm-none-eabi/10.3.1/../../../../arm-none-eabi/lib/thumb/v7e-m/nofp\libc.a(lib_a-memset.o)
 .debug_frame   0x000007e0       0x5c d:/environment variable/gnu arm embedded toolchain/10 2021.10/bin/../lib/gcc/arm-none-eabi/10.3.1/../../../../arm-none-eabi/lib/thumb/v7e-m/nofp\libc.a(lib_a-__call_atexit.o)
 .debug_frame   0x0000083c       0x20 d:/environment variable/gnu arm embedded toolchain/10 2021.10/bin/../lib/gcc/arm-none-eabi/10.3.1/../../../../arm-none-eabi/lib/thumb/v7e-m/nofp\libc.a(lib_a-atexit.o)
 .debug_frame   0x0000085c       0x34 d:/environment variable/gnu arm embedded toolchain/10 2021.10/bin/../lib/gcc/arm-none-eabi/10.3.1/../../../../arm-none-eabi/lib/thumb/v7e-m/nofp\libc.a(lib_a-fini.o)
 .debug_frame   0x00000890       0xb0 d:/environment variable/gnu arm embedded toolchain/10 2021.10/bin/../lib/gcc/arm-none-eabi/10.3.1/../../../../arm-none-eabi/lib/thumb/v7e-m/nofp\libc.a(lib_a-lock.o)
 .debug_frame   0x00000940       0x34 d:/environment variable/gnu arm embedded toolchain/10 2021.10/bin/../lib/gcc/arm-none-eabi/10.3.1/../../../../arm-none-eabi/lib/thumb/v7e-m/nofp\libc.a(lib_a-__atexit.o)

.debug_loc      0x00000000     0x1489
 .debug_loc     0x00000000      0x158 CMakeFiles/SysTick.elf.dir/Core/Src/system_stm32f4xx.c.obj
 .debug_loc     0x00000158      0x141 CMakeFiles/SysTick.elf.dir/Drivers/STM32F4xx_HAL_Driver/Src/stm32f4xx_hal.c.obj
 .debug_loc     0x00000299      0x744 CMakeFiles/SysTick.elf.dir/Drivers/STM32F4xx_HAL_Driver/Src/stm32f4xx_hal_cortex.c.obj
 .debug_loc     0x000009dd      0x520 CMakeFiles/SysTick.elf.dir/Drivers/STM32F4xx_HAL_Driver/Src/stm32f4xx_hal_gpio.c.obj
 .debug_loc     0x00000efd      0x58c CMakeFiles/SysTick.elf.dir/Drivers/STM32F4xx_HAL_Driver/Src/stm32f4xx_hal_rcc.c.obj
