Archive member included to satisfy reference by file (symbol)

d:/environment variable/gnu arm embedded toolchain/10 2021.10/bin/../lib/gcc/arm-none-eabi/10.3.1/thumb/v7e-m/nofp\libgcc.a(_aeabi_uldivmod.o)
                              CMakeFiles/flash_spi.elf.dir/Drivers/STM32F4xx_HAL_Driver/Src/stm32f4xx_hal_rcc.c.obj (__aeabi_uldivmod)
d:/environment variable/gnu arm embedded toolchain/10 2021.10/bin/../lib/gcc/arm-none-eabi/10.3.1/thumb/v7e-m/nofp\libgcc.a(_udivmoddi4.o)
                              d:/environment variable/gnu arm embedded toolchain/10 2021.10/bin/../lib/gcc/arm-none-eabi/10.3.1/thumb/v7e-m/nofp\libgcc.a(_aeabi_uldivmod.o) (__udivmoddi4)
d:/environment variable/gnu arm embedded toolchain/10 2021.10/bin/../lib/gcc/arm-none-eabi/10.3.1/thumb/v7e-m/nofp\libgcc.a(_dvmd_tls.o)
                              d:/environment variable/gnu arm embedded toolchain/10 2021.10/bin/../lib/gcc/arm-none-eabi/10.3.1/thumb/v7e-m/nofp\libgcc.a(_aeabi_uldivmod.o) (__aeabi_ldiv0)
d:/environment variable/gnu arm embedded toolchain/10 2021.10/bin/../lib/gcc/arm-none-eabi/10.3.1/../../../../arm-none-eabi/lib/thumb/v7e-m/nofp\libc.a(lib_a-errno.o)
                              CMakeFiles/flash_spi.elf.dir/Core/Src/syscalls.c.obj (__errno)
d:/environment variable/gnu arm embedded toolchain/10 2021.10/bin/../lib/gcc/arm-none-eabi/10.3.1/../../../../arm-none-eabi/lib/thumb/v7e-m/nofp\libc.a(lib_a-exit.o)
                              d:/environment variable/gnu arm embedded toolchain/10 2021.10/bin/../lib/gcc/arm-none-eabi/10.3.1/../../../../arm-none-eabi/lib/thumb/v7e-m/nofp/crt0.o (exit)
d:/environment variable/gnu arm embedded toolchain/10 2021.10/bin/../lib/gcc/arm-none-eabi/10.3.1/../../../../arm-none-eabi/lib/thumb/v7e-m/nofp\libc.a(lib_a-impure.o)
                              d:/environment variable/gnu arm embedded toolchain/10 2021.10/bin/../lib/gcc/arm-none-eabi/10.3.1/../../../../arm-none-eabi/lib/thumb/v7e-m/nofp\libc.a(lib_a-exit.o) (_global_impure_ptr)
d:/environment variable/gnu arm embedded toolchain/10 2021.10/bin/../lib/gcc/arm-none-eabi/10.3.1/../../../../arm-none-eabi/lib/thumb/v7e-m/nofp\libc.a(lib_a-init.o)
                              d:/environment variable/gnu arm embedded toolchain/10 2021.10/bin/../lib/gcc/arm-none-eabi/10.3.1/../../../../arm-none-eabi/lib/thumb/v7e-m/nofp/crt0.o (__libc_init_array)
d:/environment variable/gnu arm embedded toolchain/10 2021.10/bin/../lib/gcc/arm-none-eabi/10.3.1/../../../../arm-none-eabi/lib/thumb/v7e-m/nofp\libc.a(lib_a-memset.o)
                              d:/environment variable/gnu arm embedded toolchain/10 2021.10/bin/../lib/gcc/arm-none-eabi/10.3.1/../../../../arm-none-eabi/lib/thumb/v7e-m/nofp/crt0.o (memset)
d:/environment variable/gnu arm embedded toolchain/10 2021.10/bin/../lib/gcc/arm-none-eabi/10.3.1/../../../../arm-none-eabi/lib/thumb/v7e-m/nofp\libc.a(lib_a-printf.o)
                              CMakeFiles/flash_spi.elf.dir/Bsp/Flash_SPI/bsp_flash_spi.c.obj (printf)
d:/environment variable/gnu arm embedded toolchain/10 2021.10/bin/../lib/gcc/arm-none-eabi/10.3.1/../../../../arm-none-eabi/lib/thumb/v7e-m/nofp\libc.a(lib_a-puts.o)
                              CMakeFiles/flash_spi.elf.dir/Core/Src/main.c.obj (puts)
d:/environment variable/gnu arm embedded toolchain/10 2021.10/bin/../lib/gcc/arm-none-eabi/10.3.1/../../../../arm-none-eabi/lib/thumb/v7e-m/nofp\libc.a(lib_a-strlen.o)
                              d:/environment variable/gnu arm embedded toolchain/10 2021.10/bin/../lib/gcc/arm-none-eabi/10.3.1/../../../../arm-none-eabi/lib/thumb/v7e-m/nofp\libc.a(lib_a-puts.o) (strlen)
d:/environment variable/gnu arm embedded toolchain/10 2021.10/bin/../lib/gcc/arm-none-eabi/10.3.1/../../../../arm-none-eabi/lib/thumb/v7e-m/nofp\libc.a(lib_a-vfprintf.o)
                              d:/environment variable/gnu arm embedded toolchain/10 2021.10/bin/../lib/gcc/arm-none-eabi/10.3.1/../../../../arm-none-eabi/lib/thumb/v7e-m/nofp\libc.a(lib_a-printf.o) (_vfprintf_r)
d:/environment variable/gnu arm embedded toolchain/10 2021.10/bin/../lib/gcc/arm-none-eabi/10.3.1/../../../../arm-none-eabi/lib/thumb/v7e-m/nofp\libc.a(lib_a-wsetup.o)
                              d:/environment variable/gnu arm embedded toolchain/10 2021.10/bin/../lib/gcc/arm-none-eabi/10.3.1/../../../../arm-none-eabi/lib/thumb/v7e-m/nofp\libc.a(lib_a-vfprintf.o) (__swsetup_r)
d:/environment variable/gnu arm embedded toolchain/10 2021.10/bin/../lib/gcc/arm-none-eabi/10.3.1/../../../../arm-none-eabi/lib/thumb/v7e-m/nofp\libc.a(lib_a-__call_atexit.o)
                              d:/environment variable/gnu arm embedded toolchain/10 2021.10/bin/../lib/gcc/arm-none-eabi/10.3.1/../../../../arm-none-eabi/lib/thumb/v7e-m/nofp\libc.a(lib_a-exit.o) (__call_exitprocs)
d:/environment variable/gnu arm embedded toolchain/10 2021.10/bin/../lib/gcc/arm-none-eabi/10.3.1/../../../../arm-none-eabi/lib/thumb/v7e-m/nofp\libc.a(lib_a-atexit.o)
[...]
Memory Configuration

Name             Origin             Length             Attributes
RAM              0x20000000         0x00020000         xrw
CCMRAM           0x10000000         0x00010000         xrw
FLASH            0x08000000         0x00100000         xr
*default*        0x00000000         0xffffffff

Linker script and memory map

LOAD d:/environment variable/gnu arm embedded toolchain/10 2021.10/bin/../lib/gcc/arm-none-eabi/10.3.1/thumb/v7e-m/nofp/crti.o
LOAD d:/environment variable/gnu arm embedded toolchain/10 2021.10/bin/../lib/gcc/arm-none-eabi/10.3.1/thumb/v7e-m/nofp/crtbegin.o
LOAD d:/environment variable/gnu arm embedded toolchain/10 2021.10/bin/../lib/gcc/arm-none-eabi/10.3.1/../../../../arm-none-eabi/lib/thumb/v7e-m/nofp/crt0.o
LOAD CMakeFiles/flash_spi.elf.dir/Bsp/Flash_SPI/bsp_flash_spi.c.obj
LOAD CMakeFiles/flash_spi.elf.dir/Bsp/USART/bsp_usart.c.obj
LOAD CMakeFiles/flash_spi.elf.dir/Core/Src/gpio.c.obj
LOAD CMakeFiles/flash_spi.elf.dir/Core/Src/main.c.obj
LOAD CMakeFiles/flash_spi.elf.dir/Core/Src/spi.c.obj
LOAD CMakeFiles/flash_spi.elf.dir/Core/Src/stm32f4xx_hal_msp.c.obj
LOAD CMakeFiles/flash_spi.elf.dir/Core/Src/stm32f4xx_it.c.obj
LOAD CMakeFiles/flash_spi.elf.dir/Core/Src/syscalls.c.obj
LOAD CMakeFiles/flash_spi.elf.dir/Core/Src/system_stm32f4xx.c.obj
LOAD CMakeFiles/flash_spi.elf.dir/Core/Src/usart.c.obj
LOAD CMakeFiles/flash_spi.elf.dir/Drivers/STM32F4xx_HAL_Driver/Src/stm32f4xx_hal.c.obj
LOAD CMakeFiles/flash_spi.elf.dir/Drivers/STM32F4xx_HAL_Driver/Src/stm32f4xx_hal_cortex.c.obj
LOAD CMakeFiles/flash_spi.elf.dir/Drivers/STM32F4xx_HAL_Driver/Src/stm32f4xx_hal_dma.c.obj
LOAD CMakeFiles/flash_spi.elf.dir/Drivers/STM32F4xx_HAL_Driver/Src/stm32f4xx_hal_dma_ex.c.obj
LOAD CMakeFiles/flash_spi.elf.dir/Drivers/STM32F4xx_HAL_Driver/Src/stm32f4xx_hal_exti.c.obj
LOAD CMakeFiles/flash_spi.elf.dir/Drivers/STM32F4xx_HAL_Driver/Src/stm32f4xx_hal_flash.c.obj
LOAD CMakeFiles/flash_spi.elf.dir/Drivers/STM32F4xx_HAL_Driver/Src/stm32f4xx_hal_flash_ex.c.obj
LOAD CMakeFiles/flash_spi.elf.dir/Drivers/STM32F4xx_HAL_Driver/Src/stm32f4xx_hal_flash_ramfunc.c.obj
LOAD CMakeFiles/flash_spi.elf.dir/Drivers/STM32F4xx_HAL_Driver/Src/stm32f4xx_hal_gpio.c.obj
LOAD CMakeFiles/flash_spi.elf.dir/Drivers/STM32F4xx_HAL_Driver/Src/stm32f4xx_hal_pwr.c.obj
LOAD CMakeFiles/flash_spi.elf.dir/Drivers/STM32F4xx_HAL_Driver/Src/stm32f4xx_hal_pwr_ex.c.obj
LOAD CMakeFiles/flash_spi.elf.dir/Drivers/STM32F4xx_HAL_Driver/Src/stm32f4xx_hal_rcc.c.obj
LOAD CMakeFiles/flash_spi.elf.dir/Drivers/STM32F4xx_HAL_Driver/Src/stm32f4xx_hal_rcc_ex.c.obj
LOAD CMakeFiles/flash_spi.elf.dir/Drivers/STM32F4xx_HAL_Driver/Src/stm32f4xx_hal_spi.c.obj
LOAD CMakeFiles/flash_spi.elf.dir/Drivers/STM32F4xx_HAL_Driver/Src/stm32f4xx_hal_tim.c.obj
LOAD CMakeFiles/flash_spi.elf.dir/Drivers/STM32F4xx_HAL_Driver/Src/stm32f4xx_hal_tim_ex.c.obj
LOAD CMakeFiles/flash_spi.elf.dir/Drivers/STM32F4xx_HAL_Driver/Src/stm32f4xx_hal_uart.c.obj
LOAD CMakeFiles/flash_spi.elf.dir/startup/startup_stm32f407xx.s.obj
START GROUP
LOAD d:/environment variable/gnu arm embedded toolchain/10 2021.10/bin/../lib/gcc/arm-none-eabi/10.3.1/thumb/v7e-m/nofp\libgcc.a
LOAD d:/environment variable/gnu arm embedded toolchain/10 2021.10/bin/../lib/gcc/arm-none-eabi/10.3.1/../../../../arm-none-eabi/lib/thumb/v7e-m/nofp\libc.a
END GROUP
LOAD d:/environment variable/gnu arm embedded toolchain/10 2021.10/bin/../lib/gcc/arm-none-eabi/10.3.1/thumb/v7e-m/nofp/crtend.o
LOAD d:/environment variable/gnu arm embedded toolchain/10 2021.10/bin/../lib/gcc/arm-none-eabi/10.3.1/thumb/v7e-m/nofp/crtn.o
                0x20020000                _estack = (ORIGIN (RAM) + LENGTH (RAM))
                0x00000200                _Min_Heap_Size = 0x200
                0x00000400                _Min_Stack_Size = 0x400

.isr_vector     0x08000000      0x188
                0x08000000                . = ALIGN (0x4)
 *(.isr_vector)
 .isr_vector    0x08000000      0x188 CMakeFiles/flash_spi.elf.dir/startup/startup_stm32f407xx.s.obj
                0x08000000                g_pfnVectors
                0x08000188                . = ALIGN (0x4)

.text           0x080001c0     0x9100
                0x080001c0                . = ALIGN (0x4)
 *(.text)
 .text          0x080001c0       0x40 d:/environment variable/gnu arm embedded toolchain/10 2021.10/bin/../lib/gcc/arm-none-eabi/10.3.1/thumb/v7e-m/nofp/crtbegin.o
 .text          0x08000200       0x30 d:/environment variable/gnu arm embedded toolchain/10 2021.10/bin/../lib/gcc/arm-none-eabi/10.3.1/thumb/v7e-m/nofp\libgcc.a(_aeabi_uldivmod.o)
                0x08000200                __aeabi_uldivmod
 .text          0x08000230      0x2d0 d:/environment variable/gnu arm embedded toolchain/10 2021.10/bin/../lib/gcc/arm-none-eabi/10.3.1/thumb/v7e-m/nofp\libgcc.a(_udivmoddi4.o)
                0x08000230                __udivmoddi4
 .text          0x08000500        0x4 d:/environment variable/gnu arm embedded toolchain/10 2021.10/bin/../lib/gcc/arm-none-eabi/10.3.1/thumb/v7e-m/nofp\libgcc.a(_dvmd_tls.o)
                0x08000500                __aeabi_idiv0
                0x08000500                __aeabi_ldiv0
 *fill*         0x08000504       0x3c 
 .text          0x08000540       0xdc d:/environment variable/gnu arm embedded toolchain/10 2021.10/bin/../lib/gcc/arm-none-eabi/10.3.1/../../../../arm-none-eabi/lib/thumb/v7e-m/nofp\libc.a(lib_a-strlen.o)
                0x08000540                strlen
 *fill*         0x0800061c        0x4 
 .text          0x08000620       0xa0 d:/environment variable/gnu arm embedded toolchain/10 2021.10/bin/../lib/gcc/arm-none-eabi/10.3.1/../../../../arm-none-eabi/lib/thumb/v7e-m/nofp\libc.a(lib_a-memchr.o)
                0x08000620                memchr
 .text          0x080006c0      0x134 d:/environment variable/gnu arm embedded toolchain/10 2021.10/bin/../lib/gcc/arm-none-eabi/10.3.1/../../../../arm-none-eabi/lib/thumb/v7e-m/nofp\libc.a(lib_a-memcpy.o)
                0x080006c0                memcpy
 .text          0x080007f4      0x378 d:/environment variable/gnu arm embedded toolchain/10 2021.10/bin/../lib/gcc/arm-none-eabi/10.3.1/thumb/v7e-m/nofp\libgcc.a(_arm_addsubdf3.o)
                0x080007f4                __aeabi_drsub
                0x080007fc                __aeabi_dsub
                0x080007fc                __subdf3
                0x08000800                __aeabi_dadd
                0x08000800                __adddf3
                0x08000a78                __floatunsidf
                0x08000a78                __aeabi_ui2d
                0x08000a98                __floatsidf
                0x08000a98                __aeabi_i2d
                0x08000abc                __aeabi_f2d
                0x08000abc                __extendsfdf2
                0x08000b00                __floatundidf
                0x08000b00                __aeabi_ul2d
                0x08000b10                __floatdidf
                0x08000b10                __aeabi_l2d
 .text          0x08000b6c      0x424 d:/environment variable/gnu arm embedded toolchain/10 2021.10/bin/../lib/gcc/arm-none-eabi/10.3.1/thumb/v7e-m/nofp\libgcc.a(_arm_muldivdf3.o)
                0x08000b6c                __aeabi_dmul
                0x08000b6c                __muldf3
                0x08000dc0                __divdf3
                0x08000dc0                __aeabi_ddiv
 .text          0x08000f90      0x110 d:/environment variable/gnu arm embedded toolchain/10 2021.10/bin/../lib/gcc/arm-none-eabi/10.3.1/thumb/v7e-m/nofp\libgcc.a(_arm_cmpdf2.o)
                0x08000f90                __gtdf2
                0x08000f90                __gedf2
                0x08000f98                __ltdf2
                0x08000f98                __ledf2
                0x08000fa0                __nedf2
                0x08000fa0                __eqdf2
                0x08000fa0                __cmpdf2
                0x0800101c                __aeabi_cdrcmple
                0x0800102c                __aeabi_cdcmpeq
                0x0800102c                __aeabi_cdcmple
                0x0800103c                __aeabi_dcmpeq
                0x08001050                __aeabi_dcmplt
                0x08001064                __aeabi_dcmple
                0x08001078                __aeabi_dcmpge
                0x0800108c                __aeabi_dcmpgt
 .text          0x080010a0       0x2c d:/environment variable/gnu arm embedded toolchain/10 2021.10/bin/../lib/gcc/arm-none-eabi/10.3.1/thumb/v7e-m/nofp\libgcc.a(_arm_unorddf2.o)
                0x080010a0                __unorddf2
                0x080010a0                __aeabi_dcmpun
 .text          0x080010cc       0x50 d:/environment variable/gnu arm embedded toolchain/10 2021.10/bin/../lib/gcc/arm-none-eabi/10.3.1/thumb/v7e-m/nofp\libgcc.a(_arm_fixdfsi.o)
                0x080010cc                __aeabi_d2iz
                0x080010cc                __fixdfsi
 *(.text*)
 .text.SPI_Transmit
                0x0800111c       0x18 CMakeFiles/flash_spi.elf.dir/Bsp/Flash_SPI/bsp_flash_spi.c.obj
                0x0800111c                SPI_Transmit
 .text.W25xx_WriteEnable
                0x08001134       0x38 CMakeFiles/flash_spi.elf.dir/Bsp/Flash_SPI/bsp_flash_spi.c.obj
                0x08001134                W25xx_WriteEnable
 .text.SPI_Receive
                0x0800116c       0x18 CMakeFiles/flash_spi.elf.dir/Bsp/Flash_SPI/bsp_flash_spi.c.obj
                0x0800116c                SPI_Receive
 .text.W25xx_GetID
                0x08001184       0x5c CMakeFiles/flash_spi.elf.dir/Bsp/Flash_SPI/bsp_flash_spi.c.obj
                0x08001184                W25xx_GetID
 .text.W25xx_WaitUntilBusyReset
                0x080011e0       0x4c CMakeFiles/flash_spi.elf.dir/Bsp/Flash_SPI/bsp_flash_spi.c.obj
                0x080011e0                W25xx_WaitUntilBusyReset
 .text.W25xx_SectorErase
                0x0800122c       0x60 CMakeFiles/flash_spi.elf.dir/Bsp/Flash_SPI/bsp_flash_spi.c.obj
                0x0800122c                W25xx_SectorErase
 .text.W25xx_WritePage
                0x0800128c       0x74 CMakeFiles/flash_spi.elf.dir/Bsp/Flash_SPI/bsp_flash_spi.c.obj
                0x0800128c                W25xx_WritePage
 .text.W25xx_Read
                0x08001300       0x64 CMakeFiles/flash_spi.elf.dir/Bsp/Flash_SPI/bsp_flash_spi.c.obj
                0x08001300                W25xx_Read
 .text.__io_putchar
                0x08001364       0x20 CMakeFiles/flash_spi.elf.dir/Bsp/USART/bsp_usart.c.obj
                0x08001364                __io_putchar
 .text.HAL_UART_RxCpltCallback
                0x08001384       0x34 CMakeFiles/flash_spi.elf.dir/Bsp/USART/bsp_usart.c.obj
                0x08001384                HAL_UART_RxCpltCallback
 .text.MX_GPIO_Init
                0x080013b8       0xb8 CMakeFiles/flash_spi.elf.dir/Core/Src/gpio.c.obj
                0x080013b8                MX_GPIO_Init
 .text.Error_Handler
                0x08001470        0x4 CMakeFiles/flash_spi.elf.dir/Core/Src/main.c.obj
                0x08001470                Error_Handler
 .text.SystemClock_Config
                0x08001474       0xa8 CMakeFiles/flash_spi.elf.dir/Core/Src/main.c.obj
                0x08001474                SystemClock_Config
 .text.main     0x0800151c       0xc8 CMakeFiles/flash_spi.elf.dir/Core/Src/main.c.obj
                0x0800151c                main
 .text.MX_SPI1_Init
                0x080015e4       0x40 CMakeFiles/flash_spi.elf.dir/Core/Src/spi.c.obj
                0x080015e4                MX_SPI1_Init
 .text.HAL_SPI_MspInit
                0x08001624       0x70 CMakeFiles/flash_spi.elf.dir/Core/Src/spi.c.obj
                0x08001624                HAL_SPI_MspInit
 .text.HAL_MspInit
                0x08001694       0x38 CMakeFiles/flash_spi.elf.dir/Core/Src/stm32f4xx_hal_msp.c.obj
                0x08001694                HAL_MspInit
 .text.NMI_Handler
                0x080016cc        0x2 CMakeFiles/flash_spi.elf.dir/Core/Src/stm32f4xx_it.c.obj
                0x080016cc                NMI_Handler
 .text.HardFault_Handler
                0x080016ce        0x2 CMakeFiles/flash_spi.elf.dir/Core/Src/stm32f4xx_it.c.obj
                0x080016ce                HardFault_Handler
 .text.MemManage_Handler
                0x080016d0        0x2 CMakeFiles/flash_spi.elf.dir/Core/Src/stm32f4xx_it.c.obj
                0x080016d0                MemManage_Handler
 .text.BusFault_Handler
                0x080016d2        0x2 CMakeFiles/flash_spi.elf.dir/Core/Src/stm32f4xx_it.c.obj
                0x080016d2                BusFault_Handler
 .text.UsageFault_Handler
                0x080016d4        0x2 CMakeFiles/flash_spi.elf.dir/Core/Src/stm32f4xx_it.c.obj
                0x080016d4                UsageFault_Handler
 .text.SVC_Handler
                0x080016d6        0x2 CMakeFiles/flash_spi.elf.dir/Core/Src/stm32f4xx_it.c.obj
                0x080016d6                SVC_Handler
 .text.DebugMon_Handler
                0x080016d8        0x2 CMakeFiles/flash_spi.elf.dir/Core/Src/stm32f4xx_it.c.obj
                0x080016d8                DebugMon_Handler
 .text.PendSV_Handler
                0x080016da        0x2 CMakeFiles/flash_spi.elf.dir/Core/Src/stm32f4xx_it.c.obj
                0x080016da                PendSV_Handler
 .text.SysTick_Handler
                0x080016dc        0x8 CMakeFiles/flash_spi.elf.dir/Core/Src/stm32f4xx_it.c.obj
                0x080016dc                SysTick_Handler
 .text.USART1_IRQHandler
                0x080016e4       0x10 CMakeFiles/flash_spi.elf.dir/Core/Src/stm32f4xx_it.c.obj
                0x080016e4                USART1_IRQHandler
 .text._getpid  0x080016f4        0x4 CMakeFiles/flash_spi.elf.dir/Core/Src/syscalls.c.obj
                0x080016f4                _getpid
 .text._kill    0x080016f8       0x10 CMakeFiles/flash_spi.elf.dir/Core/Src/syscalls.c.obj
                0x080016f8                _kill
 .text._exit    0x08001708        0xc CMakeFiles/flash_spi.elf.dir/Core/Src/syscalls.c.obj
                0x08001708                _exit
 .text._read    0x08001714       0x20 CMakeFiles/flash_spi.elf.dir/Core/Src/syscalls.c.obj
                0x08001714                _read
 .text._write   0x08001734       0x1c CMakeFiles/flash_spi.elf.dir/Core/Src/syscalls.c.obj
                0x08001734                _write
 .text._sbrk    0x08001750       0x3c CMakeFiles/flash_spi.elf.dir/Core/Src/syscalls.c.obj
                0x08001750                _sbrk
 .text._close   0x0800178c        0x6 CMakeFiles/flash_spi.elf.dir/Core/Src/syscalls.c.obj
                0x0800178c                _close
 .text._fstat   0x08001792        0xa CMakeFiles/flash_spi.elf.dir/Core/Src/syscalls.c.obj
                0x08001792                _fstat
 .text._isatty  0x0800179c        0x4 CMakeFiles/flash_spi.elf.dir/Core/Src/syscalls.c.obj
                0x0800179c                _isatty
 .text._lseek   0x080017a0        0x4 CMakeFiles/flash_spi.elf.dir/Core/Src/syscalls.c.obj
                0x080017a0                _lseek
 .text.SystemInit
                0x080017a4        0x2 CMakeFiles/flash_spi.elf.dir/Core/Src/system_stm32f4xx.c.obj
                0x080017a4                SystemInit
 *fill*         0x080017a6        0x2 
 .text.MX_USART1_UART_Init
                0x080017a8       0x34 CMakeFiles/flash_spi.elf.dir/Core/Src/usart.c.obj
                0x080017a8                MX_USART1_UART_Init
 .text.HAL_UART_MspInit
                0x080017dc       0x80 CMakeFiles/flash_spi.elf.dir/Core/Src/usart.c.obj
                0x080017dc                HAL_UART_MspInit
 .text.HAL_InitTick
                0x0800185c       0x4c CMakeFiles/flash_spi.elf.dir/Drivers/STM32F4xx_HAL_Driver/Src/stm32f4xx_hal.c.obj
                0x0800185c                HAL_InitTick
 .text.HAL_Init
                0x080018a8       0x34 CMakeFiles/flash_spi.elf.dir/Drivers/STM32F4xx_HAL_Driver/Src/stm32f4xx_hal.c.obj
                0x080018a8                HAL_Init
 .text.HAL_IncTick
                0x080018dc       0x18 CMakeFiles/flash_spi.elf.dir/Drivers/STM32F4xx_HAL_Driver/Src/stm32f4xx_hal.c.obj
                0x080018dc                HAL_IncTick
 .text.HAL_GetTick
                0x080018f4        0xc CMakeFiles/flash_spi.elf.dir/Drivers/STM32F4xx_HAL_Driver/Src/stm32f4xx_hal.c.obj
                0x080018f4                HAL_GetTick
 .text.HAL_Delay
                0x08001900       0x28 CMakeFiles/flash_spi.elf.dir/Drivers/STM32F4xx_HAL_Driver/Src/stm32f4xx_hal.c.obj
                0x08001900                HAL_Delay
 .text.HAL_NVIC_SetPriorityGrouping
                0x08001928       0x24 CMakeFiles/flash_spi.elf.dir/Drivers/STM32F4xx_HAL_Driver/Src/stm32f4xx_hal_cortex.c.obj
                0x08001928                HAL_NVIC_SetPriorityGrouping
 .text.HAL_NVIC_SetPriority
                0x0800194c       0x70 CMakeFiles/flash_spi.elf.dir/Drivers/STM32F4xx_HAL_Driver/Src/stm32f4xx_hal_cortex.c.obj
                0x0800194c                HAL_NVIC_SetPriority
 .text.HAL_NVIC_EnableIRQ
                0x080019bc       0x1c CMakeFiles/flash_spi.elf.dir/Drivers/STM32F4xx_HAL_Driver/Src/stm32f4xx_hal_cortex.c.obj
                0x080019bc                HAL_NVIC_EnableIRQ
 .text.HAL_SYSTICK_Config
                0x080019d8       0x28 CMakeFiles/flash_spi.elf.dir/Drivers/STM32F4xx_HAL_Driver/Src/stm32f4xx_hal_cortex.c.obj
                0x080019d8                HAL_SYSTICK_Config
 .text.HAL_DMA_Abort
                0x08001a00       0x94 CMakeFiles/flash_spi.elf.dir/Drivers/STM32F4xx_HAL_Driver/Src/stm32f4xx_hal_dma.c.obj
                0x08001a00                HAL_DMA_Abort
 .text.HAL_DMA_Abort_IT
                0x08001a94       0x26 CMakeFiles/flash_spi.elf.dir/Drivers/STM32F4xx_HAL_Driver/Src/stm32f4xx_hal_dma.c.obj
                0x08001a94                HAL_DMA_Abort_IT
 *fill*         0x08001aba        0x2 
 .text.HAL_GPIO_Init
                0x08001abc      0x1e4 CMakeFiles/flash_spi.elf.dir/Drivers/STM32F4xx_HAL_Driver/Src/stm32f4xx_hal_gpio.c.obj
                0x08001abc                HAL_GPIO_Init
 .text.HAL_GPIO_WritePin
                0x08001ca0        0xc CMakeFiles/flash_spi.elf.dir/Drivers/STM32F4xx_HAL_Driver/Src/stm32f4xx_hal_gpio.c.obj
                0x08001ca0                HAL_GPIO_WritePin
 .text.HAL_GPIO_TogglePin
                0x08001cac       0x12 CMakeFiles/flash_spi.elf.dir/Drivers/STM32F4xx_HAL_Driver/Src/stm32f4xx_hal_gpio.c.obj
                0x08001cac                HAL_GPIO_TogglePin
 *fill*         0x08001cbe        0x2 
 .text.HAL_RCC_OscConfig
                0x08001cc0      0x3f8 CMakeFiles/flash_spi.elf.dir/Drivers/STM32F4xx_HAL_Driver/Src/stm32f4xx_hal_rcc.c.obj
                0x08001cc0                HAL_RCC_OscConfig
 .text.HAL_RCC_GetSysClockFreq
                0x080020b8       0xd4 CMakeFiles/flash_spi.elf.dir/Drivers/STM32F4xx_HAL_Driver/Src/stm32f4xx_hal_rcc.c.obj
                0x080020b8                HAL_RCC_GetSysClockFreq
 .text.HAL_RCC_ClockConfig
                0x0800218c      0x160 CMakeFiles/flash_spi.elf.dir/Drivers/STM32F4xx_HAL_Driver/Src/stm32f4xx_hal_rcc.c.obj
                0x0800218c                HAL_RCC_ClockConfig
 .text.HAL_RCC_GetHCLKFreq
                0x080022ec        0xc CMakeFiles/flash_spi.elf.dir/Drivers/STM32F4xx_HAL_Driver/Src/stm32f4xx_hal_rcc.c.obj
                0x080022ec                HAL_RCC_GetHCLKFreq
 .text.HAL_RCC_GetPCLK1Freq
                0x080022f8       0x20 CMakeFiles/flash_spi.elf.dir/Drivers/STM32F4xx_HAL_Driver/Src/stm32f4xx_hal_rcc.c.obj
                0x080022f8                HAL_RCC_GetPCLK1Freq
 .text.HAL_RCC_GetPCLK2Freq
                0x08002318       0x20 CMakeFiles/flash_spi.elf.dir/Drivers/STM32F4xx_HAL_Driver/Src/stm32f4xx_hal_rcc.c.obj
                0x08002318                HAL_RCC_GetPCLK2Freq
 .text.SPI_WaitFlagStateUntilTimeout
                0x08002338       0xd4 CMakeFiles/flash_spi.elf.dir/Drivers/STM32F4xx_HAL_Driver/Src/stm32f4xx_hal_spi.c.obj
 .text.SPI_EndRxTxTransaction
                0x0800240c       0x68 CMakeFiles/flash_spi.elf.dir/Drivers/STM32F4xx_HAL_Driver/Src/stm32f4xx_hal_spi.c.obj
 .text.SPI_EndRxTransaction
                0x08002474       0x8c CMakeFiles/flash_spi.elf.dir/Drivers/STM32F4xx_HAL_Driver/Src/stm32f4xx_hal_spi.c.obj
 .text.HAL_SPI_Init
                0x08002500       0xbe CMakeFiles/flash_spi.elf.dir/Drivers/STM32F4xx_HAL_Driver/Src/stm32f4xx_hal_spi.c.obj
                0x08002500                HAL_SPI_Init
 .text.HAL_SPI_Transmit
                0x080025be      0x1b8 CMakeFiles/flash_spi.elf.dir/Drivers/STM32F4xx_HAL_Driver/Src/stm32f4xx_hal_spi.c.obj
                0x080025be                HAL_SPI_Transmit
 .text.HAL_SPI_TransmitReceive
                0x08002776      0x238 CMakeFiles/flash_spi.elf.dir/Drivers/STM32F4xx_HAL_Driver/Src/stm32f4xx_hal_spi.c.obj
                0x08002776                HAL_SPI_TransmitReceive
 .text.HAL_SPI_Receive
                0x080029ae      0x180 CMakeFiles/flash_spi.elf.dir/Drivers/STM32F4xx_HAL_Driver/Src/stm32f4xx_hal_spi.c.obj
                0x080029ae                HAL_SPI_Receive
 .text.UART_EndRxTransfer
                0x08002b2e       0x5c CMakeFiles/flash_spi.elf.dir/Drivers/STM32F4xx_HAL_Driver/Src/stm32f4xx_hal_uart.c.obj
 .text.UART_Transmit_IT
                0x08002b8a       0x60 CMakeFiles/flash_spi.elf.dir/Drivers/STM32F4xx_HAL_Driver/Src/stm32f4xx_hal_uart.c.obj
 *fill*         0x08002bea        0x2 
 .text.UART_SetConfig
                0x08002bec      0x110 CMakeFiles/flash_spi.elf.dir/Drivers/STM32F4xx_HAL_Driver/Src/stm32f4xx_hal_uart.c.obj
 .text.UART_WaitOnFlagUntilTimeout
                0x08002cfc       0x88 CMakeFiles/flash_spi.elf.dir/Drivers/STM32F4xx_HAL_Driver/Src/stm32f4xx_hal_uart.c.obj
 .text.HAL_UART_Init
                0x08002d84       0x5e CMakeFiles/flash_spi.elf.dir/Drivers/STM32F4xx_HAL_Driver/Src/stm32f4xx_hal_uart.c.obj
                0x08002d84                HAL_UART_Init
 .text.HAL_UART_Transmit
                0x08002de2       0xd8 CMakeFiles/flash_spi.elf.dir/Drivers/STM32F4xx_HAL_Driver/Src/stm32f4xx_hal_uart.c.obj
                0x08002de2                HAL_UART_Transmit
 .text.HAL_UART_TxCpltCallback
                0x08002eba        0x2 CMakeFiles/flash_spi.elf.dir/Drivers/STM32F4xx_HAL_Driver/Src/stm32f4xx_hal_uart.c.obj
                0x08002eba                HAL_UART_TxCpltCallback
 .text.UART_EndTransmit_IT
                0x08002ebc       0x1a CMakeFiles/flash_spi.elf.dir/Drivers/STM32F4xx_HAL_Driver/Src/stm32f4xx_hal_uart.c.obj
 .text.HAL_UART_ErrorCallback
                0x08002ed6        0x2 CMakeFiles/flash_spi.elf.dir/Drivers/STM32F4xx_HAL_Driver/Src/stm32f4xx_hal_uart.c.obj
                0x08002ed6                HAL_UART_ErrorCallback
 .text.UART_DMAAbortOnError
                0x08002ed8       0x10 CMakeFiles/flash_spi.elf.dir/Drivers/STM32F4xx_HAL_Driver/Src/stm32f4xx_hal_uart.c.obj
 .text.HAL_UARTEx_RxEventCallback
                0x08002ee8        0x2 CMakeFiles/flash_spi.elf.dir/Drivers/STM32F4xx_HAL_Driver/Src/stm32f4xx_hal_uart.c.obj
                0x08002ee8                HAL_UARTEx_RxEventCallback
 .text.UART_Receive_IT
                0x08002eea       0xe2 CMakeFiles/flash_spi.elf.dir/Drivers/STM32F4xx_HAL_Driver/Src/stm32f4xx_hal_uart.c.obj
 .text.HAL_UART_IRQHandler
                0x08002fcc      0x280 CMakeFiles/flash_spi.elf.dir/Drivers/STM32F4xx_HAL_Driver/Src/stm32f4xx_hal_uart.c.obj
                0x08002fcc                HAL_UART_IRQHandler
 .text.UART_Start_Receive_IT
                0x0800324c       0x3a CMakeFiles/flash_spi.elf.dir/Drivers/STM32F4xx_HAL_Driver/Src/stm32f4xx_hal_uart.c.obj
                0x0800324c                UART_Start_Receive_IT
 .text.HAL_UART_Receive_IT
                0x08003286       0x38 CMakeFiles/flash_spi.elf.dir/Drivers/STM32F4xx_HAL_Driver/Src/stm32f4xx_hal_uart.c.obj
                0x08003286                HAL_UART_Receive_IT
 *fill*         0x080032be        0x2 
 .text.Reset_Handler
                0x080032c0       0x50 CMakeFiles/flash_spi.elf.dir/startup/startup_stm32f407xx.s.obj
                0x080032c0                Reset_Handler
 .text.Default_Handler
                0x08003310        0x2 CMakeFiles/flash_spi.elf.dir/startup/startup_stm32f407xx.s.obj
                0x08003310                RTC_Alarm_IRQHandler
                0x08003310                HASH_RNG_IRQHandler
                0x08003310                EXTI2_IRQHandler
                0x08003310                TIM8_CC_IRQHandler
                0x08003310                TIM1_CC_IRQHandler
                0x08003310                DMA2_Stream5_IRQHandler
                0x08003310                DMA1_Stream5_IRQHandler
                0x08003310                PVD_IRQHandler
                0x08003310                SDIO_IRQHandler
                0x08003310                TAMP_STAMP_IRQHandler
                0x08003310                CAN2_RX1_IRQHandler
                0x08003310                EXTI3_IRQHandler
                0x08003310                TIM8_TRG_COM_TIM14_IRQHandler
                0x08003310                TIM1_UP_TIM10_IRQHandler
                0x08003310                TIM8_UP_TIM13_IRQHandler
                0x08003310                I2C3_ER_IRQHandler
                0x08003310                EXTI0_IRQHandler
                0x08003310                I2C2_EV_IRQHandler
                0x08003310                DMA1_Stream2_IRQHandler
                0x08003310                CAN1_RX0_IRQHandler
                0x08003310                FPU_IRQHandler
                0x08003310                OTG_HS_WKUP_IRQHandler
                0x08003310                CAN2_SCE_IRQHandler
                0x08003310                DMA2_Stream2_IRQHandler
                0x08003310                SPI1_IRQHandler
                0x08003310                TIM6_DAC_IRQHandler
                0x08003310                TIM1_BRK_TIM9_IRQHandler
                0x08003310                DCMI_IRQHandler
                0x08003310                CAN2_RX0_IRQHandler
                0x08003310                DMA2_Stream3_IRQHandler
                0x08003310                USART6_IRQHandler
                0x08003310                USART3_IRQHandler
                0x08003310                CAN1_RX1_IRQHandler
                0x08003310                UART5_IRQHandler
                0x08003310                DMA2_Stream0_IRQHandler
                0x08003310                TIM4_IRQHandler
                0x08003310                I2C1_EV_IRQHandler
                0x08003310                DMA1_Stream6_IRQHandler
                0x08003310                DMA1_Stream1_IRQHandler
                0x08003310                UART4_IRQHandler
                0x08003310                TIM3_IRQHandler
                0x08003310                RCC_IRQHandler
                0x08003310                TIM8_BRK_TIM12_IRQHandler
                0x08003310                Default_Handler
                0x08003310                EXTI15_10_IRQHandler
                0x08003310                ADC_IRQHandler
                0x08003310                DMA1_Stream7_IRQHandler
                0x08003310                TIM7_IRQHandler
                0x08003310                CAN2_TX_IRQHandler
                0x08003310                TIM5_IRQHandler
                0x08003310                DMA2_Stream7_IRQHandler
                0x08003310                I2C3_EV_IRQHandler
                0x08003310                EXTI9_5_IRQHandler
                0x08003310                RTC_WKUP_IRQHandler
                0x08003310                ETH_WKUP_IRQHandler
                0x08003310                SPI2_IRQHandler
                0x08003310                OTG_HS_EP1_IN_IRQHandler
                0x08003310                DMA1_Stream0_IRQHandler
                0x08003310                CAN1_TX_IRQHandler
                0x08003310                EXTI4_IRQHandler
                0x08003310                FSMC_IRQHandler
                0x08003310                ETH_IRQHandler
                0x08003310                OTG_HS_EP1_OUT_IRQHandler
                0x08003310                WWDG_IRQHandler
                0x08003310                TIM2_IRQHandler
                0x08003310                OTG_FS_WKUP_IRQHandler
                0x08003310                TIM1_TRG_COM_TIM11_IRQHandler
                0x08003310                OTG_HS_IRQHandler
                0x08003310                EXTI1_IRQHandler
                0x08003310                USART2_IRQHandler
                0x08003310                I2C2_ER_IRQHandler
                0x08003310                DMA2_Stream1_IRQHandler
                0x08003310                CAN1_SCE_IRQHandler
                0x08003310                FLASH_IRQHandler
                0x08003310                DMA2_Stream4_IRQHandler
                0x08003310                OTG_FS_IRQHandler
                0x08003310                SPI3_IRQHandler
                0x08003310                DMA1_Stream4_IRQHandler
                0x08003310                I2C1_ER_IRQHandler
                0x08003310                DMA2_Stream6_IRQHandler
                0x08003310                DMA1_Stream3_IRQHandler
 *fill*         0x08003312        0x2 
 .text.__errno  0x08003314        0xc d:/environment variable/gnu arm embedded toolchain/10 2021.10/bin/../lib/gcc/arm-none-eabi/10.3.1/../../../../arm-none-eabi/lib/thumb/v7e-m/nofp\libc.a(lib_a-errno.o)
                0x08003314                __errno
 .text.__libc_init_array
                0x08003320       0x48 d:/environment variable/gnu arm embedded toolchain/10 2021.10/bin/../lib/gcc/arm-none-eabi/10.3.1/../../../../arm-none-eabi/lib/thumb/v7e-m/nofp\libc.a(lib_a-init.o)
                0x08003320                __libc_init_array
 .text.memset   0x08003368       0xa4 d:/environment variable/gnu arm embedded toolchain/10 2021.10/bin/../lib/gcc/arm-none-eabi/10.3.1/../../../../arm-none-eabi/lib/thumb/v7e-m/nofp\libc.a(lib_a-memset.o)
                0x08003368                memset
 .text.printf   0x0800340c       0x28 d:/environment variable/gnu arm embedded toolchain/10 2021.10/bin/../lib/gcc/arm-none-eabi/10.3.1/../../../../arm-none-eabi/lib/thumb/v7e-m/nofp\libc.a(lib_a-printf.o)
                0x0800340c                printf
 .text._puts_r  0x08003434       0x9c d:/environment variable/gnu arm embedded toolchain/10 2021.10/bin/../lib/gcc/arm-none-eabi/10.3.1/../../../../arm-none-eabi/lib/thumb/v7e-m/nofp\libc.a(lib_a-puts.o)
                0x08003434                _puts_r
 .text.puts     0x080034d0       0x10 d:/environment variable/gnu arm embedded toolchain/10 2021.10/bin/../lib/gcc/arm-none-eabi/10.3.1/../../../../arm-none-eabi/lib/thumb/v7e-m/nofp\libc.a(lib_a-puts.o)
                0x080034d0                puts
 .text._vfprintf_r
                0x080034e0     0x1ad4 d:/environment variable/gnu arm embedded toolchain/10 2021.10/bin/../lib/gcc/arm-none-eabi/10.3.1/../../../../arm-none-eabi/lib/thumb/v7e-m/nofp\libc.a(lib_a-vfprintf.o)
                0x080034e0                _vfprintf_r
 .text.__sbprintf
                0x08004fb4       0x80 d:/environment variable/gnu arm embedded toolchain/10 2021.10/bin/../lib/gcc/arm-none-eabi/10.3.1/../../../../arm-none-eabi/lib/thumb/v7e-m/nofp\libc.a(lib_a-vfprintf.o)
 .text.__swsetup_r
                0x08005034       0xd4 d:/environment variable/gnu arm embedded toolchain/10 2021.10/bin/../lib/gcc/arm-none-eabi/10.3.1/../../../../arm-none-eabi/lib/thumb/v7e-m/nofp\libc.a(lib_a-wsetup.o)
                0x08005034                __swsetup_r
 .text.startup.register_fini
                0x08005108       0x14 d:/environment variable/gnu arm embedded toolchain/10 2021.10/bin/../lib/gcc/arm-none-eabi/10.3.1/../../../../arm-none-eabi/lib/thumb/v7e-m/nofp\libc.a(lib_a-__call_atexit.o)
 .text.atexit   0x0800511c        0xc d:/environment variable/gnu arm embedded toolchain/10 2021.10/bin/../lib/gcc/arm-none-eabi/10.3.1/../../../../arm-none-eabi/lib/thumb/v7e-m/nofp\libc.a(lib_a-atexit.o)
                0x0800511c                atexit
 .text.quorem   0x08005128      0x124 d:/environment variable/gnu arm embedded toolchain/10 2021.10/bin/../lib/gcc/arm-none-eabi/10.3.1/../../../../arm-none-eabi/lib/thumb/v7e-m/nofp\libc.a(lib_a-dtoa.o)
 *fill*         0x0800524c        0x4 
 .text._dtoa_r  0x08005250      0xec4 d:/environment variable/gnu arm embedded toolchain/10 2021.10/bin/../lib/gcc/arm-none-eabi/10.3.1/../../../../arm-none-eabi/lib/thumb/v7e-m/nofp\libc.a(lib_a-dtoa.o)
                0x08005250                _dtoa_r
 .text.__sflush_r
                0x08006114      0x120 d:/environment variable/gnu arm embedded toolchain/10 2021.10/bin/../lib/gcc/arm-none-eabi/10.3.1/../../../../arm-none-eabi/lib/thumb/v7e-m/nofp\libc.a(lib_a-fflush.o)
                0x08006114                __sflush_r
 .text._fflush_r
                0x08006234       0x5c d:/environment variable/gnu arm embedded toolchain/10 2021.10/bin/../lib/gcc/arm-none-eabi/10.3.1/../../../../arm-none-eabi/lib/thumb/v7e-m/nofp\libc.a(lib_a-fflush.o)
                0x08006234                _fflush_r
 .text._cleanup_r
                0x08006290        0xc d:/environment variable/gnu arm embedded toolchain/10 2021.10/bin/../lib/gcc/arm-none-eabi/10.3.1/../../../../arm-none-eabi/lib/thumb/v7e-m/nofp\libc.a(lib_a-findfp.o)
                0x08006290                _cleanup_r
 .text.__sinit  0x0800629c      0x10c d:/environment variable/gnu arm embedded toolchain/10 2021.10/bin/../lib/gcc/arm-none-eabi/10.3.1/../../../../arm-none-eabi/lib/thumb/v7e-m/nofp\libc.a(lib_a-findfp.o)
                0x0800629c                __sinit
 .text.__sfp_lock_acquire
                0x080063a8        0xc d:/environment variable/gnu arm embedded toolchain/10 2021.10/bin/../lib/gcc/arm-none-eabi/10.3.1/../../../../arm-none-eabi/lib/thumb/v7e-m/nofp\libc.a(lib_a-findfp.o)
                0x080063a8                __sfp_lock_acquire
 .text.__sfp_lock_release
                0x080063b4        0xc d:/environment variable/gnu arm embedded toolchain/10 2021.10/bin/../lib/gcc/arm-none-eabi/10.3.1/../../../../arm-none-eabi/lib/thumb/v7e-m/nofp\libc.a(lib_a-findfp.o)
                0x080063b4                __sfp_lock_release
 .text.__libc_fini_array
                0x080063c0       0x2c d:/environment variable/gnu arm embedded toolchain/10 2021.10/bin/../lib/gcc/arm-none-eabi/10.3.1/../../../../arm-none-eabi/lib/thumb/v7e-m/nofp\libc.a(lib_a-fini.o)
                0x080063c0                __libc_fini_array
 .text._malloc_trim_r
                0x080063ec       0xa0 d:/environment variable/gnu arm embedded toolchain/10 2021.10/bin/../lib/gcc/arm-none-eabi/10.3.1/../../../../arm-none-eabi/lib/thumb/v7e-m/nofp\libc.a(lib_a-freer.o)
                0x080063ec                _malloc_trim_r
 .text._free_r  0x0800648c      0x20c d:/environment variable/gnu arm embedded toolchain/10 2021.10/bin/../lib/gcc/arm-none-eabi/10.3.1/../../../../arm-none-eabi/lib/thumb/v7e-m/nofp\libc.a(lib_a-freer.o)
                0x0800648c                _free_r
 .text.__sfvwrite_r
                0x08006698      0x2e8 d:/environment variable/gnu arm embedded toolchain/10 2021.10/bin/../lib/gcc/arm-none-eabi/10.3.1/../../../../arm-none-eabi/lib/thumb/v7e-m/nofp\libc.a(lib_a-fvwrite.o)
                0x08006698                __sfvwrite_r
 .text._fwalk_reent
                0x08006980       0x48 d:/environment variable/gnu arm embedded toolchain/10 2021.10/bin/../lib/gcc/arm-none-eabi/10.3.1/../../../../arm-none-eabi/lib/thumb/v7e-m/nofp\libc.a(lib_a-fwalk.o)
                0x08006980                _fwalk_reent
 .text._localeconv_r
                0x080069c8        0x8 d:/environment variable/gnu arm embedded toolchain/10 2021.10/bin/../lib/gcc/arm-none-eabi/10.3.1/../../../../arm-none-eabi/lib/thumb/v7e-m/nofp\libc.a(lib_a-localeconv.o)
                0x080069c8                _localeconv_r
 .text.__retarget_lock_init_recursive
                0x080069d0        0x4 d:/environment variable/gnu arm embedded toolchain/10 2021.10/bin/../lib/gcc/arm-none-eabi/10.3.1/../../../../arm-none-eabi/lib/thumb/v7e-m/nofp\libc.a(lib_a-lock.o)
                0x080069d0                __retarget_lock_init_recursive
 .text.__retarget_lock_close_recursive
                0x080069d4        0x4 d:/environment variable/gnu arm embedded toolchain/10 2021.10/bin/../lib/gcc/arm-none-eabi/10.3.1/../../../../arm-none-eabi/lib/thumb/v7e-m/nofp\libc.a(lib_a-lock.o)
                0x080069d4                __retarget_lock_close_recursive
 .text.__retarget_lock_acquire_recursive
                0x080069d8        0x4 d:/environment variable/gnu arm embedded toolchain/10 2021.10/bin/../lib/gcc/arm-none-eabi/10.3.1/../../../../arm-none-eabi/lib/thumb/v7e-m/nofp\libc.a(lib_a-lock.o)
                0x080069d8                __retarget_lock_acquire_recursive
 .text.__retarget_lock_release_recursive
                0x080069dc        0x4 d:/environment variable/gnu arm embedded toolchain/10 2021.10/bin/../lib/gcc/arm-none-eabi/10.3.1/../../../../arm-none-eabi/lib/thumb/v7e-m/nofp\libc.a(lib_a-lock.o)
                0x080069dc                __retarget_lock_release_recursive
 .text.__smakebuf_r
                0x080069e0       0xe0 d:/environment variable/gnu arm embedded toolchain/10 2021.10/bin/../lib/gcc/arm-none-eabi/10.3.1/../../../../arm-none-eabi/lib/thumb/v7e-m/nofp\libc.a(lib_a-makebuf.o)
                0x080069e0                __smakebuf_r
 .text._malloc_r
                0x08006ac0      0x560 d:/environment variable/gnu arm embedded toolchain/10 2021.10/bin/../lib/gcc/arm-none-eabi/10.3.1/../../../../arm-none-eabi/lib/thumb/v7e-m/nofp\libc.a(lib_a-mallocr.o)
                0x08006ac0                _malloc_r
 .text.memmove  0x08007020       0xf8 d:/environment variable/gnu arm embedded toolchain/10 2021.10/bin/../lib/gcc/arm-none-eabi/10.3.1/../../../../arm-none-eabi/lib/thumb/v7e-m/nofp\libc.a(lib_a-memmove.o)
                0x08007020                memmove
 .text.__malloc_lock
                0x08007118        0xc d:/environment variable/gnu arm embedded toolchain/10 2021.10/bin/../lib/gcc/arm-none-eabi/10.3.1/../../../../arm-none-eabi/lib/thumb/v7e-m/nofp\libc.a(lib_a-mlock.o)
                0x08007118                __malloc_lock
 .text.__malloc_unlock
                0x08007124        0xc d:/environment variable/gnu arm embedded toolchain/10 2021.10/bin/../lib/gcc/arm-none-eabi/10.3.1/../../../../arm-none-eabi/lib/thumb/v7e-m/nofp\libc.a(lib_a-mlock.o)
                0x08007124                __malloc_unlock
 .text._Balloc  0x08007130       0x4c d:/environment variable/gnu arm embedded toolchain/10 2021.10/bin/../lib/gcc/arm-none-eabi/10.3.1/../../../../arm-none-eabi/lib/thumb/v7e-m/nofp\libc.a(lib_a-mprec.o)
                0x08007130                _Balloc
 .text._Bfree   0x0800717c       0x14 d:/environment variable/gnu arm embedded toolchain/10 2021.10/bin/../lib/gcc/arm-none-eabi/10.3.1/../../../../arm-none-eabi/lib/thumb/v7e-m/nofp\libc.a(lib_a-mprec.o)
                0x0800717c                _Bfree
 .text.__multadd
                0x08007190       0xa0 d:/environment variable/gnu arm embedded toolchain/10 2021.10/bin/../lib/gcc/arm-none-eabi/10.3.1/../../../../arm-none-eabi/lib/thumb/v7e-m/nofp\libc.a(lib_a-mprec.o)
                0x08007190                __multadd
 .text.__hi0bits
                0x08007230       0x40 d:/environment variable/gnu arm embedded toolchain/10 2021.10/bin/../lib/gcc/arm-none-eabi/10.3.1/../../../../arm-none-eabi/lib/thumb/v7e-m/nofp\libc.a(lib_a-mprec.o)
                0x08007230                __hi0bits
 .text.__lo0bits
                0x08007270       0x5c d:/environment variable/gnu arm embedded toolchain/10 2021.10/bin/../lib/gcc/arm-none-eabi/10.3.1/../../../../arm-none-eabi/lib/thumb/v7e-m/nofp\libc.a(lib_a-mprec.o)
                0x08007270                __lo0bits
 .text.__i2b    0x080072cc       0x5c d:/environment variable/gnu arm embedded toolchain/10 2021.10/bin/../lib/gcc/arm-none-eabi/10.3.1/../../../../arm-none-eabi/lib/thumb/v7e-m/nofp\libc.a(lib_a-mprec.o)
                0x080072cc                __i2b
 .text.__multiply
                0x08007328      0x15c d:/environment variable/gnu arm embedded toolchain/10 2021.10/bin/../lib/gcc/arm-none-eabi/10.3.1/../../../../arm-none-eabi/lib/thumb/v7e-m/nofp\libc.a(lib_a-mprec.o)
                0x08007328                __multiply
 .text.__pow5mult
                0x08007484       0xc0 d:/environment variable/gnu arm embedded toolchain/10 2021.10/bin/../lib/gcc/arm-none-eabi/10.3.1/../../../../arm-none-eabi/lib/thumb/v7e-m/nofp\libc.a(lib_a-mprec.o)
                0x08007484                __pow5mult
 .text.__lshift
                0x08007544       0xf0 d:/environment variable/gnu arm embedded toolchain/10 2021.10/bin/../lib/gcc/arm-none-eabi/10.3.1/../../../../arm-none-eabi/lib/thumb/v7e-m/nofp\libc.a(lib_a-mprec.o)
                0x08007544                __lshift
 .text.__mcmp   0x08007634       0x40 d:/environment variable/gnu arm embedded toolchain/10 2021.10/bin/../lib/gcc/arm-none-eabi/10.3.1/../../../../arm-none-eabi/lib/thumb/v7e-m/nofp\libc.a(lib_a-mprec.o)
                0x08007634                __mcmp
 .text.__mdiff  0x08007674      0x14c d:/environment variable/gnu arm embedded toolchain/10 2021.10/bin/../lib/gcc/arm-none-eabi/10.3.1/../../../../arm-none-eabi/lib/thumb/v7e-m/nofp\libc.a(lib_a-mprec.o)
                0x08007674                __mdiff
 .text.__d2b    0x080077c0       0xc4 d:/environment variable/gnu arm embedded toolchain/10 2021.10/bin/../lib/gcc/arm-none-eabi/10.3.1/../../../../arm-none-eabi/lib/thumb/v7e-m/nofp\libc.a(lib_a-mprec.o)
                0x080077c0                __d2b
 .text._realloc_r
                0x08007884      0x3d8 d:/environment variable/gnu arm embedded toolchain/10 2021.10/bin/../lib/gcc/arm-none-eabi/10.3.1/../../../../arm-none-eabi/lib/thumb/v7e-m/nofp\libc.a(lib_a-reallocr.o)
                0x08007884                _realloc_r
 .text.frexp    0x08007c5c       0x70 d:/environment variable/gnu arm embedded toolchain/10 2021.10/bin/../lib/gcc/arm-none-eabi/10.3.1/../../../../arm-none-eabi/lib/thumb/v7e-m/nofp\libc.a(lib_a-s_frexp.o)
                0x08007c5c                frexp
 .text._sbrk_r  0x08007ccc       0x24 d:/environment variable/gnu arm embedded toolchain/10 2021.10/bin/../lib/gcc/arm-none-eabi/10.3.1/../../../../arm-none-eabi/lib/thumb/v7e-m/nofp\libc.a(lib_a-sbrkr.o)
                0x08007ccc                _sbrk_r
 .text.__sread  0x08007cf0       0x24 d:/environment variable/gnu arm embedded toolchain/10 2021.10/bin/../lib/gcc/arm-none-eabi/10.3.1/../../../../arm-none-eabi/lib/thumb/v7e-m/nofp\libc.a(lib_a-stdio.o)
                0x08007cf0                __sread
 .text.__swrite
                0x08007d14       0x40 d:/environment variable/gnu arm embedded toolchain/10 2021.10/bin/../lib/gcc/arm-none-eabi/10.3.1/../../../../arm-none-eabi/lib/thumb/v7e-m/nofp\libc.a(lib_a-stdio.o)
                0x08007d14                __swrite
 .text.__sseek  0x08007d54       0x20 d:/environment variable/gnu arm embedded toolchain/10 2021.10/bin/../lib/gcc/arm-none-eabi/10.3.1/../../../../arm-none-eabi/lib/thumb/v7e-m/nofp\libc.a(lib_a-stdio.o)
                0x08007d54                __sseek
 .text.__sclose
                0x08007d74        0x8 d:/environment variable/gnu arm embedded toolchain/10 2021.10/bin/../lib/gcc/arm-none-eabi/10.3.1/../../../../arm-none-eabi/lib/thumb/v7e-m/nofp\libc.a(lib_a-stdio.o)
                0x08007d74                __sclose
 .text.strncpy  0x08007d7c       0x64 d:/environment variable/gnu arm embedded toolchain/10 2021.10/bin/../lib/gcc/arm-none-eabi/10.3.1/../../../../arm-none-eabi/lib/thumb/v7e-m/nofp\libc.a(lib_a-strncpy.o)
                0x08007d7c                strncpy
 .text.__sprint_r.part.0
                0x08007de0       0x78 d:/environment variable/gnu arm embedded toolchain/10 2021.10/bin/../lib/gcc/arm-none-eabi/10.3.1/../../../../arm-none-eabi/lib/thumb/v7e-m/nofp\libc.a(lib_a-vfiprintf.o)
 .text.__sprint_r
                0x08007e58       0x14 d:/environment variable/gnu arm embedded toolchain/10 2021.10/bin/../lib/gcc/arm-none-eabi/10.3.1/../../../../arm-none-eabi/lib/thumb/v7e-m/nofp\libc.a(lib_a-vfiprintf.o)
                0x08007e58                __sprint_r
 .text._vfiprintf_r
                0x08007e6c      0xda0 d:/environment variable/gnu arm embedded toolchain/10 2021.10/bin/../lib/gcc/arm-none-eabi/10.3.1/../../../../arm-none-eabi/lib/thumb/v7e-m/nofp\libc.a(lib_a-vfiprintf.o)
                0x08007e6c                _vfiprintf_r
 .text.__sbprintf
                0x08008c0c       0x80 d:/environment variable/gnu arm embedded toolchain/10 2021.10/bin/../lib/gcc/arm-none-eabi/10.3.1/../../../../arm-none-eabi/lib/thumb/v7e-m/nofp\libc.a(lib_a-vfiprintf.o)
 .text._write_r
                0x08008c8c       0x2c d:/environment variable/gnu arm embedded toolchain/10 2021.10/bin/../lib/gcc/arm-none-eabi/10.3.1/../../../../arm-none-eabi/lib/thumb/v7e-m/nofp\libc.a(lib_a-writer.o)
                0x08008c8c                _write_r
 .text.__register_exitproc
                0x08008cb8       0x8c d:/environment variable/gnu arm embedded toolchain/10 2021.10/bin/../lib/gcc/arm-none-eabi/10.3.1/../../../../arm-none-eabi/lib/thumb/v7e-m/nofp\libc.a(lib_a-__atexit.o)
                0x08008cb8                __register_exitproc
 .text.__assert_func
                0x08008d44       0x40 d:/environment variable/gnu arm embedded toolchain/10 2021.10/bin/../lib/gcc/arm-none-eabi/10.3.1/../../../../arm-none-eabi/lib/thumb/v7e-m/nofp\libc.a(lib_a-assert.o)
                0x08008d44                __assert_func
 .text._calloc_r
                0x08008d84       0x78 d:/environment variable/gnu arm embedded toolchain/10 2021.10/bin/../lib/gcc/arm-none-eabi/10.3.1/../../../../arm-none-eabi/lib/thumb/v7e-m/nofp\libc.a(lib_a-callocr.o)
                0x08008d84                _calloc_r
 .text._close_r
                0x08008dfc       0x24 d:/environment variable/gnu arm embedded toolchain/10 2021.10/bin/../lib/gcc/arm-none-eabi/10.3.1/../../../../arm-none-eabi/lib/thumb/v7e-m/nofp\libc.a(lib_a-closer.o)
                0x08008dfc                _close_r
 .text._fclose_r
                0x08008e20       0xcc d:/environment variable/gnu arm embedded toolchain/10 2021.10/bin/../lib/gcc/arm-none-eabi/10.3.1/../../../../arm-none-eabi/lib/thumb/v7e-m/nofp\libc.a(lib_a-fclose.o)
                0x08008e20                _fclose_r
 .text.fiprintf
                0x08008eec       0x28 d:/environment variable/gnu arm embedded toolchain/10 2021.10/bin/../lib/gcc/arm-none-eabi/10.3.1/../../../../arm-none-eabi/lib/thumb/v7e-m/nofp\libc.a(lib_a-fiprintf.o)
                0x08008eec                fiprintf
 .text.__fputwc
                0x08008f14       0xa8 d:/environment variable/gnu arm embedded toolchain/10 2021.10/bin/../lib/gcc/arm-none-eabi/10.3.1/../../../../arm-none-eabi/lib/thumb/v7e-m/nofp\libc.a(lib_a-fputwc.o)
                0x08008f14                __fputwc
 .text._fputwc_r
                0x08008fbc       0x68 d:/environment variable/gnu arm embedded toolchain/10 2021.10/bin/../lib/gcc/arm-none-eabi/10.3.1/../../../../arm-none-eabi/lib/thumb/v7e-m/nofp\libc.a(lib_a-fputwc.o)
                0x08008fbc                _fputwc_r
 .text._fstat_r
                0x08009024       0x2c d:/environment variable/gnu arm embedded toolchain/10 2021.10/bin/../lib/gcc/arm-none-eabi/10.3.1/../../../../arm-none-eabi/lib/thumb/v7e-m/nofp\libc.a(lib_a-fstatr.o)
                0x08009024                _fstat_r
 .text._isatty_r
                0x08009050       0x24 d:/environment variable/gnu arm embedded toolchain/10 2021.10/bin/../lib/gcc/arm-none-eabi/10.3.1/../../../../arm-none-eabi/lib/thumb/v7e-m/nofp\libc.a(lib_a-isattyr.o)
                0x08009050                _isatty_r
 .text.__locale_mb_cur_max
                0x08009074        0xc d:/environment variable/gnu arm embedded toolchain/10 2021.10/bin/../lib/gcc/arm-none-eabi/10.3.1/../../../../arm-none-eabi/lib/thumb/v7e-m/nofp\libc.a(lib_a-locale.o)
                0x08009074                __locale_mb_cur_max
 .text._lseek_r
                0x08009080       0x2c d:/environment variable/gnu arm embedded toolchain/10 2021.10/bin/../lib/gcc/arm-none-eabi/10.3.1/../../../../arm-none-eabi/lib/thumb/v7e-m/nofp\libc.a(lib_a-lseekr.o)
                0x08009080                _lseek_r
 .text.__ascii_mbtowc
                0x080090ac       0x2c d:/environment variable/gnu arm embedded toolchain/10 2021.10/bin/../lib/gcc/arm-none-eabi/10.3.1/../../../../arm-none-eabi/lib/thumb/v7e-m/nofp\libc.a(lib_a-mbtowc_r.o)
                0x080090ac                __ascii_mbtowc
 .text._read_r  0x080090d8       0x2c d:/environment variable/gnu arm embedded toolchain/10 2021.10/bin/../lib/gcc/arm-none-eabi/10.3.1/../../../../arm-none-eabi/lib/thumb/v7e-m/nofp\libc.a(lib_a-readr.o)
                0x080090d8                _read_r
 .text.__swbuf_r
                0x08009104       0xb0 d:/environment variable/gnu arm embedded toolchain/10 2021.10/bin/../lib/gcc/arm-none-eabi/10.3.1/../../../../arm-none-eabi/lib/thumb/v7e-m/nofp\libc.a(lib_a-wbuf.o)
                0x08009104                __swbuf_r
 .text._wcrtomb_r
                0x080091b4       0x3c d:/environment variable/gnu arm embedded toolchain/10 2021.10/bin/../lib/gcc/arm-none-eabi/10.3.1/../../../../arm-none-eabi/lib/thumb/v7e-m/nofp\libc.a(lib_a-wcrtomb.o)
                0x080091b4                _wcrtomb_r
 .text.__ascii_wctomb
                0x080091f0       0x1c d:/environment variable/gnu arm embedded toolchain/10 2021.10/bin/../lib/gcc/arm-none-eabi/10.3.1/../../../../arm-none-eabi/lib/thumb/v7e-m/nofp\libc.a(lib_a-wctomb_r.o)
                0x080091f0                __ascii_wctomb
 .text.abort    0x0800920c       0x10 d:/environment variable/gnu arm embedded toolchain/10 2021.10/bin/../lib/gcc/arm-none-eabi/10.3.1/../../../../arm-none-eabi/lib/thumb/v7e-m/nofp\libc.a(lib_a-abort.o)
                0x0800920c                abort
 .text.raise    0x0800921c       0x5c d:/environment variable/gnu arm embedded toolchain/10 2021.10/bin/../lib/gcc/arm-none-eabi/10.3.1/../../../../arm-none-eabi/lib/thumb/v7e-m/nofp\libc.a(lib_a-signal.o)
                0x0800921c                raise
 .text._kill_r  0x08009278       0x2c d:/environment variable/gnu arm embedded toolchain/10 2021.10/bin/../lib/gcc/arm-none-eabi/10.3.1/../../../../arm-none-eabi/lib/thumb/v7e-m/nofp\libc.a(lib_a-signalr.o)
                0x08009278                _kill_r
 .text._getpid_r
                0x080092a4        0x4 d:/environment variable/gnu arm embedded toolchain/10 2021.10/bin/../lib/gcc/arm-none-eabi/10.3.1/../../../../arm-none-eabi/lib/thumb/v7e-m/nofp\libc.a(lib_a-signalr.o)
                0x080092a4                _getpid_r
 *(.glue_7)
 .glue_7        0x080092a8        0x0 linker stubs
 *(.glue_7t)
 .glue_7t       0x080092a8        0x0 linker stubs
 *(.eh_frame)
 .eh_frame      0x080092a8        0x0 d:/environment variable/gnu arm embedded toolchain/10 2021.10/bin/../lib/gcc/arm-none-eabi/10.3.1/thumb/v7e-m/nofp/crtbegin.o
 *(.init)
 .init          0x080092a8        0x4 d:/environment variable/gnu arm embedded toolchain/10 2021.10/bin/../lib/gcc/arm-none-eabi/10.3.1/thumb/v7e-m/nofp/crti.o
                0x080092a8                _init
 .init          0x080092ac        0x8 d:/environment variable/gnu arm embedded toolchain/10 2021.10/bin/../lib/gcc/arm-none-eabi/10.3.1/thumb/v7e-m/nofp/crtn.o
 *(.fini)
 .fini          0x080092b4        0x4 d:/environment variable/gnu arm embedded toolchain/10 2021.10/bin/../lib/gcc/arm-none-eabi/10.3.1/thumb/v7e-m/nofp/crti.o
                0x080092b4                _fini
 .fini          0x080092b8        0x8 d:/environment variable/gnu arm embedded toolchain/10 2021.10/bin/../lib/gcc/arm-none-eabi/10.3.1/thumb/v7e-m/nofp/crtn.o
                0x080092c0                . = ALIGN (0x4)
                0x080092c0                _etext = .

.vfp11_veneer   0x080092c0        0x0
 .vfp11_veneer  0x080092c0        0x0 linker stubs

.v4_bx          0x080092c0        0x0
 .v4_bx         0x080092c0        0x0 linker stubs

.iplt           0x080092c0        0x0
 .iplt          0x080092c0        0x0 d:/environment variable/gnu arm embedded toolchain/10 2021.10/bin/../lib/gcc/arm-none-eabi/10.3.1/thumb/v7e-m/nofp/crtbegin.o

.rodata         0x080092c0      0x4c8
                0x080092c0                . = ALIGN (0x4)
 *(.rodata)
 *(.rodata*)
 .rodata.W25xx_GetID.str1.4
                0x080092c0        0xf CMakeFiles/flash_spi.elf.dir/Bsp/Flash_SPI/bsp_flash_spi.c.obj
 *fill*         0x080092cf        0x1 
 .rodata.HAL_UART_RxCpltCallback.str1.4
                0x080092d0        0x3 CMakeFiles/flash_spi.elf.dir/Bsp/USART/bsp_usart.c.obj
 *fill*         0x080092d3        0x1 
 .rodata.main.str1.4
                0x080092d4       0x97 CMakeFiles/flash_spi.elf.dir/Core/Src/main.c.obj
                                 0x9b (size before relaxing)
 *fill*         0x0800936b        0x1 
 .rodata.AHBPrescTable
                0x0800936c       0x10 CMakeFiles/flash_spi.elf.dir/Core/Src/system_stm32f4xx.c.obj
                0x0800936c                AHBPrescTable
 .rodata.APBPrescTable
                0x0800937c        0x8 CMakeFiles/flash_spi.elf.dir/Core/Src/system_stm32f4xx.c.obj
                0x0800937c                APBPrescTable
 .rodata._global_impure_ptr
                0x08009384        0x4 d:/environment variable/gnu arm embedded toolchain/10 2021.10/bin/../lib/gcc/arm-none-eabi/10.3.1/../../../../arm-none-eabi/lib/thumb/v7e-m/nofp\libc.a(lib_a-impure.o)
                0x08009384                _global_impure_ptr
 .rodata._puts_r.str1.4
                0x08009388        0x2 d:/environment variable/gnu arm embedded toolchain/10 2021.10/bin/../lib/gcc/arm-none-eabi/10.3.1/../../../../arm-none-eabi/lib/thumb/v7e-m/nofp\libc.a(lib_a-puts.o)
 *fill*         0x0800938a        0x2 
 .rodata._vfprintf_r.str1.4
                0x0800938c       0x42 d:/environment variable/gnu arm embedded toolchain/10 2021.10/bin/../lib/gcc/arm-none-eabi/10.3.1/../../../../arm-none-eabi/lib/thumb/v7e-m/nofp\libc.a(lib_a-vfprintf.o)
 *fill*         0x080093ce        0x2 
 .rodata.blanks.1
                0x080093d0       0x10 d:/environment variable/gnu arm embedded toolchain/10 2021.10/bin/../lib/gcc/arm-none-eabi/10.3.1/../../../../arm-none-eabi/lib/thumb/v7e-m/nofp\libc.a(lib_a-vfprintf.o)
 .rodata.zeroes.0
                0x080093e0       0x10 d:/environment variable/gnu arm embedded toolchain/10 2021.10/bin/../lib/gcc/arm-none-eabi/10.3.1/../../../../arm-none-eabi/lib/thumb/v7e-m/nofp\libc.a(lib_a-vfprintf.o)
 .rodata._dtoa_r.str1.4
                0x080093f0       0xa2 d:/environment variable/gnu arm embedded toolchain/10 2021.10/bin/../lib/gcc/arm-none-eabi/10.3.1/../../../../arm-none-eabi/lib/thumb/v7e-m/nofp\libc.a(lib_a-dtoa.o)
                                 0xa6 (size before relaxing)
 *fill*         0x08009492        0x2 
 .rodata.__multadd.str1.4
                0x08009494       0x7f d:/environment variable/gnu arm embedded toolchain/10 2021.10/bin/../lib/gcc/arm-none-eabi/10.3.1/../../../../arm-none-eabi/lib/thumb/v7e-m/nofp\libc.a(lib_a-mprec.o)
                                 0x93 (size before relaxing)
 *fill*         0x08009513        0x5 
 .rodata.__mprec_bigtens
                0x08009518       0x28 d:/environment variable/gnu arm embedded toolchain/10 2021.10/bin/../lib/gcc/arm-none-eabi/10.3.1/../../../../arm-none-eabi/lib/thumb/v7e-m/nofp\libc.a(lib_a-mprec.o)
                0x08009518                __mprec_bigtens
 .rodata.__mprec_tens
                0x08009540       0xc8 d:/environment variable/gnu arm embedded toolchain/10 2021.10/bin/../lib/gcc/arm-none-eabi/10.3.1/../../../../arm-none-eabi/lib/thumb/v7e-m/nofp\libc.a(lib_a-mprec.o)
                0x08009540                __mprec_tens
 .rodata.p05.0  0x08009608        0xc d:/environment variable/gnu arm embedded toolchain/10 2021.10/bin/../lib/gcc/arm-none-eabi/10.3.1/../../../../arm-none-eabi/lib/thumb/v7e-m/nofp\libc.a(lib_a-mprec.o)
 .rodata._vfiprintf_r.str1.4
                0x08009614       0x2f d:/environment variable/gnu arm embedded toolchain/10 2021.10/bin/../lib/gcc/arm-none-eabi/10.3.1/../../../../arm-none-eabi/lib/thumb/v7e-m/nofp\libc.a(lib_a-vfiprintf.o)
 .rodata.blanks.1
                0x08009614       0x10 d:/environment variable/gnu arm embedded toolchain/10 2021.10/bin/../lib/gcc/arm-none-eabi/10.3.1/../../../../arm-none-eabi/lib/thumb/v7e-m/nofp\libc.a(lib_a-vfiprintf.o)
 .rodata.zeroes.0
                0x08009624       0x10 d:/environment variable/gnu arm embedded toolchain/10 2021.10/bin/../lib/gcc/arm-none-eabi/10.3.1/../../../../arm-none-eabi/lib/thumb/v7e-m/nofp\libc.a(lib_a-vfiprintf.o)
 .rodata.__assert_func.str1.4
                0x08009634       0x3f d:/environment variable/gnu arm embedded toolchain/10 2021.10/bin/../lib/gcc/arm-none-eabi/10.3.1/../../../../arm-none-eabi/lib/thumb/v7e-m/nofp\libc.a(lib_a-assert.o)
                                 0x43 (size before relaxing)
 *fill*         0x08009673        0x1 
 .rodata._setlocale_r.str1.4
                0x08009674        0xa d:/environment variable/gnu arm embedded toolchain/10 2021.10/bin/../lib/gcc/arm-none-eabi/10.3.1/../../../../arm-none-eabi/lib/thumb/v7e-m/nofp\libc.a(lib_a-locale.o)
                                  0xd (size before relaxing)
 *fill*         0x0800967e        0x2 
 .rodata.str1.4
                0x08009680        0x2 d:/environment variable/gnu arm embedded toolchain/10 2021.10/bin/../lib/gcc/arm-none-eabi/10.3.1/../../../../arm-none-eabi/lib/thumb/v7e-m/nofp\libc.a(lib_a-locale.o)
 *fill*         0x08009682        0x2 
 .rodata._ctype_
                0x08009684      0x101 d:/environment variable/gnu arm embedded toolchain/10 2021.10/bin/../lib/gcc/arm-none-eabi/10.3.1/../../../../arm-none-eabi/lib/thumb/v7e-m/nofp\libc.a(lib_a-ctype_.o)
                0x08009684                _ctype_
                0x08009788                . = ALIGN (0x4)
 *fill*         0x08009785        0x3 

.ARM.extab
 *(.ARM.extab* .gnu.linkonce.armextab.*)

.ARM            0x08009788        0x8
                0x08009788                __exidx_start = .
 *(.ARM.exidx*)
 .ARM.exidx     0x08009788        0x8 d:/environment variable/gnu arm embedded toolchain/10 2021.10/bin/../lib/gcc/arm-none-eabi/10.3.1/thumb/v7e-m/nofp\libgcc.a(_udivmoddi4.o)
                0x08009790                __exidx_end = .

.rel.dyn        0x08009790        0x0
 .rel.iplt      0x08009790        0x0 d:/environment variable/gnu arm embedded toolchain/10 2021.10/bin/../lib/gcc/arm-none-eabi/10.3.1/thumb/v7e-m/nofp/crtbegin.o

.preinit_array  0x08009790        0x0
                0x08009790                PROVIDE (__preinit_array_start = .)
 *(.preinit_array*)
                0x08009790                PROVIDE (__preinit_array_end = .)

.init_array     0x08009790        0x8
                0x08009790                PROVIDE (__init_array_start = .)
 *(SORT_BY_NAME(.init_array.*))
 .init_array.00000
                0x08009790        0x4 d:/environment variable/gnu arm embedded toolchain/10 2021.10/bin/../lib/gcc/arm-none-eabi/10.3.1/../../../../arm-none-eabi/lib/thumb/v7e-m/nofp\libc.a(lib_a-__call_atexit.o)
 *(.init_array*)
 .init_array    0x08009794        0x4 d:/environment variable/gnu arm embedded toolchain/10 2021.10/bin/../lib/gcc/arm-none-eabi/10.3.1/thumb/v7e-m/nofp/crtbegin.o
                0x08009798                PROVIDE (__init_array_end = .)

.fini_array     0x08009798        0x4
                0x08009798                PROVIDE (__fini_array_start = .)
 *(SORT_BY_NAME(.fini_array.*))
 *(.fini_array*)
 .fini_array    0x08009798        0x4 d:/environment variable/gnu arm embedded toolchain/10 2021.10/bin/../lib/gcc/arm-none-eabi/10.3.1/thumb/v7e-m/nofp/crtbegin.o
                0x0800979c                PROVIDE (__fini_array_end = .)
                0x0800979c                _sidata = LOADADDR (.data)

.data           0x20000000      0xab8 load address 0x0800979c
                0x20000000                . = ALIGN (0x4)
                0x20000000                _sdata = .
 *(.data)
 *(.data*)
 .data.WriteBuffer
                0x20000000      0x100 CMakeFiles/flash_spi.elf.dir/Core/Src/main.c.obj
                0x20000000                WriteBuffer
 .data.SystemCoreClock
                0x20000100        0x4 CMakeFiles/flash_spi.elf.dir/Core/Src/system_stm32f4xx.c.obj
                0x20000100                SystemCoreClock
 .data.uwTickFreq
                0x20000104        0x1 CMakeFiles/flash_spi.elf.dir/Drivers/STM32F4xx_HAL_Driver/Src/stm32f4xx_hal.c.obj
                0x20000104                uwTickFreq
 *fill*         0x20000105        0x3 
 .data.uwTickPrio
                0x20000108        0x4 CMakeFiles/flash_spi.elf.dir/Drivers/STM32F4xx_HAL_Driver/Src/stm32f4xx_hal.c.obj
                0x20000108                uwTickPrio
 .data._impure_ptr
                0x2000010c        0x4 d:/environment variable/gnu arm embedded toolchain/10 2021.10/bin/../lib/gcc/arm-none-eabi/10.3.1/../../../../arm-none-eabi/lib/thumb/v7e-m/nofp\libc.a(lib_a-impure.o)
                0x2000010c                _impure_ptr
 .data.impure_data
                0x20000110      0x428 d:/environment variable/gnu arm embedded toolchain/10 2021.10/bin/../lib/gcc/arm-none-eabi/10.3.1/../../../../arm-none-eabi/lib/thumb/v7e-m/nofp\libc.a(lib_a-impure.o)
 .data.__atexit_recursive_mutex
                0x20000538        0x4 d:/environment variable/gnu arm embedded toolchain/10 2021.10/bin/../lib/gcc/arm-none-eabi/10.3.1/../../../../arm-none-eabi/lib/thumb/v7e-m/nofp\libc.a(lib_a-__call_atexit.o)
                0x20000538                __atexit_recursive_mutex
 .data.__malloc_av_
                0x2000053c      0x408 d:/environment variable/gnu arm embedded toolchain/10 2021.10/bin/../lib/gcc/arm-none-eabi/10.3.1/../../../../arm-none-eabi/lib/thumb/v7e-m/nofp\libc.a(lib_a-mallocr.o)
                0x2000053c                __malloc_av_
 .data.__malloc_sbrk_base
                0x20000944        0x4 d:/environment variable/gnu arm embedded toolchain/10 2021.10/bin/../lib/gcc/arm-none-eabi/10.3.1/../../../../arm-none-eabi/lib/thumb/v7e-m/nofp\libc.a(lib_a-mallocr.o)
                0x20000944                __malloc_sbrk_base
 .data.__malloc_trim_threshold
                0x20000948        0x4 d:/environment variable/gnu arm embedded toolchain/10 2021.10/bin/../lib/gcc/arm-none-eabi/10.3.1/../../../../arm-none-eabi/lib/thumb/v7e-m/nofp\libc.a(lib_a-mallocr.o)
                0x20000948                __malloc_trim_threshold
 .data.__global_locale
                0x2000094c      0x16c d:/environment variable/gnu arm embedded toolchain/10 2021.10/bin/../lib/gcc/arm-none-eabi/10.3.1/../../../../arm-none-eabi/lib/thumb/v7e-m/nofp\libc.a(lib_a-locale.o)
                0x2000094c                __global_locale
                0x20000ab8                . = ALIGN (0x4)
                0x20000ab8                _edata = .
                0x0800a254                _siccmram = LOADADDR (.ccmram)

.igot.plt       0x20000ab8        0x0 load address 0x0800a254
 .igot.plt      0x20000ab8        0x0 d:/environment variable/gnu arm embedded toolchain/10 2021.10/bin/../lib/gcc/arm-none-eabi/10.3.1/thumb/v7e-m/nofp/crtbegin.o

.ccmram         0x10000000        0x0 load address 0x0800a254
                0x10000000                . = ALIGN (0x4)
                0x10000000                _sccmram = .
 *(.ccmram)
 *(.ccmram*)
                0x10000000                . = ALIGN (0x4)
                0x10000000                _eccmram = .
                0x10000000                . = ALIGN (0x4)

.bss            0x20000ab8      0x20c
                0x20000ab8                _sbss = .
                0x20000ab8                __bss_start__ = _sbss
 *(.bss)
 .bss           0x20000ab8       0x1c d:/environment variable/gnu arm embedded toolchain/10 2021.10/bin/../lib/gcc/arm-none-eabi/10.3.1/thumb/v7e-m/nofp/crtbegin.o
 *(.bss*)
 .bss.aRxBuffer
                0x20000ad4        0x1 CMakeFiles/flash_spi.elf.dir/Bsp/USART/bsp_usart.c.obj
                0x20000ad4                aRxBuffer
 *fill*         0x20000ad5        0x3 
 .bss.ReadBuffer
                0x20000ad8      0x100 CMakeFiles/flash_spi.elf.dir/Core/Src/main.c.obj
                0x20000ad8                ReadBuffer
 .bss.hspi1     0x20000bd8       0x58 CMakeFiles/flash_spi.elf.dir/Core/Src/spi.c.obj
                0x20000bd8                hspi1
 .bss.heap_end.0
                0x20000c30        0x4 CMakeFiles/flash_spi.elf.dir/Core/Src/syscalls.c.obj
 .bss.huart1    0x20000c34       0x44 CMakeFiles/flash_spi.elf.dir/Core/Src/usart.c.obj
                0x20000c34                huart1
 .bss.uwTick    0x20000c78        0x4 CMakeFiles/flash_spi.elf.dir/Drivers/STM32F4xx_HAL_Driver/Src/stm32f4xx_hal.c.obj
                0x20000c78                uwTick
 .bss.__lock___atexit_recursive_mutex
                0x20000c7c        0x1 d:/environment variable/gnu arm embedded toolchain/10 2021.10/bin/../lib/gcc/arm-none-eabi/10.3.1/../../../../arm-none-eabi/lib/thumb/v7e-m/nofp\libc.a(lib_a-lock.o)
                0x20000c7c                __lock___atexit_recursive_mutex
 *fill*         0x20000c7d        0x3 
 .bss.__lock___malloc_recursive_mutex
                0x20000c80        0x1 d:/environment variable/gnu arm embedded toolchain/10 2021.10/bin/../lib/gcc/arm-none-eabi/10.3.1/../../../../arm-none-eabi/lib/thumb/v7e-m/nofp\libc.a(lib_a-lock.o)
                0x20000c80                __lock___malloc_recursive_mutex
 *fill*         0x20000c81        0x3 
 .bss.__lock___sfp_recursive_mutex
                0x20000c84        0x1 d:/environment variable/gnu arm embedded toolchain/10 2021.10/bin/../lib/gcc/arm-none-eabi/10.3.1/../../../../arm-none-eabi/lib/thumb/v7e-m/nofp\libc.a(lib_a-lock.o)
                0x20000c84                __lock___sfp_recursive_mutex
 *fill*         0x20000c85        0x3 
 .bss.__lock___sinit_recursive_mutex
                0x20000c88        0x1 d:/environment variable/gnu arm embedded toolchain/10 2021.10/bin/../lib/gcc/arm-none-eabi/10.3.1/../../../../arm-none-eabi/lib/thumb/v7e-m/nofp\libc.a(lib_a-lock.o)
                0x20000c88                __lock___sinit_recursive_mutex
 *fill*         0x20000c89        0x3 
 .bss.__malloc_current_mallinfo
                0x20000c8c       0x28 d:/environment variable/gnu arm embedded toolchain/10 2021.10/bin/../lib/gcc/arm-none-eabi/10.3.1/../../../../arm-none-eabi/lib/thumb/v7e-m/nofp\libc.a(lib_a-mallocr.o)
                0x20000c8c                __malloc_current_mallinfo
 .bss.__malloc_max_sbrked_mem
                0x20000cb4        0x4 d:/environment variable/gnu arm embedded toolchain/10 2021.10/bin/../lib/gcc/arm-none-eabi/10.3.1/../../../../arm-none-eabi/lib/thumb/v7e-m/nofp\libc.a(lib_a-mallocr.o)
                0x20000cb4                __malloc_max_sbrked_mem
 .bss.__malloc_max_total_mem
                0x20000cb8        0x4 d:/environment variable/gnu arm embedded toolchain/10 2021.10/bin/../lib/gcc/arm-none-eabi/10.3.1/../../../../arm-none-eabi/lib/thumb/v7e-m/nofp\libc.a(lib_a-mallocr.o)
                0x20000cb8                __malloc_max_total_mem
 .bss.__malloc_top_pad
                0x20000cbc        0x4 d:/environment variable/gnu arm embedded toolchain/10 2021.10/bin/../lib/gcc/arm-none-eabi/10.3.1/../../../../arm-none-eabi/lib/thumb/v7e-m/nofp\libc.a(lib_a-mallocr.o)
                0x20000cbc                __malloc_top_pad
 .bss.errno     0x20000cc0        0x4 d:/environment variable/gnu arm embedded toolchain/10 2021.10/bin/../lib/gcc/arm-none-eabi/10.3.1/../../../../arm-none-eabi/lib/thumb/v7e-m/nofp\libc.a(lib_a-reent.o)
                0x20000cc0                errno
 *(COMMON)
                0x20000cc4                . = ALIGN (0x4)
                0x20000cc4                _ebss = .
                0x20000cc4                __bss_end__ = _ebss

._user_heap_stack
                0x20000cc4      0x604
                0x20000cc8                . = ALIGN (0x8)
 *fill*         0x20000cc4        0x4 
                0x20000cc8                PROVIDE (end = .)
                [!provide]                PROVIDE (_end = .)
                0x20000ec8                . = (. + _Min_Heap_Size)
 *fill*         0x20000cc8      0x200 
                0x200012c8                . = (. + _Min_Stack_Size)
 *fill*         0x20000ec8      0x400 
                0x200012c8                . = ALIGN (0x8)

/DISCARD/
 libc.a(*)
 libm.a(*)
 libgcc.a(*)

.ARM.attributes
                0x00000000       0x2a
 *(.ARM.attributes)
 .ARM.attributes
                0x00000000       0x1e d:/environment variable/gnu arm embedded toolchain/10 2021.10/bin/../lib/gcc/arm-none-eabi/10.3.1/thumb/v7e-m/nofp/crti.o
 .ARM.attributes
                0x0000001e       0x2e d:/environment variable/gnu arm embedded toolchain/10 2021.10/bin/../lib/gcc/arm-none-eabi/10.3.1/thumb/v7e-m/nofp/crtbegin.o
 .ARM.attributes
                0x0000004c       0x2e CMakeFiles/flash_spi.elf.dir/Bsp/Flash_SPI/bsp_flash_spi.c.obj
 .ARM.attributes
                0x0000007a       0x2e CMakeFiles/flash_spi.elf.dir/Bsp/USART/bsp_usart.c.obj
 .ARM.attributes
                0x000000a8       0x2e CMakeFiles/flash_spi.elf.dir/Core/Src/gpio.c.obj
 .ARM.attributes
                0x000000d6       0x2e CMakeFiles/flash_spi.elf.dir/Core/Src/main.c.obj
 .ARM.attributes
                0x00000104       0x2e CMakeFiles/flash_spi.elf.dir/Core/Src/spi.c.obj
 .ARM.attributes
                0x00000132       0x2e CMakeFiles/flash_spi.elf.dir/Core/Src/stm32f4xx_hal_msp.c.obj
 .ARM.attributes
                0x00000160       0x2e CMakeFiles/flash_spi.elf.dir/Core/Src/stm32f4xx_it.c.obj
 .ARM.attributes
                0x0000018e       0x2e CMakeFiles/flash_spi.elf.dir/Core/Src/syscalls.c.obj
 .ARM.attributes
                0x000001bc       0x2e CMakeFiles/flash_spi.elf.dir/Core/Src/system_stm32f4xx.c.obj
 .ARM.attributes
                0x000001ea       0x2e CMakeFiles/flash_spi.elf.dir/Core/Src/usart.c.obj
 .ARM.attributes
                0x00000218       0x2e CMakeFiles/flash_spi.elf.dir/Drivers/STM32F4xx_HAL_Driver/Src/stm32f4xx_hal.c.obj
 .ARM.attributes
                0x00000246       0x2e CMakeFiles/flash_spi.elf.dir/Drivers/STM32F4xx_HAL_Driver/Src/stm32f4xx_hal_cortex.c.obj
 .ARM.attributes
                0x00000274       0x2e CMakeFiles/flash_spi.elf.dir/Drivers/STM32F4xx_HAL_Driver/Src/stm32f4xx_hal_dma.c.obj
 .ARM.attributes
                0x000002a2       0x2e CMakeFiles/flash_spi.elf.dir/Drivers/STM32F4xx_HAL_Driver/Src/stm32f4xx_hal_gpio.c.obj
 .ARM.attributes
                0x000002d0       0x2e CMakeFiles/flash_spi.elf.dir/Drivers/STM32F4xx_HAL_Driver/Src/stm32f4xx_hal_rcc.c.obj
 .ARM.attributes
                0x000002fe       0x2e CMakeFiles/flash_spi.elf.dir/Drivers/STM32F4xx_HAL_Driver/Src/stm32f4xx_hal_spi.c.obj
 .ARM.attributes
                0x0000032c       0x2e CMakeFiles/flash_spi.elf.dir/Drivers/STM32F4xx_HAL_Driver/Src/stm32f4xx_hal_uart.c.obj
 .ARM.attributes
                0x0000035a       0x21 CMakeFiles/flash_spi.elf.dir/startup/startup_stm32f407xx.s.obj
 .ARM.attributes
                0x0000037b       0x1e d:/environment variable/gnu arm embedded toolchain/10 2021.10/bin/../lib/gcc/arm-none-eabi/10.3.1/thumb/v7e-m/nofp\libgcc.a(_aeabi_uldivmod.o)
 .ARM.attributes
                0x00000399       0x2e d:/environment variable/gnu arm embedded toolchain/10 2021.10/bin/../lib/gcc/arm-none-eabi/10.3.1/thumb/v7e-m/nofp\libgcc.a(_udivmoddi4.o)
 .ARM.attributes
                0x000003c7       0x1e d:/environment variable/gnu arm embedded toolchain/10 2021.10/bin/../lib/gcc/arm-none-eabi/10.3.1/thumb/v7e-m/nofp\libgcc.a(_dvmd_tls.o)
 .ARM.attributes
                0x000003e5       0x2e d:/environment variable/gnu arm embedded toolchain/10 2021.10/bin/../lib/gcc/arm-none-eabi/10.3.1/../../../../arm-none-eabi/lib/thumb/v7e-m/nofp\libc.a(lib_a-errno.o)
 .ARM.attributes
                0x00000413       0x2e d:/environment variable/gnu arm embedded toolchain/10 2021.10/bin/../lib/gcc/arm-none-eabi/10.3.1/../../../../arm-none-eabi/lib/thumb/v7e-m/nofp\libc.a(lib_a-impure.o)
 .ARM.attributes
                0x00000441       0x2e d:/environment variable/gnu arm embedded toolchain/10 2021.10/bin/../lib/gcc/arm-none-eabi/10.3.1/../../../../arm-none-eabi/lib/thumb/v7e-m/nofp\libc.a(lib_a-init.o)
 .ARM.attributes
                0x0000046f       0x2e d:/environment variable/gnu arm embedded toolchain/10 2021.10/bin/../lib/gcc/arm-none-eabi/10.3.1/../../../../arm-none-eabi/lib/thumb/v7e-m/nofp\libc.a(lib_a-memset.o)
 .ARM.attributes
                0x0000049d       0x2e d:/environment variable/gnu arm embedded toolchain/10 2021.10/bin/../lib/gcc/arm-none-eabi/10.3.1/../../../../arm-none-eabi/lib/thumb/v7e-m/nofp\libc.a(lib_a-printf.o)
 .ARM.attributes
                0x000004cb       0x2e d:/environment variable/gnu arm embedded toolchain/10 2021.10/bin/../lib/gcc/arm-none-eabi/10.3.1/../../../../arm-none-eabi/lib/thumb/v7e-m/nofp\libc.a(lib_a-puts.o)
 .ARM.attributes
                0x000004f9       0x1c d:/environment variable/gnu arm embedded toolchain/10 2021.10/bin/../lib/gcc/arm-none-eabi/10.3.1/../../../../arm-none-eabi/lib/thumb/v7e-m/nofp\libc.a(lib_a-strlen.o)
 .ARM.attributes
                0x00000515       0x2e d:/environment variable/gnu arm embedded toolchain/10 2021.10/bin/../lib/gcc/arm-none-eabi/10.3.1/../../../../arm-none-eabi/lib/thumb/v7e-m/nofp\libc.a(lib_a-vfprintf.o)
 .ARM.attributes
                0x00000543       0x2e d:/environment variable/gnu arm embedded toolchain/10 2021.10/bin/../lib/gcc/arm-none-eabi/10.3.1/../../../../arm-none-eabi/lib/thumb/v7e-m/nofp\libc.a(lib_a-wsetup.o)
 .ARM.attributes
                0x00000571       0x2e d:/environment variable/gnu arm embedded toolchain/10 2021.10/bin/../lib/gcc/arm-none-eabi/10.3.1/../../../../arm-none-eabi/lib/thumb/v7e-m/nofp\libc.a(lib_a-__call_atexit.o)
 .ARM.attributes
                0x0000059f       0x2e d:/environment variable/gnu arm embedded toolchain/10 2021.10/bin/../lib/gcc/arm-none-eabi/10.3.1/../../../../arm-none-eabi/lib/thumb/v7e-m/nofp\libc.a(lib_a-atexit.o)
 .ARM.attributes
                0x000005cd       0x2e d:/environment variable/gnu arm embedded toolchain/10 2021.10/bin/../lib/gcc/arm-none-eabi/10.3.1/../../../../arm-none-eabi/lib/thumb/v7e-m/nofp\libc.a(lib_a-dtoa.o)
 .ARM.attributes
                0x000005fb       0x2e d:/environment variable/gnu arm embedded toolchain/10 2021.10/bin/../lib/gcc/arm-none-eabi/10.3.1/../../../../arm-none-eabi/lib/thumb/v7e-m/nofp\libc.a(lib_a-fflush.o)
 .ARM.attributes
                0x00000629       0x2e d:/environment variable/gnu arm embedded toolchain/10 2021.10/bin/../lib/gcc/arm-none-eabi/10.3.1/../../../../arm-none-eabi/lib/thumb/v7e-m/nofp\libc.a(lib_a-findfp.o)
 .ARM.attributes
                0x00000657       0x2e d:/environment variable/gnu arm embedded toolchain/10 2021.10/bin/../lib/gcc/arm-none-eabi/10.3.1/../../../../arm-none-eabi/lib/thumb/v7e-m/nofp\libc.a(lib_a-fini.o)
 .ARM.attributes
                0x00000685       0x2e d:/environment variable/gnu arm embedded toolchain/10 2021.10/bin/../lib/gcc/arm-none-eabi/10.3.1/../../../../arm-none-eabi/lib/thumb/v7e-m/nofp\libc.a(lib_a-freer.o)
 .ARM.attributes
                0x000006b3       0x2e d:/environment variable/gnu arm embedded toolchain/10 2021.10/bin/../lib/gcc/arm-none-eabi/10.3.1/../../../../arm-none-eabi/lib/thumb/v7e-m/nofp\libc.a(lib_a-fvwrite.o)
 .ARM.attributes
                0x000006e1       0x2e d:/environment variable/gnu arm embedded toolchain/10 2021.10/bin/../lib/gcc/arm-none-eabi/10.3.1/../../../../arm-none-eabi/lib/thumb/v7e-m/nofp\libc.a(lib_a-fwalk.o)
 .ARM.attributes
                0x0000070f       0x2e d:/environment variable/gnu arm embedded toolchain/10 2021.10/bin/../lib/gcc/arm-none-eabi/10.3.1/../../../../arm-none-eabi/lib/thumb/v7e-m/nofp\libc.a(lib_a-localeconv.o)
 .ARM.attributes
                0x0000073d       0x2e d:/environment variable/gnu arm embedded toolchain/10 2021.10/bin/../lib/gcc/arm-none-eabi/10.3.1/../../../../arm-none-eabi/lib/thumb/v7e-m/nofp\libc.a(lib_a-lock.o)
 .ARM.attributes
                0x0000076b       0x2e d:/environment variable/gnu arm embedded toolchain/10 2021.10/bin/../lib/gcc/arm-none-eabi/10.3.1/../../../../arm-none-eabi/lib/thumb/v7e-m/nofp\libc.a(lib_a-makebuf.o)
 .ARM.attributes
                0x00000799       0x2e d:/environment variable/gnu arm embedded toolchain/10 2021.10/bin/../lib/gcc/arm-none-eabi/10.3.1/../../../../arm-none-eabi/lib/thumb/v7e-m/nofp\libc.a(lib_a-mallocr.o)
 .ARM.attributes
                0x000007c7       0x1c d:/environment variable/gnu arm embedded toolchain/10 2021.10/bin/../lib/gcc/arm-none-eabi/10.3.1/../../../../arm-none-eabi/lib/thumb/v7e-m/nofp\libc.a(lib_a-memchr.o)
 .ARM.attributes
                0x000007e3       0x1c d:/environment variable/gnu arm embedded toolchain/10 2021.10/bin/../lib/gcc/arm-none-eabi/10.3.1/../../../../arm-none-eabi/lib/thumb/v7e-m/nofp\libc.a(lib_a-memcpy.o)
 .ARM.attributes
                0x000007ff       0x2e d:/environment variable/gnu arm embedded toolchain/10 2021.10/bin/../lib/gcc/arm-none-eabi/10.3.1/../../../../arm-none-eabi/lib/thumb/v7e-m/nofp\libc.a(lib_a-memmove.o)
 .ARM.attributes
                0x0000082d       0x2e d:/environment variable/gnu arm embedded toolchain/10 2021.10/bin/../lib/gcc/arm-none-eabi/10.3.1/../../../../arm-none-eabi/lib/thumb/v7e-m/nofp\libc.a(lib_a-mlock.o)
 .ARM.attributes
                0x0000085b       0x2e d:/environment variable/gnu arm embedded toolchain/10 2021.10/bin/../lib/gcc/arm-none-eabi/10.3.1/../../../../arm-none-eabi/lib/thumb/v7e-m/nofp\libc.a(lib_a-mprec.o)
 .ARM.attributes
                0x00000889       0x2e d:/environment variable/gnu arm embedded toolchain/10 2021.10/bin/../lib/gcc/arm-none-eabi/10.3.1/../../../../arm-none-eabi/lib/thumb/v7e-m/nofp\libc.a(lib_a-reallocr.o)
 .ARM.attributes
                0x000008b7       0x2e d:/environment variable/gnu arm embedded toolchain/10 2021.10/bin/../lib/gcc/arm-none-eabi/10.3.1/../../../../arm-none-eabi/lib/thumb/v7e-m/nofp\libc.a(lib_a-s_frexp.o)
 .ARM.attributes
                0x000008e5       0x2e d:/environment variable/gnu arm embedded toolchain/10 2021.10/bin/../lib/gcc/arm-none-eabi/10.3.1/../../../../arm-none-eabi/lib/thumb/v7e-m/nofp\libc.a(lib_a-sbrkr.o)
 .ARM.attributes
                0x00000913       0x2e d:/environment variable/gnu arm embedded toolchain/10 2021.10/bin/../lib/gcc/arm-none-eabi/10.3.1/../../../../arm-none-eabi/lib/thumb/v7e-m/nofp\libc.a(lib_a-stdio.o)
 .ARM.attributes
                0x00000941       0x2e d:/environment variable/gnu arm embedded toolchain/10 2021.10/bin/../lib/gcc/arm-none-eabi/10.3.1/../../../../arm-none-eabi/lib/thumb/v7e-m/nofp\libc.a(lib_a-strncpy.o)
 .ARM.attributes
                0x0000096f       0x2e d:/environment variable/gnu arm embedded toolchain/10 2021.10/bin/../lib/gcc/arm-none-eabi/10.3.1/../../../../arm-none-eabi/lib/thumb/v7e-m/nofp\libc.a(lib_a-vfiprintf.o)
 .ARM.attributes
                0x0000099d       0x2e d:/environment variable/gnu arm embedded toolchain/10 2021.10/bin/../lib/gcc/arm-none-eabi/10.3.1/../../../../arm-none-eabi/lib/thumb/v7e-m/nofp\libc.a(lib_a-writer.o)
 .ARM.attributes
                0x000009cb       0x2e d:/environment variable/gnu arm embedded toolchain/10 2021.10/bin/../lib/gcc/arm-none-eabi/10.3.1/../../../../arm-none-eabi/lib/thumb/v7e-m/nofp\libc.a(lib_a-__atexit.o)
 .ARM.attributes
                0x000009f9       0x2e d:/environment variable/gnu arm embedded toolchain/10 2021.10/bin/../lib/gcc/arm-none-eabi/10.3.1/../../../../arm-none-eabi/lib/thumb/v7e-m/nofp\libc.a(lib_a-assert.o)
 .ARM.attributes
                0x00000a27       0x2e d:/environment variable/gnu arm embedded toolchain/10 2021.10/bin/../lib/gcc/arm-none-eabi/10.3.1/../../../../arm-none-eabi/lib/thumb/v7e-m/nofp\libc.a(lib_a-callocr.o)
 .ARM.attributes
                0x00000a55       0x2e d:/environment variable/gnu arm embedded toolchain/10 2021.10/bin/../lib/gcc/arm-none-eabi/10.3.1/../../../../arm-none-eabi/lib/thumb/v7e-m/nofp\libc.a(lib_a-closer.o)
 .ARM.attributes
                0x00000a83       0x2e d:/environment variable/gnu arm embedded toolchain/10 2021.10/bin/../lib/gcc/arm-none-eabi/10.3.1/../../../../arm-none-eabi/lib/thumb/v7e-m/nofp\libc.a(lib_a-fclose.o)
 .ARM.attributes
                0x00000ab1       0x2e d:/environment variable/gnu arm embedded toolchain/10 2021.10/bin/../lib/gcc/arm-none-eabi/10.3.1/../../../../arm-none-eabi/lib/thumb/v7e-m/nofp\libc.a(lib_a-fiprintf.o)
 .ARM.attributes
                0x00000adf       0x2e d:/environment variable/gnu arm embedded toolchain/10 2021.10/bin/../lib/gcc/arm-none-eabi/10.3.1/../../../../arm-none-eabi/lib/thumb/v7e-m/nofp\libc.a(lib_a-fputwc.o)
 .ARM.attributes
                0x00000b0d       0x2e d:/environment variable/gnu arm embedded toolchain/10 2021.10/bin/../lib/gcc/arm-none-eabi/10.3.1/../../../../arm-none-eabi/lib/thumb/v7e-m/nofp\libc.a(lib_a-fstatr.o)
 .ARM.attributes
                0x00000b3b       0x2e d:/environment variable/gnu arm embedded toolchain/10 2021.10/bin/../lib/gcc/arm-none-eabi/10.3.1/../../../../arm-none-eabi/lib/thumb/v7e-m/nofp\libc.a(lib_a-isattyr.o)
 .ARM.attributes
                0x00000b69       0x2e d:/environment variable/gnu arm embedded toolchain/10 2021.10/bin/../lib/gcc/arm-none-eabi/10.3.1/../../../../arm-none-eabi/lib/thumb/v7e-m/nofp\libc.a(lib_a-locale.o)
 .ARM.attributes
                0x00000b97       0x2e d:/environment variable/gnu arm embedded toolchain/10 2021.10/bin/../lib/gcc/arm-none-eabi/10.3.1/../../../../arm-none-eabi/lib/thumb/v7e-m/nofp\libc.a(lib_a-lseekr.o)
 .ARM.attributes
                0x00000bc5       0x2e d:/environment variable/gnu arm embedded toolchain/10 2021.10/bin/../lib/gcc/arm-none-eabi/10.3.1/../../../../arm-none-eabi/lib/thumb/v7e-m/nofp\libc.a(lib_a-mbtowc_r.o)
 .ARM.attributes
                0x00000bf3       0x2e d:/environment variable/gnu arm embedded toolchain/10 2021.10/bin/../lib/gcc/arm-none-eabi/10.3.1/../../../../arm-none-eabi/lib/thumb/v7e-m/nofp\libc.a(lib_a-readr.o)
 .ARM.attributes
                0x00000c21       0x2e d:/environment variable/gnu arm embedded toolchain/10 2021.10/bin/../lib/gcc/arm-none-eabi/10.3.1/../../../../arm-none-eabi/lib/thumb/v7e-m/nofp\libc.a(lib_a-reent.o)
 .ARM.attributes
                0x00000c4f       0x2e d:/environment variable/gnu arm embedded toolchain/10 2021.10/bin/../lib/gcc/arm-none-eabi/10.3.1/../../../../arm-none-eabi/lib/thumb/v7e-m/nofp\libc.a(lib_a-wbuf.o)
 .ARM.attributes
                0x00000c7d       0x2e d:/environment variable/gnu arm embedded toolchain/10 2021.10/bin/../lib/gcc/arm-none-eabi/10.3.1/../../../../arm-none-eabi/lib/thumb/v7e-m/nofp\libc.a(lib_a-wcrtomb.o)
 .ARM.attributes
                0x00000cab       0x2e d:/environment variable/gnu arm embedded toolchain/10 2021.10/bin/../lib/gcc/arm-none-eabi/10.3.1/../../../../arm-none-eabi/lib/thumb/v7e-m/nofp\libc.a(lib_a-wctomb_r.o)
 .ARM.attributes
                0x00000cd9       0x2e d:/environment variable/gnu arm embedded toolchain/10 2021.10/bin/../lib/gcc/arm-none-eabi/10.3.1/../../../../arm-none-eabi/lib/thumb/v7e-m/nofp\libc.a(lib_a-abort.o)
 .ARM.attributes
                0x00000d07       0x2e d:/environment variable/gnu arm embedded toolchain/10 2021.10/bin/../lib/gcc/arm-none-eabi/10.3.1/../../../../arm-none-eabi/lib/thumb/v7e-m/nofp\libc.a(lib_a-ctype_.o)
 .ARM.attributes
                0x00000d35       0x2e d:/environment variable/gnu arm embedded toolchain/10 2021.10/bin/../lib/gcc/arm-none-eabi/10.3.1/../../../../arm-none-eabi/lib/thumb/v7e-m/nofp\libc.a(lib_a-signal.o)
 .ARM.attributes
                0x00000d63       0x2e d:/environment variable/gnu arm embedded toolchain/10 2021.10/bin/../lib/gcc/arm-none-eabi/10.3.1/../../../../arm-none-eabi/lib/thumb/v7e-m/nofp\libc.a(lib_a-signalr.o)
 .ARM.attributes
                0x00000d91       0x1e d:/environment variable/gnu arm embedded toolchain/10 2021.10/bin/../lib/gcc/arm-none-eabi/10.3.1/thumb/v7e-m/nofp\libgcc.a(_arm_addsubdf3.o)
 .ARM.attributes
                0x00000daf       0x1e d:/environment variable/gnu arm embedded toolchain/10 2021.10/bin/../lib/gcc/arm-none-eabi/10.3.1/thumb/v7e-m/nofp\libgcc.a(_arm_muldivdf3.o)
 .ARM.attributes
                0x00000dcd       0x1e d:/environment variable/gnu arm embedded toolchain/10 2021.10/bin/../lib/gcc/arm-none-eabi/10.3.1/thumb/v7e-m/nofp\libgcc.a(_arm_cmpdf2.o)
 .ARM.attributes
                0x00000deb       0x1e d:/environment variable/gnu arm embedded toolchain/10 2021.10/bin/../lib/gcc/arm-none-eabi/10.3.1/thumb/v7e-m/nofp\libgcc.a(_arm_unorddf2.o)
 .ARM.attributes
                0x00000e09       0x1e d:/environment variable/gnu arm embedded toolchain/10 2021.10/bin/../lib/gcc/arm-none-eabi/10.3.1/thumb/v7e-m/nofp\libgcc.a(_arm_fixdfsi.o)
 .ARM.attributes
                0x00000e27       0x1e d:/environment variable/gnu arm embedded toolchain/10 2021.10/bin/../lib/gcc/arm-none-eabi/10.3.1/thumb/v7e-m/nofp/crtn.o
OUTPUT(flash_spi.elf elf32-littlearm)
LOAD linker stubs
LOAD d:/environment variable/gnu arm embedded toolchain/10 2021.10/bin/../lib/gcc/arm-none-eabi/10.3.1/../../../../arm-none-eabi/lib/thumb/v7e-m/nofp\libc.a
LOAD d:/environment variable/gnu arm embedded toolchain/10 2021.10/bin/../lib/gcc/arm-none-eabi/10.3.1/../../../../arm-none-eabi/lib/thumb/v7e-m/nofp\libm.a
LOAD d:/environment variable/gnu arm embedded toolchain/10 2021.10/bin/../lib/gcc/arm-none-eabi/10.3.1/thumb/v7e-m/nofp\libgcc.a

.debug_info     0x00000000     0xeab6
 .debug_info    0x00000000      0xd64 CMakeFiles/flash_spi.elf.dir/Bsp/Flash_SPI/bsp_flash_spi.c.obj
 .debug_info    0x00000d64      0x678 CMakeFiles/flash_spi.elf.dir/Bsp/USART/bsp_usart.c.obj
 .debug_info    0x000013dc      0x4ba CMakeFiles/flash_spi.elf.dir/Core/Src/gpio.c.obj
 .debug_info    0x00001896      0xd3f CMakeFiles/flash_spi.elf.dir/Core/Src/main.c.obj
 .debug_info    0x000025d5      0xa1f CMakeFiles/flash_spi.elf.dir/Core/Src/spi.c.obj
 .debug_info    0x00002ff4      0x2ab CMakeFiles/flash_spi.elf.dir/Core/Src/stm32f4xx_hal_msp.c.obj
 .debug_info    0x0000329f      0x67c CMakeFiles/flash_spi.elf.dir/Core/Src/stm32f4xx_it.c.obj
 .debug_info    0x0000391b      0x835 CMakeFiles/flash_spi.elf.dir/Core/Src/syscalls.c.obj
 .debug_info    0x00004150      0x37d CMakeFiles/flash_spi.elf.dir/Core/Src/system_stm32f4xx.c.obj
 .debug_info    0x000044cd      0xc69 CMakeFiles/flash_spi.elf.dir/Core/Src/usart.c.obj
 .debug_info    0x00005136      0x9f0 CMakeFiles/flash_spi.elf.dir/Drivers/STM32F4xx_HAL_Driver/Src/stm32f4xx_hal.c.obj
 .debug_info    0x00005b26     0x1098 CMakeFiles/flash_spi.elf.dir/Drivers/STM32F4xx_HAL_Driver/Src/stm32f4xx_hal_cortex.c.obj
 .debug_info    0x00006bbe      0xb3f CMakeFiles/flash_spi.elf.dir/Drivers/STM32F4xx_HAL_Driver/Src/stm32f4xx_hal_dma.c.obj
 .debug_info    0x000076fd      0x7b0 CMakeFiles/flash_spi.elf.dir/Drivers/STM32F4xx_HAL_Driver/Src/stm32f4xx_hal_gpio.c.obj
 .debug_info    0x00007ead      0xb03 CMakeFiles/flash_spi.elf.dir/Drivers/STM32F4xx_HAL_Driver/Src/stm32f4xx_hal_rcc.c.obj
 .debug_info    0x000089b0     0x1e96 CMakeFiles/flash_spi.elf.dir/Drivers/STM32F4xx_HAL_Driver/Src/stm32f4xx_hal_spi.c.obj
 .debug_info    0x0000a846     0x424e CMakeFiles/flash_spi.elf.dir/Drivers/STM32F4xx_HAL_Driver/Src/stm32f4xx_hal_uart.c.obj
 .debug_info    0x0000ea94       0x22 CMakeFiles/flash_spi.elf.dir/startup/startup_stm32f407xx.s.obj

.debug_abbrev   0x00000000     0x2204
 .debug_abbrev  0x00000000      0x1e0 CMakeFiles/flash_spi.elf.dir/Bsp/Flash_SPI/bsp_flash_spi.c.obj
 .debug_abbrev  0x000001e0      0x1c6 CMakeFiles/flash_spi.elf.dir/Bsp/USART/bsp_usart.c.obj
 .debug_abbrev  0x000003a6      0x14e CMakeFiles/flash_spi.elf.dir/Core/Src/gpio.c.obj
 .debug_abbrev  0x000004f4      0x220 CMakeFiles/flash_spi.elf.dir/Core/Src/main.c.obj
 .debug_abbrev  0x00000714      0x1d3 CMakeFiles/flash_spi.elf.dir/Core/Src/spi.c.obj
 .debug_abbrev  0x000008e7       0xd1 CMakeFiles/flash_spi.elf.dir/Core/Src/stm32f4xx_hal_msp.c.obj
 .debug_abbrev  0x000009b8      0x16e CMakeFiles/flash_spi.elf.dir/Core/Src/stm32f4xx_it.c.obj
 .debug_abbrev  0x00000b26      0x1da CMakeFiles/flash_spi.elf.dir/Core/Src/syscalls.c.obj
 .debug_abbrev  0x00000d00      0x119 CMakeFiles/flash_spi.elf.dir/Core/Src/system_stm32f4xx.c.obj
 .debug_abbrev  0x00000e19      0x1e3 CMakeFiles/flash_spi.elf.dir/Core/Src/usart.c.obj
 .debug_abbrev  0x00000ffc      0x206 CMakeFiles/flash_spi.elf.dir/Drivers/STM32F4xx_HAL_Driver/Src/stm32f4xx_hal.c.obj
 .debug_abbrev  0x00001202      0x36a CMakeFiles/flash_spi.elf.dir/Drivers/STM32F4xx_HAL_Driver/Src/stm32f4xx_hal_cortex.c.obj
 .debug_abbrev  0x0000156c      0x2c2 CMakeFiles/flash_spi.elf.dir/Drivers/STM32F4xx_HAL_Driver/Src/stm32f4xx_hal_dma.c.obj
 .debug_abbrev  0x0000182e      0x1ef CMakeFiles/flash_spi.elf.dir/Drivers/STM32F4xx_HAL_Driver/Src/stm32f4xx_hal_gpio.c.obj
 .debug_abbrev  0x00001a1d      0x28a CMakeFiles/flash_spi.elf.dir/Drivers/STM32F4xx_HAL_Driver/Src/stm32f4xx_hal_rcc.c.obj
 .debug_abbrev  0x00001ca7      0x24e CMakeFiles/flash_spi.elf.dir/Drivers/STM32F4xx_HAL_Driver/Src/stm32f4xx_hal_spi.c.obj
 .debug_abbrev  0x00001ef5      0x2fd CMakeFiles/flash_spi.elf.dir/Drivers/STM32F4xx_HAL_Driver/Src/stm32f4xx_hal_uart.c.obj
 .debug_abbrev  0x000021f2       0x12 CMakeFiles/flash_spi.elf.dir/startup/startup_stm32f407xx.s.obj

.debug_loc      0x00000000     0x9108
 .debug_loc     0x00000000      0x368 CMakeFiles/flash_spi.elf.dir/Bsp/Flash_SPI/bsp_flash_spi.c.obj
 .debug_loc     0x00000368       0x48 CMakeFiles/flash_spi.elf.dir/Bsp/USART/bsp_usart.c.obj
 .debug_loc     0x000003b0       0x84 CMakeFiles/flash_spi.elf.dir/Core/Src/spi.c.obj
 .debug_loc     0x00000434      0x436 CMakeFiles/flash_spi.elf.dir/Core/Src/syscalls.c.obj
 .debug_loc     0x0000086a      0x158 CMakeFiles/flash_spi.elf.dir/Core/Src/system_stm32f4xx.c.obj
 .debug_loc     0x000009c2       0x84 CMakeFiles/flash_spi.elf.dir/Core/Src/usart.c.obj
 .debug_loc     0x00000a46      0x141 CMakeFiles/flash_spi.elf.dir/Drivers/STM32F4xx_HAL_Driver/Src/stm32f4xx_hal.c.obj
 .debug_loc     0x00000b87      0x744 CMakeFiles/flash_spi.elf.dir/Drivers/STM32F4xx_HAL_Driver/Src/stm32f4xx_hal_cortex.c.obj
 .debug_loc     0x000012cb      0xbf9 CMakeFiles/flash_spi.elf.dir/Drivers/STM32F4xx_HAL_Driver/Src/stm32f4xx_hal_dma.c.obj
 .debug_loc     0x00001ec4      0x520 CMakeFiles/flash_spi.elf.dir/Drivers/STM32F4xx_HAL_Driver/Src/stm32f4xx_hal_gpio.c.obj
 .debug_loc     0x000023e4      0x58c CMakeFiles/flash_spi.elf.dir/Drivers/STM32F4xx_HAL_Driver/Src/stm32f4xx_hal_rcc.c.obj
 .debug_loc     0x00002970     0x1ded CMakeFiles/flash_spi.elf.dir/Drivers/STM32F4xx_HAL_Driver/Src/stm32f4xx_hal_spi.c.obj
 .debug_loc     0x0000475d     0x49ab CMakeFiles/flash_spi.elf.dir/Drivers/STM32F4xx_HAL_Driver/Src/stm32f4xx_hal_uart.c.obj

.debug_aranges  0x00000000      0x998
 .debug_aranges
                0x00000000       0x60 CMakeFiles/flash_spi.elf.dir/Bsp/Flash_SPI/bsp_flash_spi.c.obj
 .debug_aranges
                0x00000060       0x28 CMakeFiles/flash_spi.elf.dir/Bsp/USART/bsp_usart.c.obj
 .debug_aranges
                0x00000088       0x20 CMakeFiles/flash_spi.elf.dir/Core/Src/gpio.c.obj
 .debug_aranges
                0x000000a8       0x30 CMakeFiles/flash_spi.elf.dir/Core/Src/main.c.obj
 .debug_aranges
                0x000000d8       0x30 CMakeFiles/flash_spi.elf.dir/Core/Src/spi.c.obj
 .debug_aranges
                0x00000108       0x20 CMakeFiles/flash_spi.elf.dir/Core/Src/stm32f4xx_hal_msp.c.obj
 .debug_aranges
                0x00000128       0x68 CMakeFiles/flash_spi.elf.dir/Core/Src/stm32f4xx_it.c.obj
 .debug_aranges
                0x00000190       0xb0 CMakeFiles/flash_spi.elf.dir/Core/Src/syscalls.c.obj
 .debug_aranges
                0x00000240       0x28 CMakeFiles/flash_spi.elf.dir/Core/Src/system_stm32f4xx.c.obj
 .debug_aranges
                0x00000268       0x30 CMakeFiles/flash_spi.elf.dir/Core/Src/usart.c.obj
 .debug_aranges
                0x00000298       0xf0 CMakeFiles/flash_spi.elf.dir/Drivers/STM32F4xx_HAL_Driver/Src/stm32f4xx_hal.c.obj
 .debug_aranges
                0x00000388       0xa8 CMakeFiles/flash_spi.elf.dir/Drivers/STM32F4xx_HAL_Driver/Src/stm32f4xx_hal_cortex.c.obj
 .debug_aranges
                0x00000430       0x90 CMakeFiles/flash_spi.elf.dir/Drivers/STM32F4xx_HAL_Driver/Src/stm32f4xx_hal_dma.c.obj
 .debug_aranges
                0x000004c0       0x58 CMakeFiles/flash_spi.elf.dir/Drivers/STM32F4xx_HAL_Driver/Src/stm32f4xx_hal_gpio.c.obj
 .debug_aranges
                0x00000518       0x88 CMakeFiles/flash_spi.elf.dir/Drivers/STM32F4xx_HAL_Driver/Src/stm32f4xx_hal_rcc.c.obj
 .debug_aranges
                0x000005a0      0x1d0 CMakeFiles/flash_spi.elf.dir/Drivers/STM32F4xx_HAL_Driver/Src/stm32f4xx_hal_spi.c.obj
 .debug_aranges
                0x00000770      0x200 CMakeFiles/flash_spi.elf.dir/Drivers/STM32F4xx_HAL_Driver/Src/stm32f4xx_hal_uart.c.obj
 .debug_aranges
                0x00000970       0x28 CMakeFiles/flash_spi.elf.dir/startup/startup_stm32f407xx.s.obj

.debug_ranges   0x00000000      0x910
 .debug_ranges  0x00000000       0x50 CMakeFiles/flash_spi.elf.dir/Bsp/Flash_SPI/bsp_flash_spi.c.obj
 .debug_ranges  0x00000050       0x18 CMakeFiles/flash_spi.elf.dir/Bsp/USART/bsp_usart.c.obj
 .debug_ranges  0x00000068       0x10 CMakeFiles/flash_spi.elf.dir/Core/Src/gpio.c.obj
 .debug_ranges  0x00000078       0x20 CMakeFiles/flash_spi.elf.dir/Core/Src/main.c.obj
 .debug_ranges  0x00000098       0x20 CMakeFiles/flash_spi.elf.dir/Core/Src/spi.c.obj
 .debug_ranges  0x000000b8       0x10 CMakeFiles/flash_spi.elf.dir/Core/Src/stm32f4xx_hal_msp.c.obj
 .debug_ranges  0x000000c8       0x58 CMakeFiles/flash_spi.elf.dir/Core/Src/stm32f4xx_it.c.obj
 .debug_ranges  0x00000120       0xa0 CMakeFiles/flash_spi.elf.dir/Core/Src/syscalls.c.obj
 .debug_ranges  0x000001c0       0x18 CMakeFiles/flash_spi.elf.dir/Core/Src/system_stm32f4xx.c.obj
 .debug_ranges  0x000001d8       0x20 CMakeFiles/flash_spi.elf.dir/Core/Src/usart.c.obj
 .debug_ranges  0x000001f8       0xe0 CMakeFiles/flash_spi.elf.dir/Drivers/STM32F4xx_HAL_Driver/Src/stm32f4xx_hal.c.obj
 .debug_ranges  0x000002d8       0xf8 CMakeFiles/flash_spi.elf.dir/Drivers/STM32F4xx_HAL_Driver/Src/stm32f4xx_hal_cortex.c.obj
 .debug_ranges  0x000003d0       0x80 CMakeFiles/flash_spi.elf.dir/Drivers/STM32F4xx_HAL_Driver/Src/stm32f4xx_hal_dma.c.obj